Archive member included to satisfy reference by file (symbol)

/opt/devkitpro/libgba/lib/libmm.a(mm_mas.o)
                              bn_hw_audio.bn_noflto.o (mmStart)
/opt/devkitpro/libgba/lib/libmm.a(mm_main.o)
                              /opt/devkitpro/libgba/lib/libmm.a(mm_mas.o) (mmCallback)
/opt/devkitpro/libgba/lib/libmm.a(mm_effect.o)
                              bn_hw_audio.bn_noflto.o (mmEffect)
/opt/devkitpro/libgba/lib/libmm.a(mm_mas_arm.o)
                              /opt/devkitpro/libgba/lib/libmm.a(mm_mas.o) (mmAllocChannel)
/opt/devkitpro/libgba/lib/libmm.a(mm_mixer_gba.o)
                              bn_hw_audio.bn_noflto.o (mmVBlank)
/opt/devkitpro/libgba/lib/libmm.a(mm_main_gba.o)
                              /opt/devkitpro/libgba/lib/libmm.a(mm_mixer_gba.o) (mm_vblank_function)
/opt/devkitpro/devkitARM/bin/../lib/gcc/arm-none-eabi/12.2.0/thumb/libgcc.a(_call_via_rX.o)
                              /opt/devkitpro/libgba/lib/libmm.a(mm_main_gba.o) (_call_via_r1)
/opt/devkitpro/devkitARM/bin/../lib/gcc/arm-none-eabi/12.2.0/thumb/libgcc.a(_aeabi_ldivmod.o)
                              bn_hw_text.o (__aeabi_ldivmod)
/opt/devkitpro/devkitARM/bin/../lib/gcc/arm-none-eabi/12.2.0/thumb/libgcc.a(_aeabi_uldivmod.o)
                              bn_hw_text.o (__aeabi_uldivmod)
/opt/devkitpro/devkitARM/bin/../lib/gcc/arm-none-eabi/12.2.0/thumb/libgcc.a(_udivmoddi4.o)
                              /opt/devkitpro/devkitARM/bin/../lib/gcc/arm-none-eabi/12.2.0/thumb/libgcc.a(_aeabi_ldivmod.o) (__udivmoddi4)
/opt/devkitpro/devkitARM/bin/../lib/gcc/arm-none-eabi/12.2.0/../../../../arm-none-eabi/lib/thumb/libg.a(lib_a-init.o)
                              /opt/devkitpro/devkitARM/bin/../lib/gcc/arm-none-eabi/12.2.0/../../../../arm-none-eabi/lib/thumb/gba_crt0.o (__libc_init_array)
/opt/devkitpro/devkitARM/bin/../lib/gcc/arm-none-eabi/12.2.0/../../../../arm-none-eabi/lib/thumb/libg.a(lib_a-memcmp.o)
                              pk_scenemanager.o (memcmp)
/opt/devkitpro/devkitARM/bin/../lib/gcc/arm-none-eabi/12.2.0/../../../../arm-none-eabi/lib/thumb/libsysbase.a(malloc_vars.o)
                              /opt/devkitpro/devkitARM/bin/../lib/gcc/arm-none-eabi/12.2.0/../../../../arm-none-eabi/lib/thumb/gba_crt0.o (fake_heap_end)

Discarded input sections

 .text          0x0000000000000000        0x0 /opt/devkitpro/devkitARM/bin/../lib/gcc/arm-none-eabi/12.2.0/../../../../arm-none-eabi/lib/thumb/gba_crt0.o
 .data          0x0000000000000000        0x0 /opt/devkitpro/devkitARM/bin/../lib/gcc/arm-none-eabi/12.2.0/../../../../arm-none-eabi/lib/thumb/gba_crt0.o
 .bss           0x0000000000000000        0x0 /opt/devkitpro/devkitARM/bin/../lib/gcc/arm-none-eabi/12.2.0/../../../../arm-none-eabi/lib/thumb/gba_crt0.o
 .text          0x0000000000000000        0x0 /opt/devkitpro/devkitARM/bin/../lib/gcc/arm-none-eabi/12.2.0/thumb/crti.o
 .data          0x0000000000000000        0x0 /opt/devkitpro/devkitARM/bin/../lib/gcc/arm-none-eabi/12.2.0/thumb/crti.o
 .bss           0x0000000000000000        0x0 /opt/devkitpro/devkitARM/bin/../lib/gcc/arm-none-eabi/12.2.0/thumb/crti.o
 .text          0x0000000000000000        0x0 /opt/devkitpro/devkitARM/bin/../lib/gcc/arm-none-eabi/12.2.0/thumb/crtbegin.o
 .data          0x0000000000000000        0x0 /opt/devkitpro/devkitARM/bin/../lib/gcc/arm-none-eabi/12.2.0/thumb/crtbegin.o
 .bss           0x0000000000000000        0x0 /opt/devkitpro/devkitARM/bin/../lib/gcc/arm-none-eabi/12.2.0/thumb/crtbegin.o
 .rodata.all_implied_fbits
                0x0000000000000000       0x24 /opt/devkitpro/devkitARM/bin/../lib/gcc/arm-none-eabi/12.2.0/thumb/crtbegin.o
 .data.__dso_handle
                0x0000000000000000        0x4 /opt/devkitpro/devkitARM/bin/../lib/gcc/arm-none-eabi/12.2.0/thumb/crtbegin.o
 .text          0x0000000000000000        0x0 _bn_audio_soundbank.bin.o
 .data          0x0000000000000000        0x0 _bn_audio_soundbank.bin.o
 .bss           0x0000000000000000        0x0 _bn_audio_soundbank.bin.o
 .text          0x0000000000000000        0x0 background_bn_gfx.o
 .data          0x0000000000000000        0x0 background_bn_gfx.o
 .bss           0x0000000000000000        0x0 background_bn_gfx.o
 .text          0x0000000000000000        0x0 common_fixed_8x16_font_bn_gfx.o
 .data          0x0000000000000000        0x0 common_fixed_8x16_font_bn_gfx.o
 .bss           0x0000000000000000        0x0 common_fixed_8x16_font_bn_gfx.o
 .rodata        0x0000000000000000     0x1ba0 common_fixed_8x16_font_bn_gfx.o
 .text          0x0000000000000000        0x0 common_fixed_8x8_font_bn_gfx.o
 .data          0x0000000000000000        0x0 common_fixed_8x8_font_bn_gfx.o
 .bss           0x0000000000000000        0x0 common_fixed_8x8_font_bn_gfx.o
 .rodata        0x0000000000000000      0xde0 common_fixed_8x8_font_bn_gfx.o
 .text          0x0000000000000000        0x0 common_variable_16x16_font_bn_gfx.o
 .data          0x0000000000000000        0x0 common_variable_16x16_font_bn_gfx.o
[...]
Memory Configuration

Name             Origin             Length             Attributes
rom              0x0000000008000000 0x0000000002000000
iwram            0x0000000003000000 0x0000000000008000
ewram            0x0000000002000000 0x0000000000040000
*default*        0x0000000000000000 0xffffffffffffffff

Linker script and memory map

                0x0000000008000000                __text_start = ORIGIN (rom)
                0x0000000002040000                __eheap_end = (ORIGIN (ewram) + LENGTH (ewram))
                0x0000000003000000                __iwram_start = ORIGIN (iwram)
                0x0000000003008000                __iwram_top = (ORIGIN (iwram) + LENGTH (iwram))
                0x0000000003007fa0                __sp_irq = (__iwram_top - 0x60)
                0x0000000003007f00                __sp_usr = (__sp_irq - 0xa0)
                0x0000000003007ff8                __irq_flags = 0x3007ff8
                0x0000000008000000                . = __text_start

.crt0           0x0000000008000000      0x210
 *(.crt0)
 .crt0          0x0000000008000000      0x210 /opt/devkitpro/devkitARM/bin/../lib/gcc/arm-none-eabi/12.2.0/../../../../arm-none-eabi/lib/thumb/gba_crt0.o
                0x0000000008000000                _start
                0x00000000080000c4                __boot_method
                0x00000000080000c5                __slave_number
                0x00000000080000e0                start_vector
                0x0000000008000210                . = ALIGN (0x4)

.init           0x0000000008000210        0xc
 *(SORT_NONE(.init))
 .init          0x0000000008000210        0x4 /opt/devkitpro/devkitARM/bin/../lib/gcc/arm-none-eabi/12.2.0/thumb/crti.o
                0x0000000008000210                _init
 .init          0x0000000008000214        0x8 /opt/devkitpro/devkitARM/bin/../lib/gcc/arm-none-eabi/12.2.0/thumb/crtn.o

.plt            0x000000000800021c        0x0
 *(.plt)
                0x000000000800021c                . = ALIGN (0x4)

.text           0x0000000008000220    0x11960
 *(EXCLUDE_FILE(*.iwram*) .text*)
 .text.__do_global_dtors_aux
                0x0000000008000220       0x2c /opt/devkitpro/devkitARM/bin/../lib/gcc/arm-none-eabi/12.2.0/thumb/crtbegin.o
 .text.frame_dummy
                0x000000000800024c       0x24 /opt/devkitpro/devkitARM/bin/../lib/gcc/arm-none-eabi/12.2.0/thumb/crtbegin.o
 .text._ZN3_bn6assert9show_argsIA16_ciEEvPKcS4_S4_iRKT_RKT0_
                0x0000000008000270       0x58 common_info.o
                0x0000000008000270                void _bn::assert::show_args<char [16], int>(char const*, char const*, char const*, int, char const (&) [16], int const&)
 .text._ZN3_bn6assert9show_argsIA15_ciEEvPKcS4_S4_iRKT_RKT0_
                0x00000000080002c8       0x58 common_stats.o
                0x00000000080002c8                void _bn::assert::show_args<char [15], int>(char const*, char const*, char const*, int, char const (&) [15], int const&)
 .text.startup.main
                0x0000000008000320       0x30 main.o
                0x0000000008000320                main
 .text.startup._GLOBAL__sub_I_main
                0x0000000008000350       0x1c main.o
 .text.exit._GLOBAL__sub_D_main
                0x000000000800036c       0x50 main.o
 .text.startup._ZN2pk5Scene4mainEv
                0x00000000080003bc        0x4 pk_menu_scene.o
                0x00000000080003bc                pk::Scene::main()
 .text._ZN2pk11scene_types9MenuSceneC2EN2bn11string_viewEPKNS2_15regular_bg_itemE
                0x00000000080003c0       0x18 pk_menu_scene.o
                0x00000000080003c0                pk::scene_types::MenuScene::MenuScene(bn::string_view, bn::regular_bg_item const*)
                0x00000000080003c0                pk::scene_types::MenuScene::MenuScene(bn::string_view, bn::regular_bg_item const*)
 .text.startup._ZN2pk6scenes7SaveSel4mainEv
                0x00000000080003d8        0x8 pk_save_sel.o
                0x00000000080003d8                pk::scenes::SaveSel::main()
 .text._ZN2pk6scenes7SaveSelC2Ev
                0x00000000080003e0       0x38 pk_save_sel.o
                0x00000000080003e0                pk::scenes::SaveSel::SaveSel()
                0x00000000080003e0                pk::scenes::SaveSel::SaveSel()
 .text.startup._GLOBAL__sub_I__ZN2pk6scenes7SaveSelC2Ev
                0x0000000008000418       0x1c pk_save_sel.o
 .text.exit._GLOBAL__sub_D__ZN2pk6scenes7SaveSelC2Ev
                0x0000000008000434       0x50 pk_save_sel.o
 .text._ZN3_bn6assert9show_argsIA24_cEEvPKcS4_S4_iRKT_
                0x0000000008000484       0x50 pk_scenemanager.o
                0x0000000008000484                void _bn::assert::show_args<char [24]>(char const*, char const*, char const*, int, char const (&) [24])
 .text._ZN2pk12SceneManager4loadEi
                0x00000000080004d4       0xd8 pk_scenemanager.o
                0x00000000080004d4                pk::SceneManager::load(int)
 .text._ZN2pk12SceneManager4loadEN2bn11string_viewE
                0x00000000080005ac       0x6c pk_scenemanager.o
                0x00000000080005ac                pk::SceneManager::load(bn::string_view)
 .text.startup._GLOBAL__sub_I__ZN2pk12SceneManager4loadEi
                0x0000000008000618       0x1c pk_scenemanager.o
 .text.exit._GLOBAL__sub_D__ZN2pk12SceneManager4loadEi
                0x0000000008000634       0x50 pk_scenemanager.o
 .text._ZN2pk6scenes10TitleSceneC2Ev
                0x0000000008000684       0x38 pk_title_scene.o
                0x0000000008000684                pk::scenes::TitleScene::TitleScene()
                0x0000000008000684                pk::scenes::TitleScene::TitleScene()
 .text._ZN3_bn6assert9show_argsIA22_cEEvPKcS4_S4_iRKT_
                0x00000000080006bc       0x50 pk_title_scene.o
                0x00000000080006bc                void _bn::assert::show_args<char [22]>(char const*, char const*, char const*, int, char const (&) [22])
 .text.startup._ZN2pk6scenes10TitleScene4mainEv
                0x000000000800070c       0xa0 pk_title_scene.o
                0x000000000800070c                pk::scenes::TitleScene::main()
 .text.startup._GLOBAL__sub_I__ZN2pk6scenes10TitleSceneC2Ev
                0x00000000080007ac       0x1c pk_title_scene.o
 .text.exit._GLOBAL__sub_D__ZN2pk6scenes10TitleSceneC2Ev
                0x00000000080007c8       0x50 pk_title_scene.o
 .text._ZN2bn13audio_manager4initEv
                0x0000000008000818        0xc bn_audio_manager.o
                0x0000000008000818                bn::audio_manager::init()
 .text._ZN2bn13audio_manager7disableEv
                0x0000000008000824        0xc bn_audio_manager.o
                0x0000000008000824                bn::audio_manager::disable()
 .text._ZN2bn13audio_manager22disable_vblank_handlerEv
                0x0000000008000830        0xc bn_audio_manager.o
                0x0000000008000830                bn::audio_manager::disable_vblank_handler()
 .text._ZN2bn13audio_manager6updateEv
                0x000000000800083c       0x18 bn_audio_manager.o
                0x000000000800083c                bn::audio_manager::update()
 .text._ZN2bn13audio_manager6commitEv
                0x0000000008000854        0xc bn_audio_manager.o
                0x0000000008000854                bn::audio_manager::commit()
 .text._ZN3_bn6assert9show_argsIA18_ciEEvPKcS4_S4_iRKT_RKT0_
                0x0000000008000860       0x58 bn_audio_manager.o
                0x0000000008000860                void _bn::assert::show_args<char [18], int>(char const*, char const*, char const*, int, char const (&) [18], int const&)
 .text._ZN3_bn6assert9show_argsIA14_ciEEvPKcS4_S4_iRKT_RKT0_
                0x00000000080008b8       0x58 bn_audio_manager.o
                0x00000000080008b8                void _bn::assert::show_args<char [14], int>(char const*, char const*, char const*, int, char const (&) [14], int const&)
 .text._ZN2bn13audio_manager16execute_commandsEv
                0x0000000008000910      0x240 bn_audio_manager.o
                0x0000000008000910                bn::audio_manager::execute_commands()
 .text._ZN3_bn6assert9show_argsIA26_ciEEvPKcS4_S4_iRKT_RKT0_
                0x0000000008000b50       0x58 bn_audio_manager.o
                0x0000000008000b50                void _bn::assert::show_args<char [26], int>(char const*, char const*, char const*, int, char const (&) [26], int const&)
 .text._ZN3_bn6assert9show_argsIA33_cEEvPKcS4_S4_iRKT_
                0x0000000008000ba8       0x50 bn_audio_manager.o
                0x0000000008000ba8                void _bn::assert::show_args<char [33]>(char const*, char const*, char const*, int, char const (&) [33])
 .text._ZN3_bn6assert9show_argsIA25_cEEvPKcS4_S4_iRKT_
                0x0000000008000bf8       0x50 bn_audio_manager.o
                0x0000000008000bf8                void _bn::assert::show_args<char [25]>(char const*, char const*, char const*, int, char const (&) [25])
 .text._ZN2bn13audio_manager10stop_musicEv
                0x0000000008000c48       0x70 bn_audio_manager.o
                0x0000000008000c48                bn::audio_manager::stop_music()
 .text._ZN2bn13audio_manager4stopEv
                0x0000000008000cb8       0x60 bn_audio_manager.o
                0x0000000008000cb8                bn::audio_manager::stop()
 .text.startup._GLOBAL__sub_I__ZN2bn5audio16update_on_vblankEv
                0x0000000008000d18       0x38 bn_audio_manager.o
 .text._ZN2bn18best_fit_allocator4freeEPv
                0x0000000008000d50      0x110 bn_best_fit_allocator.o
                0x0000000008000d50                bn::best_fit_allocator::free(void*)
 .text._ZN3_bn6assert9show_argsIA23_cEEvPKcS4_S4_iRKT_
                0x0000000008000e60       0x50 bn_best_fit_allocator.o
                0x0000000008000e60                void _bn::assert::show_args<char [23]>(char const*, char const*, char const*, int, char const (&) [23])
 .text._ZN2bn18best_fit_allocatorD2Ev
                0x0000000008000eb0       0x34 bn_best_fit_allocator.o
                0x0000000008000eb0                bn::best_fit_allocator::~best_fit_allocator()
                0x0000000008000eb0                bn::best_fit_allocator::~best_fit_allocator()
 .text._ZN2bn18best_fit_allocator5allocEi
                0x0000000008000ee4      0x160 bn_best_fit_allocator.o
                0x0000000008000ee4                bn::best_fit_allocator::alloc(int)
 .text._ZN3_bn6assert9show_argsIA14_cEEvPKcS4_S4_iRKT_
                0x0000000008001044       0x50 bn_best_fit_allocator.o
                0x0000000008001044                void _bn::assert::show_args<char [14]>(char const*, char const*, char const*, int, char const (&) [14])
 .text._ZN3_bn6assert9show_argsIA21_cEEvPKcS4_S4_iRKT_
                0x0000000008001094       0x50 bn_best_fit_allocator.o
                0x0000000008001094                void _bn::assert::show_args<char [21]>(char const*, char const*, char const*, int, char const (&) [21])
 .text._ZN2bn18best_fit_allocator5resetEPvi
                0x00000000080010e4       0xc4 bn_best_fit_allocator.o
                0x00000000080010e4                bn::best_fit_allocator::reset(void*, int)
 .text._ZN2bn17bg_blocks_manager12_GLOBAL__N_125_regular_map_blocks_countEii
                0x00000000080011a8       0x38 bn_bg_blocks_manager.o
 .text._ZN2bn13ostringstream11append_argsIiJA4_ctEEEvRKT_DpRKT0_.isra.0
                0x00000000080011e0       0x24 bn_bg_blocks_manager.o
 .text._ZN2bn13ostringstream11append_argsIiJA4_ciEEEvRKT_DpRKT0_.isra.0
                0x0000000008001204       0x24 bn_bg_blocks_manager.o
 .text._ZNK2bn18regular_bg_map_ptr2idEv
                0x0000000008001228       0x18 bn_bg_blocks_manager.o
                0x0000000008001228                bn::regular_bg_map_ptr::id() const
 .text._ZNK2bn18regular_bg_map_ptr10dimensionsEv
                0x0000000008001240       0x20 bn_bg_blocks_manager.o
                0x0000000008001240                bn::regular_bg_map_ptr::dimensions() const
 .text._ZNK2bn20regular_bg_tiles_ptr3cbbEv
                0x0000000008001260       0x18 bn_bg_blocks_manager.o
                0x0000000008001260                bn::regular_bg_tiles_ptr::cbb() const
 .text._ZNK2bn17affine_bg_map_ptr2idEv
                0x0000000008001278       0x18 bn_bg_blocks_manager.o
                0x0000000008001278                bn::affine_bg_map_ptr::id() const
 .text._ZNK2bn17affine_bg_map_ptr10dimensionsEv
                0x0000000008001290       0x20 bn_bg_blocks_manager.o
                0x0000000008001290                bn::affine_bg_map_ptr::dimensions() const
 .text._ZNK2bn19affine_bg_tiles_ptr3cbbEv
                0x00000000080012b0       0x18 bn_bg_blocks_manager.o
                0x00000000080012b0                bn::affine_bg_tiles_ptr::cbb() const
 .text._ZN2bn17bg_blocks_manager10log_statusEv
                0x00000000080012c8      0x3f8 bn_bg_blocks_manager.o
                0x00000000080012c8                bn::bg_blocks_manager::log_status()
 .text._ZN2bn17bg_blocks_manager15decrease_usagesEi
                0x00000000080016c0       0x98 bn_bg_blocks_manager.o
                0x00000000080016c0                bn::bg_blocks_manager::decrease_usages(int)
 .text._ZN2bn18regular_bg_map_ptrD2Ev
                0x0000000008001758       0x18 bn_bg_blocks_manager.o
                0x0000000008001758                bn::regular_bg_map_ptr::~regular_bg_map_ptr()
                0x0000000008001758                bn::regular_bg_map_ptr::~regular_bg_map_ptr()
 .text._ZN2bn17affine_bg_map_ptrD2Ev
                0x0000000008001770       0x18 bn_bg_blocks_manager.o
                0x0000000008001770                bn::affine_bg_map_ptr::~affine_bg_map_ptr()
                0x0000000008001770                bn::affine_bg_map_ptr::~affine_bg_map_ptr()
 .text._ZN2bn17bg_blocks_manager12_GLOBAL__N_110items_list12insert_afterEiRKNS1_9item_typeE.constprop.0
                0x0000000008001788      0x240 bn_bg_blocks_manager.o
 .text._ZN2bn17bg_blocks_manager4initEv
                0x00000000080019c8       0x7c bn_bg_blocks_manager.o
                0x00000000080019c8                bn::bg_blocks_manager::init()
 .text._ZN2bn17bg_blocks_manager11must_commitEi
                0x0000000008001a44       0x18 bn_bg_blocks_manager.o
                0x0000000008001a44                bn::bg_blocks_manager::must_commit(int)
 .text._ZN3_bn6assert9show_argsIA27_ciEEvPKcS4_S4_iRKT_RKT0_
                0x0000000008001a5c       0x58 bn_bg_blocks_manager.o
                0x0000000008001a5c                void _bn::assert::show_args<char [27], int>(char const*, char const*, char const*, int, char const (&) [27], int const&)
 .text._ZN3_bn6assert9show_argsIJA22_ciA4_ciEEEvPKcS5_S5_iDpRKT_
                0x0000000008001ab4       0x5c bn_bg_blocks_manager.o
                0x0000000008001ab4                void _bn::assert::show_args<char [22], int, char [4], int>(char const*, char const*, char const*, int, char const (&) [22], int const&, char const (&) [4], int const&)
 .text._ZN3_bn6assert9show_argsIJA58_ciA4_ciEEEvPKcS5_S5_iDpRKT_
                0x0000000008001b10       0x5c bn_bg_blocks_manager.o
                0x0000000008001b10                void _bn::assert::show_args<char [58], int, char [4], int>(char const*, char const*, char const*, int, char const (&) [58], int const&, char const (&) [4], int const&)
 .text._ZN3_bn6assert9show_argsIA22_ciEEvPKcS4_S4_iRKT_RKT0_
                0x0000000008001b6c       0x58 bn_bg_blocks_manager.o
                0x0000000008001b6c                void _bn::assert::show_args<char [22], int>(char const*, char const*, char const*, int, char const (&) [22], int const&)
 .text._ZN3_bn6assert9show_argsIJA44_cPKtA4_cS4_EEEvPKcS7_S7_iDpRKT_
                0x0000000008001bc4       0x6c bn_bg_blocks_manager.o
                0x0000000008001bc4                void _bn::assert::show_args<char [44], unsigned short const*, char [4], unsigned short const*>(char const*, char const*, char const*, int, char const (&) [44], unsigned short const* const&, char const (&) [4], unsigned short const* const&)
 .text._ZN3_bn6assert9show_argsIJA46_ciA4_ciEEEvPKcS5_S5_iDpRKT_
                0x0000000008001c30       0x5c bn_bg_blocks_manager.o
                0x0000000008001c30                void _bn::assert::show_args<char [46], int, char [4], int>(char const*, char const*, char const*, int, char const (&) [46], int const&, char const (&) [4], int const&)
 .text._ZN3_bn6assert9show_argsIJA37_cbA4_cbEEEvPKcS5_S5_iDpRKT_
                0x0000000008001c8c       0x84 bn_bg_blocks_manager.o
                0x0000000008001c8c                void _bn::assert::show_args<char [37], bool, char [4], bool>(char const*, char const*, char const*, int, char const (&) [37], bool const&, char const (&) [4], bool const&)
 .text._ZN3_bn6assert9show_argsIA19_cEEvPKcS4_S4_iRKT_
                0x0000000008001d10       0x50 bn_bg_blocks_manager.o
                0x0000000008001d10                void _bn::assert::show_args<char [19]>(char const*, char const*, char const*, int, char const (&) [19])
 .text._ZN2bn17bg_blocks_manager12_GLOBAL__N_116_find_tiles_implEPKtNS_16compression_typeEib
                0x0000000008001d60      0x1d8 bn_bg_blocks_manager.o
 .text._ZN3_bn6assert9show_argsIJA34_ciA4_ctEEEvPKcS5_S5_iDpRKT_
                0x0000000008001f38       0x5c bn_bg_blocks_manager.o
                0x0000000008001f38                void _bn::assert::show_args<char [34], int, char [4], unsigned short>(char const*, char const*, char const*, int, char const (&) [34], int const&, char const (&) [4], unsigned short const&)
 .text._ZN3_bn6assert9show_argsIJA36_ciA4_ctEEEvPKcS5_S5_iDpRKT_
                0x0000000008001f94       0x5c bn_bg_blocks_manager.o
                0x0000000008001f94                void _bn::assert::show_args<char [36], int, char [4], unsigned short>(char const*, char const*, char const*, int, char const (&) [36], int const&, char const (&) [4], unsigned short const&)
 .text._ZN3_bn6assert9show_argsIJA54_ciA4_ciEEEvPKcS5_S5_iDpRKT_
                0x0000000008001ff0       0x5c bn_bg_blocks_manager.o
                0x0000000008001ff0                void _bn::assert::show_args<char [54], int, char [4], int>(char const*, char const*, char const*, int, char const (&) [54], int const&, char const (&) [4], int const&)
 .text._ZNK2bn17affine_bg_map_ptr5tilesEv
                0x000000000800204c       0x48 bn_bg_blocks_manager.o
                0x000000000800204c                bn::affine_bg_map_ptr::tiles() const
 .text._ZNK2bn18regular_bg_map_ptr5tilesEv
                0x0000000008002094       0x48 bn_bg_blocks_manager.o
                0x0000000008002094                bn::regular_bg_map_ptr::tiles() const
 .text._ZNK2bn18regular_bg_map_ptr3bppEv
                0x00000000080020dc       0x4c bn_bg_blocks_manager.o
                0x00000000080020dc                bn::regular_bg_map_ptr::bpp() const
 .text._ZN2bn17bg_blocks_manager21update_affine_map_rowEiii
                0x0000000008002128      0x104 bn_bg_blocks_manager.o
                0x0000000008002128                bn::bg_blocks_manager::update_affine_map_row(int, int, int)
 .text._ZN2bn17bg_blocks_manager23set_affine_map_positionEiii
                0x000000000800222c      0x1b0 bn_bg_blocks_manager.o
                0x000000000800222c                bn::bg_blocks_manager::set_affine_map_position(int, int, int)
 .text._ZN2bn17bg_blocks_manager21update_affine_map_colEiii
                0x00000000080023dc      0x224 bn_bg_blocks_manager.o
                0x00000000080023dc                bn::bg_blocks_manager::update_affine_map_col(int, int, int)
 .text._ZN2bn17bg_blocks_manager22update_regular_map_colEiii
                0x0000000008002600      0x174 bn_bg_blocks_manager.o
                0x0000000008002600                bn::bg_blocks_manager::update_regular_map_col(int, int, int)
 .text._ZN2bn17bg_blocks_manager22update_regular_map_rowEiii
                0x0000000008002774      0x14c bn_bg_blocks_manager.o
                0x0000000008002774                bn::bg_blocks_manager::update_regular_map_row(int, int, int)
 .text._ZN2bn17bg_blocks_manager24set_regular_map_positionEiii
                0x00000000080028c0      0x1d8 bn_bg_blocks_manager.o
                0x00000000080028c0                bn::bg_blocks_manager::set_regular_map_position(int, int, int)
 .text._ZN2bn17bg_blocks_manager12_GLOBAL__N_112_commit_itemERKNS1_9item_typeE
                0x0000000008002a98      0x2bc bn_bg_blocks_manager.o
 .text._ZN2bn17bg_blocks_manager6commitEv
                0x0000000008002d54       0x40 bn_bg_blocks_manager.o
                0x0000000008002d54                bn::bg_blocks_manager::commit()
 .text._ZN2bn17bg_blocks_manager21set_regular_map_tilesEiONS_20regular_bg_tiles_ptrE
                0x0000000008002d94      0x25c bn_bg_blocks_manager.o
                0x0000000008002d94                bn::bg_blocks_manager::set_regular_map_tiles(int, bn::regular_bg_tiles_ptr&&)
 .text._ZN2bn17bg_blocks_manager23set_regular_map_paletteEiONS_14bg_palette_ptrE
                0x0000000008002ff0      0x224 bn_bg_blocks_manager.o
                0x0000000008002ff0                bn::bg_blocks_manager::set_regular_map_palette(int, bn::bg_palette_ptr&&)
 .text._ZN3_bn6assert9show_argsIJA34_ciA4_ciEEEvPKcS5_S5_iDpRKT_
                0x0000000008003214       0x5c bn_bg_blocks_manager.o
                0x0000000008003214                void _bn::assert::show_args<char [34], int, char [4], int>(char const*, char const*, char const*, int, char const (&) [34], int const&, char const (&) [4], int const&)
 .text._ZN3_bn6assert9show_argsIJA38_ciA4_ciEEEvPKcS5_S5_iDpRKT_
                0x0000000008003270       0x5c bn_bg_blocks_manager.o
                0x0000000008003270                void _bn::assert::show_args<char [38], int, char [4], int>(char const*, char const*, char const*, int, char const (&) [38], int const&, char const (&) [4], int const&)
 .text._ZN3_bn6assert9show_argsIJA32_cA15_cPKtA16_ciA17_ciA34_cN2bn11string_viewEEEEvPKcSC_SC_iDpRKT_
                0x00000000080032cc       0x94 bn_bg_blocks_manager.o
                0x00000000080032cc                void _bn::assert::show_args<char [32], char [15], unsigned short const*, char [16], int, char [17], int, char [34], bn::string_view>(char const*, char const*, char const*, int, char const (&) [32], char const (&) [15], unsigned short const* const&, char const (&) [16], int const&, char const (&) [17], int const&, char const (&) [34], bn::string_view const&)
 .text._ZN3_bn6assert9show_argsIA26_cEEvPKcS4_S4_iRKT_
                0x0000000008003360       0x50 bn_bg_blocks_manager.o
                0x0000000008003360                void _bn::assert::show_args<char [26]>(char const*, char const*, char const*, int, char const (&) [26])
 .text._ZN3_bn6assert9show_argsIA46_cEEvPKcS4_S4_iRKT_
                0x00000000080033b0       0x50 bn_bg_blocks_manager.o
                0x00000000080033b0                void _bn::assert::show_args<char [46]>(char const*, char const*, char const*, int, char const (&) [46])
 .text._ZN3_bn6assert9show_argsIJA30_cA13_cPKtA14_ciA15_ciA17_ciA34_cN2bn11string_viewEEEEvPKcSD_SD_iDpRKT_
                0x0000000008003400       0xa8 bn_bg_blocks_manager.o
                0x0000000008003400                void _bn::assert::show_args<char [30], char [13], unsigned short const*, char [14], int, char [15], int, char [17], int, char [34], bn::string_view>(char const*, char const*, char const*, int, char const (&) [30], char const (&) [13], unsigned short const* const&, char const (&) [14], int const&, char const (&) [15], int const&, char const (&) [17], int const&, char const (&) [34], bn::string_view const&)
 .text._ZN3_bn6assert9show_argsIA31_cEEvPKcS4_S4_iRKT_
                0x00000000080034a8       0x50 bn_bg_blocks_manager.o
                0x00000000080034a8                void _bn::assert::show_args<char [31]>(char const*, char const*, char const*, int, char const (&) [31])
 .text._ZN3_bn6assert9show_argsIA17_cEEvPKcS4_S4_iRKT_
                0x00000000080034f8       0x50 bn_bg_blocks_manager.o
                0x00000000080034f8                void _bn::assert::show_args<char [17]>(char const*, char const*, char const*, int, char const (&) [17])
 .text._ZN3_bn6assert9show_argsIJA37_ciA4_ciEEEvPKcS5_S5_iDpRKT_
                0x0000000008003548       0x5c bn_bg_blocks_manager.o
                0x0000000008003548                void _bn::assert::show_args<char [37], int, char [4], int>(char const*, char const*, char const*, int, char const (&) [37], int const&, char const (&) [4], int const&)
 .text._ZN2bn17bg_blocks_manager33set_regular_map_tiles_and_paletteEiONS_20regular_bg_tiles_ptrEONS_14bg_palette_ptrE
                0x00000000080035a4      0x2e8 bn_bg_blocks_manager.o
                0x00000000080035a4                bn::bg_blocks_manager::set_regular_map_tiles_and_palette(int, bn::regular_bg_tiles_ptr&&, bn::bg_palette_ptr&&)
 .text._ZN2bn17bg_blocks_manager12_GLOBAL__N_122_find_regular_map_implERKNS_19regular_bg_map_itemERKNS_20regular_bg_tiles_ptrERKNS_14bg_palette_ptrE
                0x000000000800388c      0x37c bn_bg_blocks_manager.o
 .text._ZN3_bn6assert9show_argsIA39_ciEEvPKcS4_S4_iRKT_RKT0_
                0x0000000008003c08       0x58 bn_bg_blocks_manager.o
                0x0000000008003c08                void _bn::assert::show_args<char [39], int>(char const*, char const*, char const*, int, char const (&) [39], int const&)
 .text._ZN3_bn6assert9show_argsIA25_ciEEvPKcS4_S4_iRKT_RKT0_
                0x0000000008003c60       0x58 bn_bg_blocks_manager.o
                0x0000000008003c60                void _bn::assert::show_args<char [25], int>(char const*, char const*, char const*, int, char const (&) [25], int const&)
 .text._ZN2bn14iunordered_mapIPKviNS_17bg_blocks_manager12_GLOBAL__N_115identity_hasherENS_8equal_toIS2_EEE5eraseERKNS8_14const_iteratorE.constprop.0.isra.0
                0x0000000008003cb8      0x1a4 bn_bg_blocks_manager.o
 .text._ZN2bn17bg_blocks_manager12_GLOBAL__N_121_remove_adjacent_itemEiRNS1_9item_typeE
                0x0000000008003e5c       0xcc bn_bg_blocks_manager.o
 .text._ZN2bn17bg_blocks_manager6updateEv
                0x0000000008003f28      0x200 bn_bg_blocks_manager.o
                0x0000000008003f28                bn::bg_blocks_manager::update()
 .text._ZN2bn17bg_blocks_manager12_GLOBAL__N_112_create_itemEiibONS1_11create_dataE
                0x0000000008004128      0x52c bn_bg_blocks_manager.o
 .text._ZN2bn17bg_blocks_manager12_GLOBAL__N_112_create_implEONS1_11create_dataE
                0x0000000008004654      0x1d0 bn_bg_blocks_manager.o
 .text._ZN2bn17bg_blocks_manager20create_regular_tilesERKNS_21regular_bg_tiles_itemEb
                0x0000000008004824      0x148 bn_bg_blocks_manager.o
                0x0000000008004824                bn::bg_blocks_manager::create_regular_tiles(bn::regular_bg_tiles_item const&, bool)
 .text._ZN2bn17bg_blocks_manager18create_regular_mapERKNS_19regular_bg_map_itemEONS_20regular_bg_tiles_ptrEONS_14bg_palette_ptrEb
                0x000000000800496c      0x27c bn_bg_blocks_manager.o
                0x000000000800496c                bn::bg_blocks_manager::create_regular_map(bn::regular_bg_map_item const&, bn::regular_bg_tiles_ptr&&, bn::bg_palette_ptr&&, bool)
 .text._ZN2bn18regular_bg_map_ptr6createERKNS_15regular_bg_itemE
                0x0000000008004be8       0x50 bn_bg_blocks_manager.o
                0x0000000008004be8                bn::regular_bg_map_ptr::create(bn::regular_bg_item const&)
 .text.startup._GLOBAL__sub_I__ZN2bn7bg_maps16used_cells_countEv
                0x0000000008004c38       0x98 bn_bg_blocks_manager.o
 .text.exit._GLOBAL__sub_D__ZN2bn7bg_maps16used_cells_countEv
                0x0000000008004cd0       0x50 bn_bg_blocks_manager.o
 .text._ZN2bn11bgs_manager12_GLOBAL__N_129_check_unique_regular_big_mapERNS1_9item_typeE
                0x0000000008004d20       0x68 bn_bgs_manager.o
 .text._ZN2bn11bgs_manager12_GLOBAL__N_133_update_item_hw_affine_attributesERKNS1_9item_typeE
                0x0000000008004d88       0x48 bn_bgs_manager.o
 .text._ZN2bn13ostringstream11append_argsIiJA4_ciEEEvRKT_DpRKT0_.isra.0
                0x0000000008004dd0       0x24 bn_bgs_manager.o
 .text._ZN2bn11bgs_manager5hw_idEPv
                0x0000000008004df4        0x8 bn_bgs_manager.o
                0x0000000008004df4                bn::bgs_manager::hw_id(void*)
 .text._ZN2bn11bgs_manager11hw_positionEPv
                0x0000000008004dfc        0x4 bn_bgs_manager.o
                0x0000000008004dfc                bn::bgs_manager::hw_position(void*)
 .text._ZN2bn11bgs_manager14mat_attributesEPv
                0x0000000008004e00        0x4 bn_bgs_manager.o
                0x0000000008004e00                bn::bgs_manager::mat_attributes(void*)
 .text._ZN2bn11bgs_manager20update_windows_flagsEPj
                0x0000000008004e04       0x7c bn_bgs_manager.o
                0x0000000008004e04                bn::bgs_manager::update_windows_flags(unsigned int*)
 .text._ZN2bn11bgs_manager28update_regular_map_tiles_cbbEii
                0x0000000008004e80       0xa8 bn_bgs_manager.o
                0x0000000008004e80                bn::bgs_manager::update_regular_map_tiles_cbb(int, int)
 .text._ZN2bn11bgs_manager30update_regular_map_palette_bppEiNS_8bpp_modeE
                0x0000000008004f28       0xac bn_bgs_manager.o
                0x0000000008004f28                bn::bgs_manager::update_regular_map_palette_bpp(int, bn::bpp_mode)
 .text._ZN2bn11bgs_manager36fill_hblank_effect_regular_positionsEiPKNS_7fixed_tILi12EEEPt
                0x0000000008004fd4       0x38 bn_bgs_manager.o
                0x0000000008004fd4                bn::bgs_manager::fill_hblank_effect_regular_positions(int, bn::fixed_t<12> const*, unsigned short*)
 .text._ZN2bn11bgs_manager45fill_hblank_effect_pivot_horizontal_positionsEPvPKNS_7fixed_tILi12EEEPj
                0x000000000800500c       0x24 bn_bgs_manager.o
                0x000000000800500c                bn::bgs_manager::fill_hblank_effect_pivot_horizontal_positions(void*, bn::fixed_t<12> const*, unsigned int*)
 .text._ZN2bn11bgs_manager43fill_hblank_effect_pivot_vertical_positionsEPvPKNS_7fixed_tILi12EEEPj
                0x0000000008005030       0x24 bn_bgs_manager.o
                0x0000000008005030                bn::bgs_manager::fill_hblank_effect_pivot_vertical_positions(void*, bn::fixed_t<12> const*, unsigned int*)
 .text._ZN2bn11bgs_manager6commitEb
                0x0000000008005054       0x58 bn_bgs_manager.o
                0x0000000008005054                bn::bgs_manager::commit(bool)
 .text._ZN2bn11bgs_manager4stopEv
                0x00000000080050ac       0x28 bn_bgs_manager.o
                0x00000000080050ac                bn::bgs_manager::stop()
 .text._ZN3_bn6assert9show_argsIA17_ciEEvPKcS4_S4_iRKT_RKT0_
                0x00000000080050d4       0x58 bn_bgs_manager.o
                0x00000000080050d4                void _bn::assert::show_args<char [17], int>(char const*, char const*, char const*, int, char const (&) [17], int const&)
 .text._ZN3_bn6assert9show_argsIA30_cEEvPKcS4_S4_iRKT_
                0x000000000800512c       0x50 bn_bgs_manager.o
                0x000000000800512c                void _bn::assert::show_args<char [30]>(char const*, char const*, char const*, int, char const (&) [30])
 .text._ZN3_bn6assert9show_argsIJA60_ciA4_ciEEEvPKcS5_S5_iDpRKT_
                0x000000000800517c       0x5c bn_bgs_manager.o
                0x000000000800517c                void _bn::assert::show_args<char [60], int, char [4], int>(char const*, char const*, char const*, int, char const (&) [60], int const&, char const (&) [4], int const&)
 .text._ZN2bn11bgs_manager20set_regular_positionEPvRKNS_11fixed_pointE
                0x00000000080051d8       0xf8 bn_bgs_manager.o
                0x00000000080051d8                bn::bgs_manager::set_regular_position(void*, bn::fixed_point const&)
 .text._ZN2bn14regular_bg_ptr12set_positionENS_7fixed_tILi12EEES2_
                0x00000000080052d0       0x18 bn_bgs_manager.o
                0x00000000080052d0                bn::regular_bg_ptr::set_position(bn::fixed_t<12>, bn::fixed_t<12>)
 .text._ZN3_bn6assert9show_argsIJA59_ciA4_ciEEEvPKcS5_S5_iDpRKT_
                0x00000000080052e8       0x5c bn_bgs_manager.o
                0x00000000080052e8                void _bn::assert::show_args<char [59], int, char [4], int>(char const*, char const*, char const*, int, char const (&) [59], int const&, char const (&) [4], int const&)
 .text._ZN3_bn6assert9show_argsIJA57_ciA4_ciEEEvPKcS5_S5_iDpRKT_
                0x0000000008005344       0x5c bn_bgs_manager.o
                0x0000000008005344                void _bn::assert::show_args<char [57], int, char [4], int>(char const*, char const*, char const*, int, char const (&) [57], int const&, char const (&) [4], int const&)
 .text._ZN2bn11bgs_manager14update_camerasEv
                0x00000000080053a0      0x2b4 bn_bgs_manager.o
                0x00000000080053a0                bn::bgs_manager::update_cameras()
 .text._ZN3_bn6assert9show_argsIA27_cEEvPKcS4_S4_iRKT_
                0x0000000008005654       0x50 bn_bgs_manager.o
                0x0000000008005654                void _bn::assert::show_args<char [27]>(char const*, char const*, char const*, int, char const (&) [27])
 .text._ZN2bn11bgs_manager15rebuild_handlesEv.part.0
                0x00000000080056a4      0x198 bn_bgs_manager.o
 .text._ZN2bn11bgs_manager37fill_hblank_effect_regular_attributesEPvPKNS_21regular_bg_attributesEPt
                0x000000000800583c      0x100 bn_bgs_manager.o
                0x000000000800583c                bn::bgs_manager::fill_hblank_effect_regular_attributes(void*, bn::regular_bg_attributes const*, unsigned short*)
 .text._ZN2bn11bgs_manager6updateEv
                0x000000000800593c      0x1d0 bn_bgs_manager.o
                0x000000000800593c                bn::bgs_manager::update()
 .text._ZN2bn11bgs_manager15commit_big_mapsEv
                0x0000000008005b0c      0x1d4 bn_bgs_manager.o
                0x0000000008005b0c                bn::bgs_manager::commit_big_maps()
 .text._ZN2bn11bgs_manager36fill_hblank_effect_affine_attributesEPvPKNS_20affine_bg_attributesEPt
                0x0000000008005ce0      0x104 bn_bgs_manager.o
                0x0000000008005ce0                bn::bgs_manager::fill_hblank_effect_affine_attributes(void*, bn::affine_bg_attributes const*, unsigned short*)
 .text._ZN2bn11bgs_manager12_GLOBAL__N_19item_type18update_regular_mapEv
                0x0000000008005de4      0x238 bn_bgs_manager.o
 .text._ZN2bn18regular_bg_builder11release_mapEv
                0x000000000800601c       0x78 bn_bgs_manager.o
                0x000000000800601c                bn::regular_bg_builder::release_map()
 .text._ZN2bn11bgs_manager11regular_mapEPv
                0x0000000008006094       0x34 bn_bgs_manager.o
                0x0000000008006094                bn::bgs_manager::regular_map(void*)
 .text._ZN2bn11bgs_manager10affine_mapEPv
                0x00000000080060c8       0x34 bn_bgs_manager.o
                0x00000000080060c8                bn::bgs_manager::affine_map(void*)
 .text._ZN3_bn6assert9show_argsIA15_cEEvPKcS4_S4_iRKT_
                0x00000000080060fc       0x50 bn_bgs_manager.o
                0x00000000080060fc                void _bn::assert::show_args<char [15]>(char const*, char const*, char const*, int, char const (&) [15])
 .text._ZN2bn11bgs_manager12_GLOBAL__N_112_insert_itemERNS1_9item_typeE
                0x000000000800614c      0x100 bn_bgs_manager.o
 .text._ZN3_bn6assert9show_argsIA13_cEEvPKcS4_S4_iRKT_
                0x000000000800624c       0x50 bn_bgs_manager.o
                0x000000000800624c                void _bn::assert::show_args<char [13]>(char const*, char const*, char const*, int, char const (&) [13])
 .text._ZN2bn11bgs_manager6createEONS_18regular_bg_builderE
                0x000000000800629c      0x1ec bn_bgs_manager.o
                0x000000000800629c                bn::bgs_manager::create(bn::regular_bg_builder&&)
 .text._ZNK2bn15regular_bg_item9create_bgENS_7fixed_tILi12EEES2_
                0x0000000008006488       0x74 bn_bgs_manager.o
                0x0000000008006488                bn::regular_bg_item::create_bg(bn::fixed_t<12>, bn::fixed_t<12>) const
 .text._ZN3_bn6assert9show_argsIJA23_ciA4_ciEEEvPKcS5_S5_iDpRKT_
                0x00000000080064fc       0x5c bn_bgs_manager.o
                0x00000000080064fc                void _bn::assert::show_args<char [23], int, char [4], int>(char const*, char const*, char const*, int, char const (&) [23], int const&, char const (&) [4], int const&)
 .text._ZN2bn5eraseIPNS_11bgs_manager12_GLOBAL__N_19item_typeEEENS_7ivectorIT_E9size_typeERS7_RKS6_.constprop.0.isra.0
                0x0000000008006558      0x150 bn_bgs_manager.o
 .text._ZN2bn11bgs_manager15decrease_usagesEPv
                0x00000000080066a8       0xa8 bn_bgs_manager.o
                0x00000000080066a8                bn::bgs_manager::decrease_usages(void*)
 .text._ZN2bn14regular_bg_ptrD2Ev
                0x0000000008006750       0x18 bn_bgs_manager.o
                0x0000000008006750                bn::regular_bg_ptr::~regular_bg_ptr()
                0x0000000008006750                bn::regular_bg_ptr::~regular_bg_ptr()
 .text.startup._GLOBAL__sub_I__ZN2bn3bgs16used_items_countEv
                0x0000000008006768       0x80 bn_bgs_manager.o
 .text.exit._GLOBAL__sub_D__ZN2bn3bgs16used_items_countEv
                0x00000000080067e8       0x14 bn_bgs_manager.o
 .text._ZN2bn10camera_ptrD2Ev
                0x00000000080067fc       0x38 bn_cameras_manager.o
                0x00000000080067fc                bn::camera_ptr::~camera_ptr()
                0x00000000080067fc                bn::camera_ptr::~camera_ptr()
 .text._ZNK2bn10camera_ptr8positionEv
                0x0000000008006834       0x14 bn_cameras_manager.o
                0x0000000008006834                bn::camera_ptr::position() const
 .text._ZN2bn15cameras_manager4initEv
                0x0000000008006848       0x10 bn_cameras_manager.o
                0x0000000008006848                bn::cameras_manager::init()
 .text._ZN2bn15cameras_manager6updateEv
                0x0000000008006858       0x28 bn_cameras_manager.o
                0x0000000008006858                bn::cameras_manager::update()
 .text._ZN2bn4core12_GLOBAL__N_14stopEb.constprop.0
                0x0000000008006880       0x54 bn_core.o
 .text._ZN2bn4core12_GLOBAL__N_111update_implEv
                0x00000000080068d4       0xcc bn_core.o
 .text._ZN2bn11string_viewC2EPKc
                0x00000000080069a0       0x1c bn_core.o
                0x00000000080069a0                bn::string_view::string_view(char const*)
                0x00000000080069a0                bn::string_view::string_view(char const*)
 .text._ZN2bn4core6updateEv
                0x00000000080069bc       0x68 bn_core.o
                0x00000000080069bc                bn::core::update()
 .text._ZN2bn4core4initERKNS_11string_viewE
                0x0000000008006a24       0x94 bn_core.o
                0x0000000008006a24                bn::core::init(bn::string_view const&)
 .text._ZN2bn4core4initEv
                0x0000000008006ab8       0x18 bn_core.o
                0x0000000008006ab8                bn::core::init()
 .text._ZN2bn4core9on_vblankEv
                0x0000000008006ad0       0x34 bn_core.o
                0x0000000008006ad0                bn::core::on_vblank()
 .text._ZN3_bn6assert4showEPKcS2_S2_iRKN2bn12istring_baseE
                0x0000000008006b04       0x80 bn_core.o
                0x0000000008006b04                _bn::assert::show(char const*, char const*, char const*, int, bn::istring_base const&)
 .text.startup._GLOBAL__sub_I__ZN2bn4core4initEv
                0x0000000008006b84       0x44 bn_core.o
 .text._ZN2bn15display_manager12_GLOBAL__N_134_update_rect_windows_hw_boundariesEi
                0x0000000008006bc8       0x8c bn_display_manager.o
 .text._ZN2bn15display_manager4initEv
                0x0000000008006c54       0x40 bn_display_manager.o
                0x0000000008006c54                bn::display_manager::init()
 .text._ZN2bn15display_manager8set_modeEi
                0x0000000008006c94       0x1c bn_display_manager.o
                0x0000000008006c94                bn::display_manager::set_mode(int)
 .text._ZN2bn15display_manager14set_bg_enabledEib
                0x0000000008006cb0       0x1c bn_display_manager.o
                0x0000000008006cb0                bn::display_manager::set_bg_enabled(int, bool)
 .text._ZN2bn15display_manager15disable_all_bgsEv
                0x0000000008006ccc       0x18 bn_display_manager.o
                0x0000000008006ccc                bn::display_manager::disable_all_bgs()
 .text._ZN2bn15display_manager36fill_mosaic_hblank_effect_attributesEPKNS_17mosaic_attributesEPt
                0x0000000008006ce4       0xb4 bn_display_manager.o
                0x0000000008006ce4                bn::display_manager::fill_mosaic_hblank_effect_attributes(bn::mosaic_attributes const*, unsigned short*)
 .text._ZN2bn15display_manager23set_blending_bg_enabledEib
                0x0000000008006d98       0x14 bn_display_manager.o
                0x0000000008006d98                bn::display_manager::set_blending_bg_enabled(int, bool)
 .text._ZN2bn15display_manager32blending_transparency_top_weightEv
                0x0000000008006dac       0x18 bn_display_manager.o
                0x0000000008006dac                bn::display_manager::blending_transparency_top_weight()
 .text._ZN2bn15display_manager35blending_transparency_bottom_weightEv
                0x0000000008006dc4       0x28 bn_display_manager.o
                0x0000000008006dc4                bn::display_manager::blending_transparency_bottom_weight()
 .text._ZN2bn15display_manager51fill_blending_transparency_hblank_effect_attributesEPKNS_32blending_transparency_attributesEPt
                0x0000000008006dec       0x30 bn_display_manager.o
                0x0000000008006dec                bn::display_manager::fill_blending_transparency_hblank_effect_attributes(bn::blending_transparency_attributes const*, unsigned short*)
 .text._ZN2bn15display_manager21blending_fade_enabledEv
                0x0000000008006e1c       0x10 bn_display_manager.o
                0x0000000008006e1c                bn::display_manager::blending_fade_enabled()
 .text._ZN2bn15display_manager39fill_blending_fade_hblank_effect_alphasEPKNS_19blending_fade_alphaEPt
                0x0000000008006e2c       0x24 bn_display_manager.o
                0x0000000008006e2c                bn::display_manager::fill_blending_fade_hblank_effect_alphas(bn::blending_fade_alpha const*, unsigned short*)
 .text._ZN2bn15display_manager26update_windows_visible_bgsEv
                0x0000000008006e50       0x10 bn_display_manager.o
                0x0000000008006e50                bn::display_manager::update_windows_visible_bgs()
 .text._ZN2bn15display_manager36rect_window_hw_horizontal_boundariesEi
                0x0000000008006e60       0x14 bn_display_manager.o
                0x0000000008006e60                bn::display_manager::rect_window_hw_horizontal_boundaries(int)
 .text._ZN2bn15display_manager34rect_window_hw_vertical_boundariesEi
                0x0000000008006e74       0x14 bn_display_manager.o
                0x0000000008006e74                bn::display_manager::rect_window_hw_vertical_boundaries(int)
 .text._ZN2bn15display_manager52fill_rect_window_hblank_effect_horizontal_boundariesERKNS_4pairIiiEEPKNS1_INS_7fixed_tILi12EEES6_EEPt
                0x0000000008006e88      0x13c bn_display_manager.o
                0x0000000008006e88                bn::display_manager::fill_rect_window_hblank_effect_horizontal_boundaries(bn::pair<int, int> const&, bn::pair<bn::fixed_t<12>, bn::fixed_t<12> > const*, unsigned short*)
 .text._ZN2bn15display_manager50fill_rect_window_hblank_effect_vertical_boundariesERKNS_4pairIiiEEPKNS1_INS_7fixed_tILi12EEES6_EEPt
                0x0000000008006fc4      0x13c bn_display_manager.o
                0x0000000008006fc4                bn::display_manager::fill_rect_window_hblank_effect_vertical_boundaries(bn::pair<int, int> const&, bn::pair<bn::fixed_t<12>, bn::fixed_t<12> > const*, unsigned short*)
 .text._ZN2bn15display_manager36fill_green_swap_hblank_effect_statesEPKbPt
                0x0000000008007100       0x38 bn_display_manager.o
                0x0000000008007100                bn::display_manager::fill_green_swap_hblank_effect_states(bool const*, unsigned short*)
 .text._ZN2bn15display_manager14update_camerasEv
                0x0000000008007138       0x40 bn_display_manager.o
                0x0000000008007138                bn::display_manager::update_cameras()
 .text._ZN2bn15display_manager6updateEv
                0x0000000008007178      0x214 bn_display_manager.o
                0x0000000008007178                bn::display_manager::update()
 .text._ZN2bn15display_manager6commitEv
                0x000000000800738c      0x164 bn_display_manager.o
                0x000000000800738c                bn::display_manager::commit()
 .text._ZN2bn15display_manager4stopEv
                0x00000000080074f0       0x28 bn_display_manager.o
                0x00000000080074f0                bn::display_manager::stop()
 .text._ZN3_bn6assert9show_argsIA66_cEEvPKcS4_S4_iRKT_
                0x0000000008007518       0x50 bn_display_manager.o
                0x0000000008007518                void _bn::assert::show_args<char [66]>(char const*, char const*, char const*, int, char const (&) [66])
 .text.startup._GLOBAL__sub_I__ZNK2bn6window7show_bgERKNS_14regular_bg_ptrE
                0x0000000008007568       0x7c bn_display_manager.o
 .text.exit._GLOBAL__sub_D__ZNK2bn6window7show_bgERKNS_14regular_bg_ptrE
                0x00000000080075e4       0x38 bn_display_manager.o
 .text._ZN2bn18igeneric_pool_baseC2EPci
                0x000000000800761c       0x10 bn_generic_pool.o
                0x000000000800761c                bn::igeneric_pool_base::igeneric_pool_base(char*, int)
                0x000000000800761c                bn::igeneric_pool_base::igeneric_pool_base(char*, int)
 .text._ZN2bn18igeneric_pool_base5_freeEPc
                0x000000000800762c       0x10 bn_generic_pool.o
                0x000000000800762c                bn::igeneric_pool_base::_free(char*)
 .text._ZN3_bn6assert9show_argsIA18_cEEvPKcS4_S4_iRKT_
                0x000000000800763c       0x50 bn_generic_pool.o
                0x000000000800763c                void _bn::assert::show_args<char [18]>(char const*, char const*, char const*, int, char const (&) [18])
 .text._ZN2bn18igeneric_pool_baseD2Ev
                0x000000000800768c       0x30 bn_generic_pool.o
                0x000000000800768c                bn::igeneric_pool_base::~igeneric_pool_base()
                0x000000000800768c                bn::igeneric_pool_base::~igeneric_pool_base()
 .text._ZN2bn18igeneric_pool_base9_allocateEv
                0x00000000080076bc       0x48 bn_generic_pool.o
                0x00000000080076bc                bn::igeneric_pool_base::_allocate()
 .text._ZN2bn12gpio_manager6commitEv
                0x0000000008007704       0x48 bn_gpio_manager.o
                0x0000000008007704                bn::gpio_manager::commit()
 .text._ZN2bn12gpio_manager4stopEv
                0x000000000800774c       0x3c bn_gpio_manager.o
                0x000000000800774c                bn::gpio_manager::stop()
 .text._ZN2bn22hblank_effects_manager12_GLOBAL__N_19item_type18_output_values_ptrEv
                0x0000000008007788       0x40 bn_hblank_effects_manager.o
 .text._ZN2bn7type_idINS_4pairIiiEEEENS_9type_id_tEv
                0x00000000080077c8        0x8 bn_hblank_effects_manager.o
                0x00000000080077c8                bn::type_id_t bn::type_id<bn::pair<int, int> >()
 .text._ZN2bn7type_idINS_33regular_bg_attributes_hbe_handler15last_value_typeEEENS_9type_id_tEv
                0x00000000080077d0        0x8 bn_hblank_effects_manager.o
                0x00000000080077d0                bn::type_id_t bn::type_id<bn::regular_bg_attributes_hbe_handler::last_value_type>()
 .text._ZN2bn7type_idINS_32affine_bg_attributes_hbe_handler15last_value_typeEEENS_9type_id_tEv
                0x00000000080077d8        0x8 bn_hblank_effects_manager.o
                0x00000000080077d8                bn::type_id_t bn::type_id<bn::affine_bg_attributes_hbe_handler::last_value_type>()
 .text._ZN2bn7type_idIiEENS_9type_id_tEv
                0x00000000080077e0        0x8 bn_hblank_effects_manager.o
                0x00000000080077e0                bn::type_id_t bn::type_id<int>()
 .text._ZN2bn7type_idINS_47affine_bg_pivot_horizontal_position_hbe_handler15last_value_typeEEENS_9type_id_tEv
                0x00000000080077e8        0x8 bn_hblank_effects_manager.o
                0x00000000080077e8                bn::type_id_t bn::type_id<bn::affine_bg_pivot_horizontal_position_hbe_handler::last_value_type>()
 .text._ZN2bn7type_idINS_45affine_bg_pivot_vertical_position_hbe_handler15last_value_typeEEENS_9type_id_tEv
                0x00000000080077f0        0x8 bn_hblank_effects_manager.o
                0x00000000080077f0                bn::type_id_t bn::type_id<bn::affine_bg_pivot_vertical_position_hbe_handler::last_value_type>()
 .text._ZN2bn7type_idINS_35sprite_first_attributes_hbe_handler15last_value_typeEEENS_9type_id_tEv
                0x00000000080077f8        0x8 bn_hblank_effects_manager.o
                0x00000000080077f8                bn::type_id_t bn::type_id<bn::sprite_first_attributes_hbe_handler::last_value_type>()
 .text._ZN2bn7type_idINS_35sprite_second_attributes_last_valueEEENS_9type_id_tEv
                0x0000000008007800        0x8 bn_hblank_effects_manager.o
                0x0000000008007800                bn::type_id_t bn::type_id<bn::sprite_second_attributes_last_value>()
 .text._ZN2bn7type_idINS_17sprite_shape_sizeEEENS_9type_id_tEv
                0x0000000008007808        0x8 bn_hblank_effects_manager.o
                0x0000000008007808                bn::type_id_t bn::type_id<bn::sprite_shape_size>()
 .text._ZN2bn22hblank_effects_manager7disableEv
                0x0000000008007810       0x24 bn_hblank_effects_manager.o
                0x0000000008007810                bn::hblank_effects_manager::disable()
 .text._ZN2bn22hblank_effects_manager6commitEv
                0x0000000008007834       0x74 bn_hblank_effects_manager.o
                0x0000000008007834                bn::hblank_effects_manager::commit()
 .text._ZN2bn22hblank_effects_manager12_GLOBAL__N_110_is_uint32ENS0_12handler_typeE
                0x00000000080078a8       0x64 bn_hblank_effects_manager.o
 .text._ZN2bn22hblank_effects_manager12_GLOBAL__N_19item_type12check_updateEv
                0x000000000800790c     0x1b38 bn_hblank_effects_manager.o
 .text._ZN2bn22hblank_effects_manager6updateEv
                0x0000000008009444      0x1ec bn_hblank_effects_manager.o
                0x0000000008009444                bn::hblank_effects_manager::update()
 .text._ZN2bn22hblank_effects_manager4initEv
                0x0000000008009630       0xd4 bn_hblank_effects_manager.o
                0x0000000008009630                bn::hblank_effects_manager::init()
 .text.startup._GLOBAL__sub_I__ZN2bn4hbes10used_countEv
                0x0000000008009704       0xfc bn_hblank_effects_manager.o
 .text.exit._GLOBAL__sub_D__ZN2bn4hbes10used_countEv
                0x0000000008009800       0x40 bn_hblank_effects_manager.o
 .text._ZN2bn12hdma_manager7disableEv
                0x0000000008009840       0x30 bn_hdma_manager.o
                0x0000000008009840                bn::hdma_manager::disable()
 .text._ZN2bn12hdma_manager10force_stopEv
                0x0000000008009870       0x3c bn_hdma_manager.o
                0x0000000008009870                bn::hdma_manager::force_stop()
 .text._ZN2bn12hdma_manager6updateEv
                0x00000000080098ac       0x6c bn_hdma_manager.o
                0x00000000080098ac                bn::hdma_manager::update()
 .text._ZN2bn12hdma_manager6commitEb
                0x0000000008009918      0x118 bn_hdma_manager.o
                0x0000000008009918                bn::hdma_manager::commit(bool)
 .text.startup._GLOBAL__sub_I__ZN2bn4hdma7runningEv
                0x0000000008009a30       0x34 bn_hdma_manager.o
 .text._ZN2bn6keypad9a_pressedEv
                0x0000000008009a64       0x10 bn_keypad_manager.o
                0x0000000008009a64                bn::keypad::a_pressed()
 .text._ZN2bn14keypad_manager4stopEv
                0x0000000008009a74        0x4 bn_keypad_manager.o
                0x0000000008009a74                bn::keypad_manager::stop()
 .text._ZN3_bn6assert9show_argsIJA19_ciA4_ciEEEvPKcS5_S5_iDpRKT_
                0x0000000008009a78       0x6c bn_keypad_manager.o
                0x0000000008009a78                void _bn::assert::show_args<char [19], int, char [4], int>(char const*, char const*, char const*, int, char const (&) [19], int const&, char const (&) [4], int const&)
 .text._ZN2bn14keypad_manager6updateEv
                0x0000000008009ae4       0xa8 bn_keypad_manager.o
                0x0000000008009ae4                bn::keypad_manager::update()
 .text._ZN3_bn6assert9show_argsIA24_ciEEvPKcS4_S4_iRKT_RKT0_
                0x0000000008009b8c       0x58 bn_keypad_manager.o
                0x0000000008009b8c                void _bn::assert::show_args<char [24], int>(char const*, char const*, char const*, int, char const (&) [24], int const&)
 .text._ZN2bn14keypad_manager4initERKNS_11string_viewE
                0x0000000008009be4       0x58 bn_keypad_manager.o
                0x0000000008009be4                bn::keypad_manager::init(bn::string_view const&)
 .text._ZN3_bn6assert9show_argsIA16_cEEvPKcS4_S4_iRKT_
                0x0000000008009c3c       0x50 bn_keypad_manager.o
                0x0000000008009c3c                void _bn::assert::show_args<char [16]>(char const*, char const*, char const*, int, char const (&) [16])
 .text._ZN2bn12link_manager4initEv
                0x0000000008009c8c        0xc bn_link_manager.o
                0x0000000008009c8c                bn::link_manager::init()
 .text._ZN2bn12link_manager6activeEv
                0x0000000008009c98        0xc bn_link_manager.o
                0x0000000008009c98                bn::link_manager::active()
 .text._ZN2bn12link_manager7disableEv
                0x0000000008009ca4       0x18 bn_link_manager.o
                0x0000000008009ca4                bn::link_manager::disable()
 .text._ZN2bn3logERKNS_12istring_baseE
                0x0000000008009cbc        0xc bn_log.o
                0x0000000008009cbc                bn::log(bn::istring_base const&)
 .text._ZdlPvj  0x0000000008009cc8       0x18 bn_memory_manager.o
                0x0000000008009cc8                operator delete(void*, unsigned int)
 .text._ZN2bn14memory_manager4initEv
                0x0000000008009ce0       0x20 bn_memory_manager.o
                0x0000000008009ce0                bn::memory_manager::init()
 .text._ZN3_bn6assert9show_argsIA35_cjEEvPKcS4_S4_iRKT_RKT0_
                0x0000000008009d00       0x58 bn_memory_manager.o
                0x0000000008009d00                void _bn::assert::show_args<char [35], unsigned int>(char const*, char const*, char const*, int, char const (&) [35], unsigned int const&)
 .text._Znwj    0x0000000008009d58       0x40 bn_memory_manager.o
                0x0000000008009d58                operator new(unsigned int)
 .text.exit._GLOBAL__sub_D__Znwj
                0x0000000008009d98       0x14 bn_memory_manager.o
 .text._ZN2bn2hw8palettes9grayscaleEPKNS_5colorEiiPS2_.part.0
                0x0000000008009dac       0x40 bn_palettes_manager.o
 .text._ZN2bn14bg_palette_ptrC2ERKS0_
                0x0000000008009dec       0x2c bn_palettes_manager.o
                0x0000000008009dec                bn::bg_palette_ptr::bg_palette_ptr(bn::bg_palette_ptr const&)
                0x0000000008009dec                bn::bg_palette_ptr::bg_palette_ptr(bn::bg_palette_ptr const&)
 .text._ZNK2bn14bg_palette_ptr3bppEv
                0x0000000008009e18       0x20 bn_palettes_manager.o
                0x0000000008009e18                bn::bg_palette_ptr::bpp() const
 .text._ZNK2bn18sprite_palette_ptr3bppEv
                0x0000000008009e38       0x1c bn_palettes_manager.o
                0x0000000008009e38                bn::sprite_palette_ptr::bpp() const
 .text._ZNK2bn13palettes_bank10log_statusEv
                0x0000000008009e54      0x188 bn_palettes_manager.o
                0x0000000008009e54                bn::palettes_bank::log_status() const
 .text._ZNK2bn13palettes_bank20retrieve_commit_dataEv
                0x0000000008009fdc       0x4c bn_palettes_manager.o
                0x0000000008009fdc                bn::palettes_bank::retrieve_commit_data() const
 .text._ZNK2bn13palettes_bank12_same_colorsERKNS_4spanIKNS_5colorEEEi
                0x000000000800a028       0x50 bn_palettes_manager.o
                0x000000000800a028                bn::palettes_bank::_same_colors(bn::span<bn::color const> const&, int) const
 .text._ZN2bn13palettes_bank10find_bpp_4ERKNS_4spanIKNS_5colorEEEt
                0x000000000800a078       0xdc bn_palettes_manager.o
                0x000000000800a078                bn::palettes_bank::find_bpp_4(bn::span<bn::color const> const&, unsigned short)
 .text._ZNK2bn13palettes_bank21_apply_global_effectsEiPNS_5colorE
                0x000000000800a154      0x13c bn_palettes_manager.o
                0x000000000800a154                bn::palettes_bank::_apply_global_effects(int, bn::color*) const
 .text._ZNK2bn13palettes_bank25fill_hblank_effect_colorsEPKNS_5colorEPt
                0x000000000800a290       0x30 bn_palettes_manager.o
                0x000000000800a290                bn::palettes_bank::fill_hblank_effect_colors(bn::color const*, unsigned short*) const
 .text._ZNK2bn13palettes_bank7palette13apply_effectsEiPNS_5colorE
                0x000000000800a2c0       0xbc bn_palettes_manager.o
                0x000000000800a2c0                bn::palettes_bank::palette::apply_effects(int, bn::color*) const
 .text._ZNK2bn13palettes_bank25fill_hblank_effect_colorsEiPKNS_5colorEPt
                0x000000000800a37c       0x44 bn_palettes_manager.o
                0x000000000800a37c                bn::palettes_bank::fill_hblank_effect_colors(int, bn::color const*, unsigned short*) const
 .text._ZN2bn13palettes_bank15_update_paletteEi
                0x000000000800a3c0       0x6c bn_palettes_manager.o
                0x000000000800a3c0                bn::palettes_bank::_update_palette(int)
 .text._ZN2bn13palettes_bank6updateEv
                0x000000000800a42c      0x124 bn_palettes_manager.o
                0x000000000800a42c                bn::palettes_bank::update()
 .text._ZN2bn13palettes_bankC2Ev
                0x000000000800a550       0xcc bn_palettes_manager.o
                0x000000000800a550                bn::palettes_bank::palettes_bank()
                0x000000000800a550                bn::palettes_bank::palettes_bank()
 .text._ZN2bn16palettes_manager20sprite_palettes_bankEv
                0x000000000800a61c        0x8 bn_palettes_manager.o
                0x000000000800a61c                bn::palettes_manager::sprite_palettes_bank()
 .text._ZN2bn16palettes_manager16bg_palettes_bankEv
                0x000000000800a624        0x8 bn_palettes_manager.o
                0x000000000800a624                bn::palettes_manager::bg_palettes_bank()
 .text._ZN2bn16palettes_manager6updateEv
                0x000000000800a62c       0x20 bn_palettes_manager.o
                0x000000000800a62c                bn::palettes_manager::update()
 .text._ZN2bn16palettes_manager6commitEb
                0x000000000800a64c       0xf4 bn_palettes_manager.o
                0x000000000800a64c                bn::palettes_manager::commit(bool)
 .text._ZN2bn16palettes_manager4stopEv
                0x000000000800a740       0x20 bn_palettes_manager.o
                0x000000000800a740                bn::palettes_manager::stop()
 .text._ZN3_bn6assert9show_argsIA35_cEEvPKcS4_S4_iRKT_
                0x000000000800a760       0x50 bn_palettes_manager.o
                0x000000000800a760                void _bn::assert::show_args<char [35]>(char const*, char const*, char const*, int, char const (&) [35])
 .text._ZN2bn13palettes_bank11colors_hashERKNS_4spanIKNS_5colorEEE
                0x000000000800a7b0       0x50 bn_palettes_manager.o
                0x000000000800a7b0                bn::palettes_bank::colors_hash(bn::span<bn::color const> const&)
 .text._ZN3_bn6assert9show_argsIJA43_ciA36_cA42_cEEEvPKcS6_S6_iDpRKT_
                0x000000000800a800       0x68 bn_palettes_manager.o
                0x000000000800a800                void _bn::assert::show_args<char [43], int, char [36], char [42]>(char const*, char const*, char const*, int, char const (&) [43], int const&, char const (&) [36], char const (&) [42])
 .text._ZN2bn13palettes_bank12create_bpp_8ERKNS_4spanIKNS_5colorEEENS_16compression_typeEb
                0x000000000800a868      0x22c bn_palettes_manager.o
                0x000000000800a868                bn::palettes_bank::create_bpp_8(bn::span<bn::color const> const&, bn::compression_type, bool)
 .text._ZNK2bn15bg_palette_item10decompressENS_4spanINS_5colorEEE
                0x000000000800aa94      0x174 bn_palettes_manager.o
                0x000000000800aa94                bn::bg_palette_item::decompress(bn::span<bn::color>) const
 .text._ZN2bn13palettes_bank12create_bpp_4ERKNS_4spanIKNS_5colorEEEtb
                0x000000000800ac08      0x298 bn_palettes_manager.o
                0x000000000800ac08                bn::palettes_bank::create_bpp_4(bn::span<bn::color const> const&, unsigned short, bool)
 .text._ZN2bn12_GLOBAL__N_112_create_implERKNS_15bg_palette_itemEb
                0x000000000800aea0       0x94 bn_palettes_manager.o
 .text._ZN2bn14bg_palette_ptr6createERKNS_15bg_palette_itemE
                0x000000000800af34       0x54 bn_palettes_manager.o
                0x000000000800af34                bn::bg_palette_ptr::create(bn::bg_palette_item const&)
 .text._ZNK2bn15bg_palette_item14create_paletteEv
                0x000000000800af88       0x10 bn_palettes_manager.o
                0x000000000800af88                bn::bg_palette_item::create_palette() const
 .text._ZN2bn14iunordered_mapItsNS_13palettes_bank15identity_hasherENS_8equal_toItEEE5eraseERKNS5_14const_iteratorE.isra.0
                0x000000000800af98      0x170 bn_palettes_manager.o
 .text._ZN2bn13palettes_bank15decrease_usagesEi.part.0
                0x000000000800b108       0xdc bn_palettes_manager.o
 .text._ZN2bn14bg_palette_ptrD2Ev
                0x000000000800b1e4       0x3c bn_palettes_manager.o
                0x000000000800b1e4                bn::bg_palette_ptr::~bg_palette_ptr()
                0x000000000800b1e4                bn::bg_palette_ptr::~bg_palette_ptr()
 .text._ZN2bn14bg_palette_ptraSERKS0_
                0x000000000800b220       0x5c bn_palettes_manager.o
                0x000000000800b220                bn::bg_palette_ptr::operator=(bn::bg_palette_ptr const&)
 .text.startup._GLOBAL__sub_I__ZN2bn11bg_palettes17used_colors_countEv
                0x000000000800b27c       0x20 bn_palettes_manager.o
 .text._ZNK2bn21sprite_affine_mat_ptr15horizontal_flipEv
                0x000000000800b29c       0x18 bn_sprite_affine_mats_manager.o
                0x000000000800b29c                bn::sprite_affine_mat_ptr::horizontal_flip() const
 .text._ZNK2bn21sprite_affine_mat_ptr13vertical_flipEv
                0x000000000800b2b4       0x18 bn_sprite_affine_mats_manager.o
                0x000000000800b2b4                bn::sprite_affine_mat_ptr::vertical_flip() const
 .text._ZN2bn26sprite_affine_mats_manager20retrieve_commit_dataEv
                0x000000000800b2cc       0x38 bn_sprite_affine_mats_manager.o
                0x000000000800b2cc                bn::sprite_affine_mats_manager::retrieve_commit_data()
 .text._ZN2bn26sprite_affine_mats_manager15decrease_usagesEi.part.0
                0x000000000800b304       0x68 bn_sprite_affine_mats_manager.o
 .text._ZN2bn21sprite_affine_mat_ptrD2Ev
                0x000000000800b36c       0x34 bn_sprite_affine_mats_manager.o
                0x000000000800b36c                bn::sprite_affine_mat_ptr::~sprite_affine_mat_ptr()
                0x000000000800b36c                bn::sprite_affine_mat_ptr::~sprite_affine_mat_ptr()
 .text._ZN2bn26sprite_affine_mats_manager6updateEv
                0x000000000800b3a0       0xa0 bn_sprite_affine_mats_manager.o
                0x000000000800b3a0                bn::sprite_affine_mats_manager::update()
 .text._ZN2bn26sprite_affine_mats_manager4initEPv
                0x000000000800b440       0x6c bn_sprite_affine_mats_manager.o
                0x000000000800b440                bn::sprite_affine_mats_manager::init(void*)
 .text._ZN2bn26sprite_affine_mats_manager14dettach_spriteEiRNS_24intrusive_list_node_typeE
                0x000000000800b4ac       0x4c bn_sprite_affine_mats_manager.o
                0x000000000800b4ac                bn::sprite_affine_mats_manager::dettach_sprite(int, bn::intrusive_list_node_type&)
 .text.startup._GLOBAL__sub_I__ZN2bn18sprite_affine_mats10used_countEv
                0x000000000800b4f8       0x98 bn_sprite_affine_mats_manager.o
 .text.exit._GLOBAL__sub_D__ZN2bn18sprite_affine_mats10used_countEv
                0x000000000800b590       0x3c bn_sprite_affine_mats_manager.o
 .text._ZNK2bn16sprite_tiles_ptr2idEv
                0x000000000800b5cc       0x18 bn_sprite_tiles_manager.o
                0x000000000800b5cc                bn::sprite_tiles_ptr::id() const
 .text._ZNK2bn16sprite_tiles_ptr11tiles_countEv
                0x000000000800b5e4       0x18 bn_sprite_tiles_manager.o
                0x000000000800b5e4                bn::sprite_tiles_ptr::tiles_count() const
 .text._ZN2bn20sprite_tiles_manager19commit_uncompressedEb
                0x000000000800b5fc       0xdc bn_sprite_tiles_manager.o
                0x000000000800b5fc                bn::sprite_tiles_manager::commit_uncompressed(bool)
 .text._ZN2bn20sprite_tiles_manager17commit_compressedEv
                0x000000000800b6d8       0xe4 bn_sprite_tiles_manager.o
                0x000000000800b6d8                bn::sprite_tiles_manager::commit_compressed()
 .text._ZN2bn20sprite_tiles_manager4initEv
                0x000000000800b7bc       0xf4 bn_sprite_tiles_manager.o
                0x000000000800b7bc                bn::sprite_tiles_manager::init()
 .text._ZN2bn20sprite_tiles_manager12_GLOBAL__N_117_insert_free_itemEiPt
                0x000000000800b8b0       0xcc bn_sprite_tiles_manager.o
 .text._ZN2bn20sprite_tiles_manager12_GLOBAL__N_116_erase_free_itemEi
                0x000000000800b97c       0xe4 bn_sprite_tiles_manager.o
 .text._ZN2bn14iunordered_mapIPKNS_4tileEiNS_4hashIS3_EENS_8equal_toIS3_EEE5eraseERKNS8_14const_iteratorE.isra.0
                0x000000000800ba60      0x178 bn_sprite_tiles_manager.o
 .text._ZN2bn20sprite_tiles_manager6updateEv
                0x000000000800bbd8      0x234 bn_sprite_tiles_manager.o
                0x000000000800bbd8                bn::sprite_tiles_manager::update()
 .text.startup._GLOBAL__sub_I__ZN2bn12sprite_tiles16used_tiles_countEv
                0x000000000800be0c      0x11c bn_sprite_tiles_manager.o
 .text._ZN2bn15sprites_manager12_GLOBAL__N_125_update_indexes_to_commitERKNS_20sprites_manager_itemE
                0x000000000800bf28       0x48 bn_sprites_manager.o
 .text._ZN2bn13ostringstream11append_argsIiJA4_ciEEEvRKT_DpRKT0_.isra.0
                0x000000000800bf70       0x24 bn_sprites_manager.o
 .text._ZN2bn15sprites_manager12_GLOBAL__N_123_update_item_dimensionsERNS_20sprites_manager_itemE
                0x000000000800bf94       0xcc bn_sprites_manager.o
 .text._ZN2bn15sprites_manager4initEv
                0x000000000800c060       0x34 bn_sprites_manager.o
                0x000000000800c060                bn::sprites_manager::init()
 .text._ZN2bn15sprites_manager5hw_idEPv
                0x000000000800c094        0x8 bn_sprites_manager.o
                0x000000000800c094                bn::sprites_manager::hw_id(void*)
 .text._ZN2bn15sprites_manager5shapeEPv
                0x000000000800c09c        0x8 bn_sprites_manager.o
                0x000000000800c09c                bn::sprites_manager::shape(void*)
 .text._ZN2bn15sprites_manager4sizeEPv
                0x000000000800c0a4        0x8 bn_sprites_manager.o
                0x000000000800c0a4                bn::sprites_manager::size(void*)
 .text._ZN2bn15sprites_manager10shape_sizeEPv
                0x000000000800c0ac       0x14 bn_sprites_manager.o
                0x000000000800c0ac                bn::sprites_manager::shape_size(void*)
 .text._ZN2bn15sprites_manager11hw_positionEPv
                0x000000000800c0c0        0x4 bn_sprites_manager.o
                0x000000000800c0c0                bn::sprites_manager::hw_position(void*)
 .text._ZN2bn15sprites_manager9view_modeEPv
                0x000000000800c0c4        0xc bn_sprites_manager.o
                0x000000000800c0c4                bn::sprites_manager::view_mode(void*)
 .text._ZN2bn15sprites_manager10affine_matEPv
                0x000000000800c0d0        0x4 bn_sprites_manager.o
                0x000000000800c0d0                bn::sprites_manager::affine_mat(void*)
 .text._ZN2bn15sprites_manager39fill_hblank_effect_horizontal_positionsEPviPKNS_7fixed_tILi12EEEPt
                0x000000000800c0d4       0x44 bn_sprites_manager.o
                0x000000000800c0d4                bn::sprites_manager::fill_hblank_effect_horizontal_positions(void*, int, bn::fixed_t<12> const*, unsigned short*)
 .text._ZN2bn15sprites_manager37fill_hblank_effect_vertical_positionsEPviPKNS_7fixed_tILi12EEEPt
                0x000000000800c118       0x44 bn_sprites_manager.o
                0x000000000800c118                bn::sprites_manager::fill_hblank_effect_vertical_positions(void*, int, bn::fixed_t<12> const*, unsigned short*)
 .text._ZN2bn15sprites_manager35fill_hblank_effect_first_attributesEiNS_12sprite_shapeENS_8bpp_modeEiPKNS_23sprite_first_attributesEPt
                0x000000000800c15c      0x108 bn_sprites_manager.o
                0x000000000800c15c                bn::sprites_manager::fill_hblank_effect_first_attributes(int, bn::sprite_shape, bn::bpp_mode, int, bn::sprite_first_attributes const*, unsigned short*)
 .text._ZN2bn15sprites_manager44fill_hblank_effect_regular_second_attributesEPviNS_11sprite_sizeEPKNS_32sprite_regular_second_attributesEPt
                0x000000000800c264       0x60 bn_sprites_manager.o
                0x000000000800c264                bn::sprites_manager::fill_hblank_effect_regular_second_attributes(void*, int, bn::sprite_size, bn::sprite_regular_second_attributes const*, unsigned short*)
 .text._ZN2bn15sprites_manager43fill_hblank_effect_affine_second_attributesEPviNS_11sprite_sizeEPKNS_31sprite_affine_second_attributesEPt
                0x000000000800c2c4       0x58 bn_sprites_manager.o
                0x000000000800c2c4                bn::sprites_manager::fill_hblank_effect_affine_second_attributes(void*, int, bn::sprite_size, bn::sprite_affine_second_attributes const*, unsigned short*)
 .text._ZN2bn15sprites_manager14update_camerasEv
                0x000000000800c31c       0x2c bn_sprites_manager.o
                0x000000000800c31c                bn::sprites_manager::update_cameras()
 .text._ZN2bn15sprites_manager6commitEb
                0x000000000800c348       0xa4 bn_sprites_manager.o
                0x000000000800c348                bn::sprites_manager::commit(bool)
 .text._ZNK2bn17sprite_shape_size11tiles_countENS_8bpp_modeE
                0x000000000800c3ec      0x150 bn_sprites_manager.o
                0x000000000800c3ec                bn::sprite_shape_size::tiles_count(bn::bpp_mode) const
 .text._ZN2bn15sprites_manager12_GLOBAL__N_118_remove_affine_matERNS_20sprites_manager_itemE
                0x000000000800c53c       0xd4 bn_sprites_manager.o
 .text._ZN2bn15sprites_manager40remove_identity_affine_mat_if_not_neededEPv
                0x000000000800c610       0x18 bn_sprites_manager.o
                0x000000000800c610                bn::sprites_manager::remove_identity_affine_mat_if_not_needed(void*)
 .text._ZN2bn15sprites_manager7paletteEPv
                0x000000000800c628       0x34 bn_sprites_manager.o
                0x000000000800c628                bn::sprites_manager::palette(void*)
 .text._ZN2bn15sprites_manager6updateEv
                0x000000000800c65c      0x17c bn_sprites_manager.o
                0x000000000800c65c                bn::sprites_manager::update()
 .text._ZN3_bn6assert9show_argsIJA27_ciA4_ciEEEvPKcS5_S5_iDpRKT_
                0x000000000800c7d8       0x5c bn_sprites_manager.o
                0x000000000800c7d8                void _bn::assert::show_args<char [27], int, char [4], int>(char const*, char const*, char const*, int, char const (&) [27], int const&, char const (&) [4], int const&)
 .text._ZN2bn15sprites_manager35fill_hblank_effect_third_attributesENS_17sprite_shape_sizeEPKNS_23sprite_third_attributesEPt
                0x000000000800c834       0xb4 bn_sprites_manager.o
                0x000000000800c834                bn::sprites_manager::fill_hblank_effect_third_attributes(bn::sprite_shape_size, bn::sprite_third_attributes const*, unsigned short*)
 .text.startup._GLOBAL__sub_I__ZN2bn7sprites16used_items_countEv
                0x000000000800c8e8       0x9c bn_sprites_manager.o
 .text.exit._GLOBAL__sub_D__ZN2bn7sprites16used_items_countEv
                0x000000000800c984       0x4c bn_sprites_manager.o
 .text._ZN2bn13ostringstreamC2ERNS_12istring_baseE
                0x000000000800c9d0        0x8 bn_sstream.o
                0x000000000800c9d0                bn::ostringstream::ostringstream(bn::istring_base&)
                0x000000000800c9d0                bn::ostringstream::ostringstream(bn::istring_base&)
 .text._ZN2bn13ostringstream6appendEPKc
                0x000000000800c9d8       0x88 bn_sstream.o
                0x000000000800c9d8                bn::ostringstream::append(char const*)
 .text._ZN2bn13ostringstream6appendEi
                0x000000000800ca60       0x9c bn_sstream.o
                0x000000000800ca60                bn::ostringstream::append(int)
 .text._ZN2bn13ostringstream6appendERKNS_11string_viewE
                0x000000000800cafc       0x94 bn_sstream.o
                0x000000000800cafc                bn::ostringstream::append(bn::string_view const&)
 .text._ZN2bn13ostringstream6appendEj
                0x000000000800cb90       0x9c bn_sstream.o
                0x000000000800cb90                bn::ostringstream::append(unsigned int)
 .text._ZN2bn13ostringstream6appendEPKv
                0x000000000800cc2c       0xe8 bn_sstream.o
                0x000000000800cc2c                bn::ostringstream::append(void const*)
 .text._ZN2bn13ostringstream6appendEc
                0x000000000800cd14       0x44 bn_sstream.o
                0x000000000800cd14                bn::ostringstream::append(char)
 .text._ZN2bn5timerC2Ev
                0x000000000800cd58       0x18 bn_timer.o
                0x000000000800cd58                bn::timer::timer()
                0x000000000800cd58                bn::timer::timer()
 .text._ZNK2bn5timer13elapsed_ticksEv
                0x000000000800cd70       0x38 bn_timer.o
                0x000000000800cd70                bn::timer::elapsed_ticks() const
 .text._ZN2bn5timer7restartEv
                0x000000000800cda8       0x18 bn_timer.o
                0x000000000800cda8                bn::timer::restart()
 .text._ZN2bn2hw5audio12_GLOBAL__N_124_disabled_vblank_handlerEv
                0x000000000800cdc0       0x10 bn_hw_audio.bn_noflto.o
 .text._ZN2bn2hw5audio12_GLOBAL__N_17_commitEv
                0x000000000800cdd0       0x7c bn_hw_audio.bn_noflto.o
 .text._ZN2bn2hw5audio12_GLOBAL__N_123_enabled_vblank_handlerEv
                0x000000000800ce4c       0x24 bn_hw_audio.bn_noflto.o
 .text._ZN2bn2hw5audio4initEv
                0x000000000800ce70       0x68 bn_hw_audio.bn_noflto.o
                0x000000000800ce70                bn::hw::audio::init()
 .text._ZN2bn2hw5audio7disableEv
                0x000000000800ced8       0x30 bn_hw_audio.bn_noflto.o
                0x000000000800ced8                bn::hw::audio::disable()
 .text._ZN2bn2hw5audio13music_playingEv
                0x000000000800cf08       0x10 bn_hw_audio.bn_noflto.o
                0x000000000800cf08                bn::hw::audio::music_playing()
 .text._ZN2bn2hw5audio10play_musicEib
                0x000000000800cf18       0x24 bn_hw_audio.bn_noflto.o
                0x000000000800cf18                bn::hw::audio::play_music(int, bool)
 .text._ZN2bn2hw5audio10stop_musicEv
                0x000000000800cf3c        0xc bn_hw_audio.bn_noflto.o
                0x000000000800cf3c                bn::hw::audio::stop_music()
 .text._ZN2bn2hw5audio11pause_musicEv
                0x000000000800cf48        0xc bn_hw_audio.bn_noflto.o
                0x000000000800cf48                bn::hw::audio::pause_music()
 .text._ZN2bn2hw5audio12resume_musicEv
                0x000000000800cf54        0xc bn_hw_audio.bn_noflto.o
                0x000000000800cf54                bn::hw::audio::resume_music()
 .text._ZN2bn2hw5audio14music_positionEv
                0x000000000800cf60        0xc bn_hw_audio.bn_noflto.o
                0x000000000800cf60                bn::hw::audio::music_position()
 .text._ZN2bn2hw5audio18set_music_positionEi
                0x000000000800cf6c        0xc bn_hw_audio.bn_noflto.o
                0x000000000800cf6c                bn::hw::audio::set_music_position(int)
 .text._ZN2bn2hw5audio16set_music_volumeEi
                0x000000000800cf78        0xc bn_hw_audio.bn_noflto.o
                0x000000000800cf78                bn::hw::audio::set_music_volume(int)
 .text._ZN2bn2hw5audio15set_music_tempoEi
                0x000000000800cf84        0xc bn_hw_audio.bn_noflto.o
                0x000000000800cf84                bn::hw::audio::set_music_tempo(int)
 .text._ZN2bn2hw5audio15set_music_pitchEi
                0x000000000800cf90        0xc bn_hw_audio.bn_noflto.o
                0x000000000800cf90                bn::hw::audio::set_music_pitch(int)
 .text._ZN2bn2hw5audio22disable_vblank_handlerEv
                0x000000000800cf9c       0x14 bn_hw_audio.bn_noflto.o
                0x000000000800cf9c                bn::hw::audio::disable_vblank_handler()
 .text._ZN2bn2hw5audio6updateEb
                0x000000000800cfb0       0x18 bn_hw_audio.bn_noflto.o
                0x000000000800cfb0                bn::hw::audio::update(bool)
 .text._ZN2bn2hw5audio6commitEv
                0x000000000800cfc8       0x20 bn_hw_audio.bn_noflto.o
                0x000000000800cfc8                bn::hw::audio::commit()
 .text._ZN2bn2hw5audio12_GLOBAL__N_119_add_sound_to_queueEit
                0x000000000800cfe8       0xa0 bn_hw_audio.bn_noflto.o
 .text._ZN2bn2hw5audio15stop_all_soundsEv
                0x000000000800d088       0x6c bn_hw_audio.bn_noflto.o
                0x000000000800d088                bn::hw::audio::stop_all_sounds()
 .text._ZN2bn2hw5audio12_GLOBAL__N_119_check_sounds_queueEv.part.0
                0x000000000800d0f4       0x98 bn_hw_audio.bn_noflto.o
 .text._ZN2bn2hw5audio10play_soundEiiiii
                0x000000000800d18c       0x44 bn_hw_audio.bn_noflto.o
                0x000000000800d18c                bn::hw::audio::play_sound(int, int, int, int, int)
 .text._ZN2bn2hw5audio10play_soundEii
                0x000000000800d1d0       0x30 bn_hw_audio.bn_noflto.o
                0x000000000800d1d0                bn::hw::audio::play_sound(int, int)
 .text._ZN2bn2hw5audio19update_sounds_queueEv
                0x000000000800d200       0x90 bn_hw_audio.bn_noflto.o
                0x000000000800d200                bn::hw::audio::update_sounds_queue()
 .text.startup._GLOBAL__sub_I__ZN2bn2hw5audio4initEv
                0x000000000800d290       0x30 bn_hw_audio.bn_noflto.o
 .text.exit._GLOBAL__sub_D__ZN2bn2hw5audio4initEv
                0x000000000800d2c0       0x74 bn_hw_audio.bn_noflto.o
 .text._ZN3_bn6assert9show_argsIA40_cEEvPKcS4_S4_iRKT_
                0x000000000800d334       0x50 bn_hw_common.bn_noflto.o
                0x000000000800d334                void _bn::assert::show_args<char [40]>(char const*, char const*, char const*, int, char const (&) [40])
 .text.__aeabi_idiv0
                0x000000000800d384       0x24 bn_hw_common.bn_noflto.o
                0x000000000800d384                __aeabi_idiv0
 .text._ZN2bn2hw8game_pak14_slow_game_pakEv
                0x000000000800d3a8       0x88 bn_hw_game_pak.bn_ewram.o
                0x000000000800d3a8                bn::hw::game_pak::_slow_game_pak()
 .text._ZN2bn2hw8game_pak4initEv
                0x000000000800d430       0x28 bn_hw_game_pak.o
                0x000000000800d430                bn::hw::game_pak::init()
 .text._ZN2bn2hw3irq4initEv
                0x000000000800d458        0xc bn_hw_irq.o
                0x000000000800d458                bn::hw::irq::init()
 .text._ZN2bn2hw3irq7set_isrENS1_2idEPFvvE
                0x000000000800d464       0x10 bn_hw_irq.o
                0x000000000800d464                bn::hw::irq::set_isr(bn::hw::irq::id, void (*)())
 .text._ZN2bn2hw3irq6enableENS1_2idE
                0x000000000800d474       0x10 bn_hw_irq.o
                0x000000000800d474                bn::hw::irq::enable(bn::hw::irq::id)
 .text._ZN2bn2hw3irq7disableENS1_2idE
                0x000000000800d484       0x10 bn_hw_irq.o
                0x000000000800d484                bn::hw::irq::disable(bn::hw::irq::id)
 .text._ZN2bn2hw4link12_GLOBAL__N_119_resetStateCallbackEv
                0x000000000800d494       0x4c bn_hw_link.o
 .text._ZN2bn2hw4link4initEv
                0x000000000800d4e0       0xc0 bn_hw_link.o
                0x000000000800d4e0                bn::hw::link::init()
 .text._ZN2bn2hw4link6activeEv
                0x000000000800d5a0       0x10 bn_hw_link.o
                0x000000000800d5a0                bn::hw::link::active()
 .text._ZN2bn2hw4link7disableEv
                0x000000000800d5b0       0x6c bn_hw_link.o
                0x000000000800d5b0                bn::hw::link::disable()
 .text._ZN2bn2hw4link6commitEv
                0x000000000800d61c       0x30 bn_hw_link.o
                0x000000000800d61c                bn::hw::link::commit()
 .text._ZN2bn2hw4link11_timer_intrEv
                0x000000000800d64c       0xf8 bn_hw_link.o
                0x000000000800d64c                bn::hw::link::_timer_intr()
 .text._ZN2bn2hw4link12_serial_intrEv
                0x000000000800d744      0x1bc bn_hw_link.o
                0x000000000800d744                bn::hw::link::_serial_intr()
 .text._ZN2bn2hw4link12_GLOBAL__N_117_sendDataCallbackEv
                0x000000000800d900       0xe0 bn_hw_link.o
 .text._ZN2bn2hw4link12_GLOBAL__N_124_receiveResponseCallbackERK12LinkResponse
                0x000000000800d9e0      0x158 bn_hw_link.o
 .text.startup._GLOBAL__sub_I__ZN2bn2hw4link4initEv
                0x000000000800db38       0x68 bn_hw_link.o
 .text._ZN2bn2hw3logERKNS_12istring_baseE
                0x000000000800dba0       0x58 bn_hw_log.o
                0x000000000800dba0                bn::hw::log(bn::istring_base const&)
 .text._ZN2bn2hw6memory4initEv
                0x000000000800dbf8        0x4 bn_hw_memory.o
                0x000000000800dbf8                bn::hw::memory::init()
 .text._ZN2bn2hw6memory16ewram_heap_startEv
                0x000000000800dbfc        0x8 bn_hw_memory.o
                0x000000000800dbfc                bn::hw::memory::ewram_heap_start()
 .text._ZN2bn2hw6memory14ewram_heap_endEv
                0x000000000800dc04        0x8 bn_hw_memory.o
                0x000000000800dc04                bn::hw::memory::ewram_heap_end()
 .text._ZN2bn2hw8palettes12_GLOBAL__N_110lut_effectEPKNS_5colorEPKhiPS3_
                0x000000000800dc0c       0x40 bn_hw_palettes.o
 .text._ZN2bn2hw8palettes10brightnessEPKNS_5colorEiiPS2_
                0x000000000800dc4c       0x54 bn_hw_palettes.o
                0x000000000800dc4c                bn::hw::palettes::brightness(bn::color const*, int, int, bn::color*)
 .text._ZN2bn2hw8palettes8contrastEPKNS_5colorEiiPS2_
                0x000000000800dca0       0x18 bn_hw_palettes.o
                0x000000000800dca0                bn::hw::palettes::contrast(bn::color const*, int, int, bn::color*)
 .text._ZN2bn2hw8palettes9intensityEPKNS_5colorEiiPS2_
                0x000000000800dcb8       0x18 bn_hw_palettes.o
                0x000000000800dcb8                bn::hw::palettes::intensity(bn::color const*, int, int, bn::color*)
 .text._ZN2bn2hw8palettes9hue_shiftEPKNS_5colorEiiPS2_
                0x000000000800dcd0      0x154 bn_hw_palettes.o
                0x000000000800dcd0                bn::hw::palettes::hue_shift(bn::color const*, int, int, bn::color*)
 .text._ZN2bn2hw8palettes6rotateEPKNS_5colorEiiPS2_
                0x000000000800de24       0x2c bn_hw_palettes.o
                0x000000000800de24                bn::hw::palettes::rotate(bn::color const*, int, int, bn::color*)
 .text._ZN2bn2hw4show5errorERKNS_11system_fontERKNS_11string_viewES7_S7_iS7_S7_
                0x000000000800de50      0x318 bn_hw_show.o
                0x000000000800de50                bn::hw::show::error(bn::system_font const&, bn::string_view const&, bn::string_view const&, bn::string_view const&, int, bn::string_view const&, bn::string_view const&)
 .text._ZN2bn2hw4sram4initEv
                0x000000000800e168       0x18 bn_hw_sram.o
                0x000000000800e168                bn::hw::sram::init()
 .text._ZN2bn11system_fontC2Ev
                0x000000000800e180       0x18 bn_hw_system_font.o
                0x000000000800e180                bn::system_font::system_font()
                0x000000000800e180                bn::system_font::system_font()
 .text._ZNK2bn11system_font8tte_fontEv
                0x000000000800e198        0x4 bn_hw_system_font.o
                0x000000000800e198                bn::system_font::tte_font() const
 .text._ZN2bn2hw4text5parseEiRNS_5arrayIcLi32EEE
                0x000000000800e19c       0xbc bn_hw_text.o
                0x000000000800e19c                bn::hw::text::parse(int, bn::array<char, 32>&)
 .text._ZN2bn2hw4text5parseEjRNS_5arrayIcLi32EEE
                0x000000000800e258       0xa0 bn_hw_text.o
                0x000000000800e258                bn::hw::text::parse(unsigned int, bn::array<char, 32>&)
 .text._ZN2bn2hw4text5parseEPKvRNS_5arrayIcLi32EEE
                0x000000000800e2f8       0x30 bn_hw_text.o
                0x000000000800e2f8                bn::hw::text::parse(void const*, bn::array<char, 32>&)
 .text.clr_grayscale
                0x000000000800e328       0x78 tonc_color.o
                0x000000000800e328                clr_grayscale
 .text.sbmp16_rect
                0x000000000800e3a0       0x64 tonc_sbmp16.o
                0x000000000800e3a0                sbmp16_rect
 .text.bmp16_drawg_b1cts
                0x000000000800e404       0xb0 bmp16_drawg_b1cs.o
                0x000000000800e404                bmp16_drawg_b1cts
 .text.bmp16_erase
                0x000000000800e4b4       0x24 tte_init_bmp.o
                0x000000000800e4b4                bmp16_erase
 .text.tte_init_bmp
                0x000000000800e4d8       0x60 tte_init_bmp.o
                0x000000000800e4d8                tte_init_bmp
 .text.dummy_drawg
                0x000000000800e538        0x4 tte_main.o
                0x000000000800e538                dummy_drawg
 .text.dummy_erase
                0x000000000800e53c        0x4 tte_main.o
                0x000000000800e53c                dummy_erase
 .text.tte_init_base
                0x000000000800e540       0x68 tte_main.o
                0x000000000800e540                tte_init_base
 .text.utf8_decode_char
                0x000000000800e5a8       0xb4 tte_main.o
                0x000000000800e5a8                utf8_decode_char
 .text.tte_write
                0x000000000800e65c       0xe8 tte_main.o
                0x000000000800e65c                tte_write
 .text.tte_get_text_size
                0x000000000800e744       0xa4 tte_main.o
                0x000000000800e744                tte_get_text_size
 .text.tte_set_margins
                0x000000000800e7e8       0x18 tte_main.o
                0x000000000800e7e8                tte_set_margins
 .text.IRQ_Init
                0x000000000800e800       0x48 interrupts_gba.o
                0x000000000800e800                IRQ_Init
 .text.IRQ_SetHandler
                0x000000000800e848       0x10 interrupts_gba.o
                0x000000000800e848                IRQ_SetHandler
 .text.IRQ_Enable
                0x000000000800e858       0x64 interrupts_gba.o
                0x000000000800e858                IRQ_Enable
 .text.IRQ_Disable
                0x000000000800e8bc       0x60 interrupts_gba.o
                0x000000000800e8bc                IRQ_Disable
 .text.channel3_refresh_registers
                0x000000000800e91c       0xd0 gbt_player.o
 .text.gbt_refresh_pattern_ptr
                0x000000000800e9ec       0x84 gbt_player.o
 .text.gbt_ch1234_nop
                0x000000000800ea70        0x4 gbt_player.o
 .text.gbt_ch1234_speed
                0x000000000800ea74       0x10 gbt_player.o
 .text.gbt_ch1234_jump_pattern
                0x000000000800ea84       0x14 gbt_player.o
 .text.gbt_ch1234_jump_position
                0x000000000800ea98       0x1c gbt_player.o
 .text.gbt_ch1234_event
                0x000000000800eab4       0x24 gbt_player.o
 .text.gbt_ch1_pan
                0x000000000800ead8       0x10 gbt_player.o
 .text.gbt_ch1_cut_note
                0x000000000800eae8       0x10 gbt_player.o
 .text.gbt_ch1_arpeggio
                0x000000000800eaf8       0x34 gbt_player.o
 .text.gbt_ch1_vibrato
                0x000000000800eb2c       0x20 gbt_player.o
 .text.gbt_ch1_volslide
                0x000000000800eb4c       0x10 gbt_player.o
 .text.gbt_ch2_pan
                0x000000000800eb5c       0x10 gbt_player.o
 .text.gbt_ch2_cut_note
                0x000000000800eb6c       0x10 gbt_player.o
 .text.gbt_ch2_arpeggio
                0x000000000800eb7c       0x34 gbt_player.o
 .text.gbt_ch2_vibrato
                0x000000000800ebb0       0x20 gbt_player.o
 .text.gbt_ch2_volslide
                0x000000000800ebd0       0x10 gbt_player.o
 .text.gbt_ch3_pan
                0x000000000800ebe0       0x10 gbt_player.o
 .text.gbt_ch3_cut_note
                0x000000000800ebf0       0x10 gbt_player.o
 .text.gbt_ch3_arpeggio
                0x000000000800ec00       0x34 gbt_player.o
 .text.gbt_ch3_vibrato
                0x000000000800ec34       0x20 gbt_player.o
 .text.gbt_ch4_pan
                0x000000000800ec54       0x14 gbt_player.o
 .text.gbt_ch4_cut_note
                0x000000000800ec68       0x10 gbt_player.o
 .text.gbt_ch4_volslide
                0x000000000800ec78       0x10 gbt_player.o
 .text.gbt_update_refresh_panning
                0x000000000800ec88       0x50 gbt_player.o
 .text.gbt_run_startup_commands.part.0
                0x000000000800ecd8       0xd0 gbt_player.o
 .text.gbt_update_effects_internal
                0x000000000800eda8      0x2cc gbt_player.o
 .text.gbt_play
                0x000000000800f074      0x1dc gbt_player.o
                0x000000000800f074                gbt_play
 .text.gbt_volume
                0x000000000800f250       0x68 gbt_player.o
                0x000000000800f250                gbt_volume
 .text.gbt_is_playing
                0x000000000800f2b8        0xc gbt_player.o
                0x000000000800f2b8                gbt_is_playing
 .text.gbt_pause
                0x000000000800f2c4       0x48 gbt_player.o
                0x000000000800f2c4                gbt_pause
 .text.gbt_loop
                0x000000000800f30c        0xc gbt_player.o
                0x000000000800f30c                gbt_loop
 .text.gbt_stop
                0x000000000800f318       0x24 gbt_player.o
                0x000000000800f318                gbt_stop
 .text.gbt_update
                0x000000000800f33c      0x678 gbt_player.o
                0x000000000800f33c                gbt_update
 .text.gbt_get_position
                0x000000000800f9b4       0x4c gbt_player.o
                0x000000000800f9b4                gbt_get_position
 .text.gbt_set_position
                0x000000000800fa00       0xe0 gbt_player.o
                0x000000000800fa00                gbt_set_position
 .text          0x000000000800fae0       0x8c tonc_bios.o
                0x000000000800fae0                SoftReset
                0x000000000800fae4                RegisterRamReset
                0x000000000800fae8                Halt
                0x000000000800faec                Stop
                0x000000000800faf0                IntrWait
                0x000000000800faf4                VBlankIntrWait
                0x000000000800faf8                Div
                0x000000000800fafc                DivArm
                0x000000000800fb00                Sqrt
                0x000000000800fb04                ArcTan
                0x000000000800fb08                ArcTan2
                0x000000000800fb0c                CpuSet
                0x000000000800fb10                CpuFastSet
                0x000000000800fb14                BiosCheckSum
                0x000000000800fb18                BgAffineSet
                0x000000000800fb1c                ObjAffineSet
                0x000000000800fb20                BitUnPack
                0x000000000800fb24                LZ77UnCompWram
                0x000000000800fb28                LZ77UnCompVram
                0x000000000800fb2c                HuffUnComp
                0x000000000800fb30                RLUnCompWram
                0x000000000800fb34                RLUnCompVram
                0x000000000800fb38                Diff8bitUnFilterWram
                0x000000000800fb3c                Diff8bitUnFilterVram
                0x000000000800fb40                Diff16bitUnFilter
                0x000000000800fb44                SoundBias
                0x000000000800fb48                SoundDriverInit
                0x000000000800fb4c                SoundDriverMode