Archive member included to satisfy reference by file (symbol)

/opt/devkitpro/libgba/lib/libmm.a(mm_mas.o)
                              bn_hw_audio.bn_noflto.o (mmStart)
/opt/devkitpro/libgba/lib/libmm.a(mm_main.o)
                              /opt/devkitpro/libgba/lib/libmm.a(mm_mas.o) (mmCallback)
/opt/devkitpro/libgba/lib/libmm.a(mm_effect.o)
                              bn_hw_audio.bn_noflto.o (mmEffect)
/opt/devkitpro/libgba/lib/libmm.a(mm_mas_arm.o)
                              /opt/devkitpro/libgba/lib/libmm.a(mm_mas.o) (mmAllocChannel)
/opt/devkitpro/libgba/lib/libmm.a(mm_mixer_gba.o)
                              bn_hw_audio.bn_noflto.o (mmVBlank)
/opt/devkitpro/libgba/lib/libmm.a(mm_main_gba.o)
                              /opt/devkitpro/libgba/lib/libmm.a(mm_mixer_gba.o) (mm_vblank_function)
/opt/devkitpro/devkitARM/bin/../lib/gcc/arm-none-eabi/12.2.0/thumb/libgcc.a(_call_via_rX.o)
                              /opt/devkitpro/libgba/lib/libmm.a(mm_main_gba.o) (_call_via_r1)
/opt/devkitpro/devkitARM/bin/../lib/gcc/arm-none-eabi/12.2.0/thumb/libgcc.a(_aeabi_ldivmod.o)
                              bn_hw_text.o (__aeabi_ldivmod)
/opt/devkitpro/devkitARM/bin/../lib/gcc/arm-none-eabi/12.2.0/thumb/libgcc.a(_aeabi_uldivmod.o)
                              bn_hw_text.o (__aeabi_uldivmod)
/opt/devkitpro/devkitARM/bin/../lib/gcc/arm-none-eabi/12.2.0/thumb/libgcc.a(_udivmoddi4.o)
                              /opt/devkitpro/devkitARM/bin/../lib/gcc/arm-none-eabi/12.2.0/thumb/libgcc.a(_aeabi_ldivmod.o) (__udivmoddi4)
/opt/devkitpro/devkitARM/bin/../lib/gcc/arm-none-eabi/12.2.0/../../../../arm-none-eabi/lib/thumb/libg.a(lib_a-init.o)
                              /opt/devkitpro/devkitARM/bin/../lib/gcc/arm-none-eabi/12.2.0/../../../../arm-none-eabi/lib/thumb/gba_crt0.o (__libc_init_array)
/opt/devkitpro/devkitARM/bin/../lib/gcc/arm-none-eabi/12.2.0/../../../../arm-none-eabi/lib/thumb/libg.a(lib_a-memcmp.o)
                              pk_scenemanager.o (memcmp)
/opt/devkitpro/devkitARM/bin/../lib/gcc/arm-none-eabi/12.2.0/../../../../arm-none-eabi/lib/thumb/libsysbase.a(malloc_vars.o)
                              /opt/devkitpro/devkitARM/bin/../lib/gcc/arm-none-eabi/12.2.0/../../../../arm-none-eabi/lib/thumb/gba_crt0.o (fake_heap_end)

Discarded input sections

 .text          0x0000000000000000        0x0 /opt/devkitpro/devkitARM/bin/../lib/gcc/arm-none-eabi/12.2.0/../../../../arm-none-eabi/lib/thumb/gba_crt0.o
 .data          0x0000000000000000        0x0 /opt/devkitpro/devkitARM/bin/../lib/gcc/arm-none-eabi/12.2.0/../../../../arm-none-eabi/lib/thumb/gba_crt0.o
 .bss           0x0000000000000000        0x0 /opt/devkitpro/devkitARM/bin/../lib/gcc/arm-none-eabi/12.2.0/../../../../arm-none-eabi/lib/thumb/gba_crt0.o
 .text          0x0000000000000000        0x0 /opt/devkitpro/devkitARM/bin/../lib/gcc/arm-none-eabi/12.2.0/thumb/crti.o
 .data          0x0000000000000000        0x0 /opt/devkitpro/devkitARM/bin/../lib/gcc/arm-none-eabi/12.2.0/thumb/crti.o
 .bss           0x0000000000000000        0x0 /opt/devkitpro/devkitARM/bin/../lib/gcc/arm-none-eabi/12.2.0/thumb/crti.o
 .text          0x0000000000000000        0x0 /opt/devkitpro/devkitARM/bin/../lib/gcc/arm-none-eabi/12.2.0/thumb/crtbegin.o
 .data          0x0000000000000000        0x0 /opt/devkitpro/devkitARM/bin/../lib/gcc/arm-none-eabi/12.2.0/thumb/crtbegin.o
 .bss           0x0000000000000000        0x0 /opt/devkitpro/devkitARM/bin/../lib/gcc/arm-none-eabi/12.2.0/thumb/crtbegin.o
 .rodata.all_implied_fbits
                0x0000000000000000       0x24 /opt/devkitpro/devkitARM/bin/../lib/gcc/arm-none-eabi/12.2.0/thumb/crtbegin.o
 .data.__dso_handle
                0x0000000000000000        0x4 /opt/devkitpro/devkitARM/bin/../lib/gcc/arm-none-eabi/12.2.0/thumb/crtbegin.o
 .text          0x0000000000000000        0x0 _bn_audio_soundbank.bin.o
 .data          0x0000000000000000        0x0 _bn_audio_soundbank.bin.o
 .bss           0x0000000000000000        0x0 _bn_audio_soundbank.bin.o
 .text          0x0000000000000000        0x0 background_bn_gfx.o
 .data          0x0000000000000000        0x0 background_bn_gfx.o
 .bss           0x0000000000000000        0x0 background_bn_gfx.o
 .text          0x0000000000000000        0x0 common_fixed_8x16_font_bn_gfx.o
 .data          0x0000000000000000        0x0 common_fixed_8x16_font_bn_gfx.o
 .bss           0x0000000000000000        0x0 common_fixed_8x16_font_bn_gfx.o
 .rodata        0x0000000000000000     0x1ba0 common_fixed_8x16_font_bn_gfx.o
 .text          0x0000000000000000        0x0 common_fixed_8x8_font_bn_gfx.o
 .data          0x0000000000000000        0x0 common_fixed_8x8_font_bn_gfx.o
 .bss           0x0000000000000000        0x0 common_fixed_8x8_font_bn_gfx.o
 .rodata        0x0000000000000000      0xde0 common_fixed_8x8_font_bn_gfx.o
 .text          0x0000000000000000        0x0 common_variable_16x16_font_bn_gfx.o
 .data          0x0000000000000000        0x0 common_variable_16x16_font_bn_gfx.o
[...]
Memory Configuration

Name             Origin             Length             Attributes
rom              0x0000000008000000 0x0000000002000000
iwram            0x0000000003000000 0x0000000000008000
ewram            0x0000000002000000 0x0000000000040000
*default*        0x0000000000000000 0xffffffffffffffff

Linker script and memory map

                0x0000000008000000                __text_start = ORIGIN (rom)
                0x0000000002040000                __eheap_end = (ORIGIN (ewram) + LENGTH (ewram))
                0x0000000003000000                __iwram_start = ORIGIN (iwram)
                0x0000000003008000                __iwram_top = (ORIGIN (iwram) + LENGTH (iwram))
                0x0000000003007fa0                __sp_irq = (__iwram_top - 0x60)
                0x0000000003007f00                __sp_usr = (__sp_irq - 0xa0)
                0x0000000003007ff8                __irq_flags = 0x3007ff8
                0x0000000008000000                . = __text_start

.crt0           0x0000000008000000      0x210
 *(.crt0)
 .crt0          0x0000000008000000      0x210 /opt/devkitpro/devkitARM/bin/../lib/gcc/arm-none-eabi/12.2.0/../../../../arm-none-eabi/lib/thumb/gba_crt0.o
                0x0000000008000000                _start
                0x00000000080000c4                __boot_method
                0x00000000080000c5                __slave_number
                0x00000000080000e0                start_vector
                0x0000000008000210                . = ALIGN (0x4)

.init           0x0000000008000210        0xc
 *(SORT_NONE(.init))
 .init          0x0000000008000210        0x4 /opt/devkitpro/devkitARM/bin/../lib/gcc/arm-none-eabi/12.2.0/thumb/crti.o
                0x0000000008000210                _init
 .init          0x0000000008000214        0x8 /opt/devkitpro/devkitARM/bin/../lib/gcc/arm-none-eabi/12.2.0/thumb/crtn.o

.plt            0x000000000800021c        0x0
 *(.plt)
                0x000000000800021c                . = ALIGN (0x4)

.text           0x0000000008000220    0x119d0
 *(EXCLUDE_FILE(*.iwram*) .text*)
 .text.__do_global_dtors_aux
                0x0000000008000220       0x2c /opt/devkitpro/devkitARM/bin/../lib/gcc/arm-none-eabi/12.2.0/thumb/crtbegin.o
 .text.frame_dummy
                0x000000000800024c       0x24 /opt/devkitpro/devkitARM/bin/../lib/gcc/arm-none-eabi/12.2.0/thumb/crtbegin.o
 .text._ZN3_bn6assert9show_argsIA16_ciEEvPKcS4_S4_iRKT_RKT0_
                0x0000000008000270       0x58 common_info.o
                0x0000000008000270                void _bn::assert::show_args<char [16], int>(char const*, char const*, char const*, int, char const (&) [16], int const&)
 .text._ZN3_bn6assert9show_argsIA15_ciEEvPKcS4_S4_iRKT_RKT0_
                0x00000000080002c8       0x58 common_stats.o
                0x00000000080002c8                void _bn::assert::show_args<char [15], int>(char const*, char const*, char const*, int, char const (&) [15], int const&)
 .text.startup.main
                0x0000000008000320       0x30 main.o
                0x0000000008000320                main
 .text.startup._GLOBAL__sub_I_main
                0x0000000008000350       0x38 main.o
 .text.exit._GLOBAL__sub_D_main
                0x0000000008000388       0x50 main.o
 .text.startup._ZN2pk5Scene4mainEv
                0x00000000080003d8        0x4 pk_menu_scene.o
                0x00000000080003d8                pk::Scene::main()
 .text._ZN2pk11scene_types9MenuSceneC2EN2bn11string_viewEPKNS2_15regular_bg_itemE
                0x00000000080003dc       0x18 pk_menu_scene.o
                0x00000000080003dc                pk::scene_types::MenuScene::MenuScene(bn::string_view, bn::regular_bg_item const*)
                0x00000000080003dc                pk::scene_types::MenuScene::MenuScene(bn::string_view, bn::regular_bg_item const*)
 .text.startup._ZN2pk6scenes7SaveSel4mainEv
                0x00000000080003f4        0x8 pk_save_sel.o
                0x00000000080003f4                pk::scenes::SaveSel::main()
 .text._ZN2pk6scenes7SaveSelC2Ev
                0x00000000080003fc       0x38 pk_save_sel.o
                0x00000000080003fc                pk::scenes::SaveSel::SaveSel()
                0x00000000080003fc                pk::scenes::SaveSel::SaveSel()
 .text.startup._GLOBAL__sub_I__ZN2pk6scenes7SaveSelC2Ev
                0x0000000008000434       0x38 pk_save_sel.o
 .text.exit._GLOBAL__sub_D__ZN2pk6scenes7SaveSelC2Ev
                0x000000000800046c       0x50 pk_save_sel.o
 .text._ZN3_bn6assert9show_argsIA24_cEEvPKcS4_S4_iRKT_
                0x00000000080004bc       0x50 pk_scenemanager.o
                0x00000000080004bc                void _bn::assert::show_args<char [24]>(char const*, char const*, char const*, int, char const (&) [24])
 .text._ZN2pk12SceneManager4loadEi
                0x000000000800050c       0xd8 pk_scenemanager.o
                0x000000000800050c                pk::SceneManager::load(int)
 .text._ZN2pk12SceneManager4loadEN2bn11string_viewE
                0x00000000080005e4       0x6c pk_scenemanager.o
                0x00000000080005e4                pk::SceneManager::load(bn::string_view)
 .text.startup._GLOBAL__sub_I__ZN2pk12SceneManager4loadEi
                0x0000000008000650       0x38 pk_scenemanager.o
 .text.exit._GLOBAL__sub_D__ZN2pk12SceneManager4loadEi
                0x0000000008000688       0x50 pk_scenemanager.o
 .text._ZN2pk6scenes10TitleSceneC2Ev
                0x00000000080006d8       0x38 pk_title_scene.o
                0x00000000080006d8                pk::scenes::TitleScene::TitleScene()
                0x00000000080006d8                pk::scenes::TitleScene::TitleScene()
 .text._ZN3_bn6assert9show_argsIA22_cEEvPKcS4_S4_iRKT_
                0x0000000008000710       0x50 pk_title_scene.o
                0x0000000008000710                void _bn::assert::show_args<char [22]>(char const*, char const*, char const*, int, char const (&) [22])
 .text.startup._ZN2pk6scenes10TitleScene4mainEv
                0x0000000008000760       0xa0 pk_title_scene.o
                0x0000000008000760                pk::scenes::TitleScene::main()
 .text.startup._GLOBAL__sub_I__ZN2pk6scenes10TitleSceneC2Ev
                0x0000000008000800       0x38 pk_title_scene.o
 .text.exit._GLOBAL__sub_D__ZN2pk6scenes10TitleSceneC2Ev
                0x0000000008000838       0x50 pk_title_scene.o
 .text._ZN2bn13audio_manager4initEv
                0x0000000008000888        0xc bn_audio_manager.o
                0x0000000008000888                bn::audio_manager::init()
 .text._ZN2bn13audio_manager7disableEv
                0x0000000008000894        0xc bn_audio_manager.o
                0x0000000008000894                bn::audio_manager::disable()
 .text._ZN2bn13audio_manager22disable_vblank_handlerEv
                0x00000000080008a0        0xc bn_audio_manager.o
                0x00000000080008a0                bn::audio_manager::disable_vblank_handler()
 .text._ZN2bn13audio_manager6updateEv
                0x00000000080008ac       0x18 bn_audio_manager.o
                0x00000000080008ac                bn::audio_manager::update()
 .text._ZN2bn13audio_manager6commitEv
                0x00000000080008c4        0xc bn_audio_manager.o
                0x00000000080008c4                bn::audio_manager::commit()
 .text._ZN3_bn6assert9show_argsIA18_ciEEvPKcS4_S4_iRKT_RKT0_
                0x00000000080008d0       0x58 bn_audio_manager.o
                0x00000000080008d0                void _bn::assert::show_args<char [18], int>(char const*, char const*, char const*, int, char const (&) [18], int const&)
 .text._ZN3_bn6assert9show_argsIA14_ciEEvPKcS4_S4_iRKT_RKT0_
                0x0000000008000928       0x58 bn_audio_manager.o
                0x0000000008000928                void _bn::assert::show_args<char [14], int>(char const*, char const*, char const*, int, char const (&) [14], int const&)
 .text._ZN2bn13audio_manager16execute_commandsEv
                0x0000000008000980      0x240 bn_audio_manager.o
                0x0000000008000980                bn::audio_manager::execute_commands()
 .text._ZN3_bn6assert9show_argsIA26_ciEEvPKcS4_S4_iRKT_RKT0_
                0x0000000008000bc0       0x58 bn_audio_manager.o
                0x0000000008000bc0                void _bn::assert::show_args<char [26], int>(char const*, char const*, char const*, int, char const (&) [26], int const&)
 .text._ZN3_bn6assert9show_argsIA33_cEEvPKcS4_S4_iRKT_
                0x0000000008000c18       0x50 bn_audio_manager.o
                0x0000000008000c18                void _bn::assert::show_args<char [33]>(char const*, char const*, char const*, int, char const (&) [33])
 .text._ZN3_bn6assert9show_argsIA25_cEEvPKcS4_S4_iRKT_
                0x0000000008000c68       0x50 bn_audio_manager.o
                0x0000000008000c68                void _bn::assert::show_args<char [25]>(char const*, char const*, char const*, int, char const (&) [25])
 .text._ZN2bn13audio_manager10stop_musicEv
                0x0000000008000cb8       0x70 bn_audio_manager.o
                0x0000000008000cb8                bn::audio_manager::stop_music()
 .text._ZN2bn13audio_manager4stopEv
                0x0000000008000d28       0x60 bn_audio_manager.o
                0x0000000008000d28                bn::audio_manager::stop()
 .text.startup._GLOBAL__sub_I__ZN2bn5audio16update_on_vblankEv
                0x0000000008000d88       0x38 bn_audio_manager.o
 .text._ZN2bn18best_fit_allocator4freeEPv
                0x0000000008000dc0      0x110 bn_best_fit_allocator.o
                0x0000000008000dc0                bn::best_fit_allocator::free(void*)
 .text._ZN3_bn6assert9show_argsIA23_cEEvPKcS4_S4_iRKT_
                0x0000000008000ed0       0x50 bn_best_fit_allocator.o
                0x0000000008000ed0                void _bn::assert::show_args<char [23]>(char const*, char const*, char const*, int, char const (&) [23])
 .text._ZN2bn18best_fit_allocatorD2Ev
                0x0000000008000f20       0x34 bn_best_fit_allocator.o
                0x0000000008000f20                bn::best_fit_allocator::~best_fit_allocator()
                0x0000000008000f20                bn::best_fit_allocator::~best_fit_allocator()
 .text._ZN2bn18best_fit_allocator5allocEi
                0x0000000008000f54      0x160 bn_best_fit_allocator.o
                0x0000000008000f54                bn::best_fit_allocator::alloc(int)
 .text._ZN3_bn6assert9show_argsIA14_cEEvPKcS4_S4_iRKT_
                0x00000000080010b4       0x50 bn_best_fit_allocator.o
                0x00000000080010b4                void _bn::assert::show_args<char [14]>(char const*, char const*, char const*, int, char const (&) [14])
 .text._ZN3_bn6assert9show_argsIA21_cEEvPKcS4_S4_iRKT_
                0x0000000008001104       0x50 bn_best_fit_allocator.o
                0x0000000008001104                void _bn::assert::show_args<char [21]>(char const*, char const*, char const*, int, char const (&) [21])
 .text._ZN2bn18best_fit_allocator5resetEPvi
                0x0000000008001154       0xc4 bn_best_fit_allocator.o
                0x0000000008001154                bn::best_fit_allocator::reset(void*, int)
 .text._ZN2bn17bg_blocks_manager12_GLOBAL__N_125_regular_map_blocks_countEii
                0x0000000008001218       0x38 bn_bg_blocks_manager.o
 .text._ZN2bn13ostringstream11append_argsIiJA4_ctEEEvRKT_DpRKT0_.isra.0
                0x0000000008001250       0x24 bn_bg_blocks_manager.o
 .text._ZN2bn13ostringstream11append_argsIiJA4_ciEEEvRKT_DpRKT0_.isra.0
                0x0000000008001274       0x24 bn_bg_blocks_manager.o
 .text._ZNK2bn18regular_bg_map_ptr2idEv
                0x0000000008001298       0x18 bn_bg_blocks_manager.o
                0x0000000008001298                bn::regular_bg_map_ptr::id() const
 .text._ZNK2bn18regular_bg_map_ptr10dimensionsEv
                0x00000000080012b0       0x20 bn_bg_blocks_manager.o
                0x00000000080012b0                bn::regular_bg_map_ptr::dimensions() const
 .text._ZNK2bn20regular_bg_tiles_ptr3cbbEv
                0x00000000080012d0       0x18 bn_bg_blocks_manager.o
                0x00000000080012d0                bn::regular_bg_tiles_ptr::cbb() const
 .text._ZNK2bn17affine_bg_map_ptr2idEv
                0x00000000080012e8       0x18 bn_bg_blocks_manager.o
                0x00000000080012e8                bn::affine_bg_map_ptr::id() const
 .text._ZNK2bn17affine_bg_map_ptr10dimensionsEv
                0x0000000008001300       0x20 bn_bg_blocks_manager.o
                0x0000000008001300                bn::affine_bg_map_ptr::dimensions() const
 .text._ZNK2bn19affine_bg_tiles_ptr3cbbEv
                0x0000000008001320       0x18 bn_bg_blocks_manager.o
                0x0000000008001320                bn::affine_bg_tiles_ptr::cbb() const
 .text._ZN2bn17bg_blocks_manager10log_statusEv
                0x0000000008001338      0x3f8 bn_bg_blocks_manager.o
                0x0000000008001338                bn::bg_blocks_manager::log_status()
 .text._ZN2bn17bg_blocks_manager15decrease_usagesEi
                0x0000000008001730       0x98 bn_bg_blocks_manager.o
                0x0000000008001730                bn::bg_blocks_manager::decrease_usages(int)
 .text._ZN2bn18regular_bg_map_ptrD2Ev
                0x00000000080017c8       0x18 bn_bg_blocks_manager.o
                0x00000000080017c8                bn::regular_bg_map_ptr::~regular_bg_map_ptr()
                0x00000000080017c8                bn::regular_bg_map_ptr::~regular_bg_map_ptr()
 .text._ZN2bn17affine_bg_map_ptrD2Ev
                0x00000000080017e0       0x18 bn_bg_blocks_manager.o
                0x00000000080017e0                bn::affine_bg_map_ptr::~affine_bg_map_ptr()
                0x00000000080017e0                bn::affine_bg_map_ptr::~affine_bg_map_ptr()
 .text._ZN2bn17bg_blocks_manager12_GLOBAL__N_110items_list12insert_afterEiRKNS1_9item_typeE.constprop.0
                0x00000000080017f8      0x240 bn_bg_blocks_manager.o
 .text._ZN2bn17bg_blocks_manager4initEv
                0x0000000008001a38       0x7c bn_bg_blocks_manager.o
                0x0000000008001a38                bn::bg_blocks_manager::init()
 .text._ZN2bn17bg_blocks_manager11must_commitEi
                0x0000000008001ab4       0x18 bn_bg_blocks_manager.o
                0x0000000008001ab4                bn::bg_blocks_manager::must_commit(int)
 .text._ZN3_bn6assert9show_argsIA27_ciEEvPKcS4_S4_iRKT_RKT0_
                0x0000000008001acc       0x58 bn_bg_blocks_manager.o
                0x0000000008001acc                void _bn::assert::show_args<char [27], int>(char const*, char const*, char const*, int, char const (&) [27], int const&)
 .text._ZN3_bn6assert9show_argsIJA22_ciA4_ciEEEvPKcS5_S5_iDpRKT_
                0x0000000008001b24       0x5c bn_bg_blocks_manager.o
                0x0000000008001b24                void _bn::assert::show_args<char [22], int, char [4], int>(char const*, char const*, char const*, int, char const (&) [22], int const&, char const (&) [4], int const&)
 .text._ZN3_bn6assert9show_argsIJA58_ciA4_ciEEEvPKcS5_S5_iDpRKT_
                0x0000000008001b80       0x5c bn_bg_blocks_manager.o
                0x0000000008001b80                void _bn::assert::show_args<char [58], int, char [4], int>(char const*, char const*, char const*, int, char const (&) [58], int const&, char const (&) [4], int const&)
 .text._ZN3_bn6assert9show_argsIA22_ciEEvPKcS4_S4_iRKT_RKT0_
                0x0000000008001bdc       0x58 bn_bg_blocks_manager.o
                0x0000000008001bdc                void _bn::assert::show_args<char [22], int>(char const*, char const*, char const*, int, char const (&) [22], int const&)
 .text._ZN3_bn6assert9show_argsIJA44_cPKtA4_cS4_EEEvPKcS7_S7_iDpRKT_
                0x0000000008001c34       0x6c bn_bg_blocks_manager.o
                0x0000000008001c34                void _bn::assert::show_args<char [44], unsigned short const*, char [4], unsigned short const*>(char const*, char const*, char const*, int, char const (&) [44], unsigned short const* const&, char const (&) [4], unsigned short const* const&)
 .text._ZN3_bn6assert9show_argsIJA46_ciA4_ciEEEvPKcS5_S5_iDpRKT_
                0x0000000008001ca0       0x5c bn_bg_blocks_manager.o
                0x0000000008001ca0                void _bn::assert::show_args<char [46], int, char [4], int>(char const*, char const*, char const*, int, char const (&) [46], int const&, char const (&) [4], int const&)
 .text._ZN3_bn6assert9show_argsIJA37_cbA4_cbEEEvPKcS5_S5_iDpRKT_
                0x0000000008001cfc       0x84 bn_bg_blocks_manager.o
                0x0000000008001cfc                void _bn::assert::show_args<char [37], bool, char [4], bool>(char const*, char const*, char const*, int, char const (&) [37], bool const&, char const (&) [4], bool const&)
 .text._ZN3_bn6assert9show_argsIA19_cEEvPKcS4_S4_iRKT_
                0x0000000008001d80       0x50 bn_bg_blocks_manager.o
                0x0000000008001d80                void _bn::assert::show_args<char [19]>(char const*, char const*, char const*, int, char const (&) [19])
 .text._ZN2bn17bg_blocks_manager12_GLOBAL__N_116_find_tiles_implEPKtNS_16compression_typeEib
                0x0000000008001dd0      0x1d8 bn_bg_blocks_manager.o
 .text._ZN3_bn6assert9show_argsIJA34_ciA4_ctEEEvPKcS5_S5_iDpRKT_
                0x0000000008001fa8       0x5c bn_bg_blocks_manager.o
                0x0000000008001fa8                void _bn::assert::show_args<char [34], int, char [4], unsigned short>(char const*, char const*, char const*, int, char const (&) [34], int const&, char const (&) [4], unsigned short const&)
 .text._ZN3_bn6assert9show_argsIJA36_ciA4_ctEEEvPKcS5_S5_iDpRKT_
                0x0000000008002004       0x5c bn_bg_blocks_manager.o
                0x0000000008002004                void _bn::assert::show_args<char [36], int, char [4], unsigned short>(char const*, char const*, char const*, int, char const (&) [36], int const&, char const (&) [4], unsigned short const&)
 .text._ZN3_bn6assert9show_argsIJA54_ciA4_ciEEEvPKcS5_S5_iDpRKT_
                0x0000000008002060       0x5c bn_bg_blocks_manager.o
                0x0000000008002060                void _bn::assert::show_args<char [54], int, char [4], int>(char const*, char const*, char const*, int, char const (&) [54], int const&, char const (&) [4], int const&)
 .text._ZNK2bn17affine_bg_map_ptr5tilesEv
                0x00000000080020bc       0x48 bn_bg_blocks_manager.o
                0x00000000080020bc                bn::affine_bg_map_ptr::tiles() const
 .text._ZNK2bn18regular_bg_map_ptr5tilesEv
                0x0000000008002104       0x48 bn_bg_blocks_manager.o
                0x0000000008002104                bn::regular_bg_map_ptr::tiles() const
 .text._ZNK2bn18regular_bg_map_ptr3bppEv
                0x000000000800214c       0x4c bn_bg_blocks_manager.o
                0x000000000800214c                bn::regular_bg_map_ptr::bpp() const
 .text._ZN2bn17bg_blocks_manager21update_affine_map_rowEiii
                0x0000000008002198      0x104 bn_bg_blocks_manager.o
                0x0000000008002198                bn::bg_blocks_manager::update_affine_map_row(int, int, int)
 .text._ZN2bn17bg_blocks_manager23set_affine_map_positionEiii
                0x000000000800229c      0x1b0 bn_bg_blocks_manager.o
                0x000000000800229c                bn::bg_blocks_manager::set_affine_map_position(int, int, int)
 .text._ZN2bn17bg_blocks_manager21update_affine_map_colEiii
                0x000000000800244c      0x224 bn_bg_blocks_manager.o
                0x000000000800244c                bn::bg_blocks_manager::update_affine_map_col(int, int, int)
 .text._ZN2bn17bg_blocks_manager22update_regular_map_colEiii
                0x0000000008002670      0x174 bn_bg_blocks_manager.o
                0x0000000008002670                bn::bg_blocks_manager::update_regular_map_col(int, int, int)
 .text._ZN2bn17bg_blocks_manager22update_regular_map_rowEiii
                0x00000000080027e4      0x14c bn_bg_blocks_manager.o
                0x00000000080027e4                bn::bg_blocks_manager::update_regular_map_row(int, int, int)
 .text._ZN2bn17bg_blocks_manager24set_regular_map_positionEiii
                0x0000000008002930      0x1d8 bn_bg_blocks_manager.o
                0x0000000008002930                bn::bg_blocks_manager::set_regular_map_position(int, int, int)
 .text._ZN2bn17bg_blocks_manager12_GLOBAL__N_112_commit_itemERKNS1_9item_typeE
                0x0000000008002b08      0x2bc bn_bg_blocks_manager.o
 .text._ZN2bn17bg_blocks_manager6commitEv
                0x0000000008002dc4       0x40 bn_bg_blocks_manager.o
                0x0000000008002dc4                bn::bg_blocks_manager::commit()
 .text._ZN2bn17bg_blocks_manager21set_regular_map_tilesEiONS_20regular_bg_tiles_ptrE
                0x0000000008002e04      0x25c bn_bg_blocks_manager.o
                0x0000000008002e04                bn::bg_blocks_manager::set_regular_map_tiles(int, bn::regular_bg_tiles_ptr&&)
 .text._ZN2bn17bg_blocks_manager23set_regular_map_paletteEiONS_14bg_palette_ptrE
                0x0000000008003060      0x224 bn_bg_blocks_manager.o
                0x0000000008003060                bn::bg_blocks_manager::set_regular_map_palette(int, bn::bg_palette_ptr&&)
 .text._ZN3_bn6assert9show_argsIJA34_ciA4_ciEEEvPKcS5_S5_iDpRKT_
                0x0000000008003284       0x5c bn_bg_blocks_manager.o
                0x0000000008003284                void _bn::assert::show_args<char [34], int, char [4], int>(char const*, char const*, char const*, int, char const (&) [34], int const&, char const (&) [4], int const&)
 .text._ZN3_bn6assert9show_argsIJA38_ciA4_ciEEEvPKcS5_S5_iDpRKT_
                0x00000000080032e0       0x5c bn_bg_blocks_manager.o
                0x00000000080032e0                void _bn::assert::show_args<char [38], int, char [4], int>(char const*, char const*, char const*, int, char const (&) [38], int const&, char const (&) [4], int const&)
 .text._ZN3_bn6assert9show_argsIJA32_cA15_cPKtA16_ciA17_ciA34_cN2bn11string_viewEEEEvPKcSC_SC_iDpRKT_
                0x000000000800333c       0x94 bn_bg_blocks_manager.o
                0x000000000800333c                void _bn::assert::show_args<char [32], char [15], unsigned short const*, char [16], int, char [17], int, char [34], bn::string_view>(char const*, char const*, char const*, int, char const (&) [32], char const (&) [15], unsigned short const* const&, char const (&) [16], int const&, char const (&) [17], int const&, char const (&) [34], bn::string_view const&)
 .text._ZN3_bn6assert9show_argsIA26_cEEvPKcS4_S4_iRKT_
                0x00000000080033d0       0x50 bn_bg_blocks_manager.o
                0x00000000080033d0                void _bn::assert::show_args<char [26]>(char const*, char const*, char const*, int, char const (&) [26])
 .text._ZN3_bn6assert9show_argsIA46_cEEvPKcS4_S4_iRKT_
                0x0000000008003420       0x50 bn_bg_blocks_manager.o
                0x0000000008003420                void _bn::assert::show_args<char [46]>(char const*, char const*, char const*, int, char const (&) [46])
 .text._ZN3_bn6assert9show_argsIJA30_cA13_cPKtA14_ciA15_ciA17_ciA34_cN2bn11string_viewEEEEvPKcSD_SD_iDpRKT_
                0x0000000008003470       0xa8 bn_bg_blocks_manager.o
                0x0000000008003470                void _bn::assert::show_args<char [30], char [13], unsigned short const*, char [14], int, char [15], int, char [17], int, char [34], bn::string_view>(char const*, char const*, char const*, int, char const (&) [30], char const (&) [13], unsigned short const* const&, char const (&) [14], int const&, char const (&) [15], int const&, char const (&) [17], int const&, char const (&) [34], bn::string_view const&)
 .text._ZN3_bn6assert9show_argsIA31_cEEvPKcS4_S4_iRKT_
                0x0000000008003518       0x50 bn_bg_blocks_manager.o
                0x0000000008003518                void _bn::assert::show_args<char [31]>(char const*, char const*, char const*, int, char const (&) [31])
 .text._ZN3_bn6assert9show_argsIA17_cEEvPKcS4_S4_iRKT_
                0x0000000008003568       0x50 bn_bg_blocks_manager.o
                0x0000000008003568                void _bn::assert::show_args<char [17]>(char const*, char const*, char const*, int, char const (&) [17])
 .text._ZN3_bn6assert9show_argsIJA37_ciA4_ciEEEvPKcS5_S5_iDpRKT_
                0x00000000080035b8       0x5c bn_bg_blocks_manager.o
                0x00000000080035b8                void _bn::assert::show_args<char [37], int, char [4], int>(char const*, char const*, char const*, int, char const (&) [37], int const&, char const (&) [4], int const&)
 .text._ZN2bn17bg_blocks_manager33set_regular_map_tiles_and_paletteEiONS_20regular_bg_tiles_ptrEONS_14bg_palette_ptrE
                0x0000000008003614      0x2e8 bn_bg_blocks_manager.o
                0x0000000008003614                bn::bg_blocks_manager::set_regular_map_tiles_and_palette(int, bn::regular_bg_tiles_ptr&&, bn::bg_palette_ptr&&)
 .text._ZN2bn17bg_blocks_manager12_GLOBAL__N_122_find_regular_map_implERKNS_19regular_bg_map_itemERKNS_20regular_bg_tiles_ptrERKNS_14bg_palette_ptrE
                0x00000000080038fc      0x37c bn_bg_blocks_manager.o
 .text._ZN3_bn6assert9show_argsIA39_ciEEvPKcS4_S4_iRKT_RKT0_
                0x0000000008003c78       0x58 bn_bg_blocks_manager.o
                0x0000000008003c78                void _bn::assert::show_args<char [39], int>(char const*, char const*, char const*, int, char const (&) [39], int const&)
 .text._ZN3_bn6assert9show_argsIA25_ciEEvPKcS4_S4_iRKT_RKT0_
                0x0000000008003cd0       0x58 bn_bg_blocks_manager.o
                0x0000000008003cd0                void _bn::assert::show_args<char [25], int>(char const*, char const*, char const*, int, char const (&) [25], int const&)
 .text._ZN2bn14iunordered_mapIPKviNS_17bg_blocks_manager12_GLOBAL__N_115identity_hasherENS_8equal_toIS2_EEE5eraseERKNS8_14const_iteratorE.constprop.0.isra.0
                0x0000000008003d28      0x1a4 bn_bg_blocks_manager.o
 .text._ZN2bn17bg_blocks_manager12_GLOBAL__N_121_remove_adjacent_itemEiRNS1_9item_typeE
                0x0000000008003ecc       0xcc bn_bg_blocks_manager.o
 .text._ZN2bn17bg_blocks_manager6updateEv
                0x0000000008003f98      0x200 bn_bg_blocks_manager.o
                0x0000000008003f98                bn::bg_blocks_manager::update()
 .text._ZN2bn17bg_blocks_manager12_GLOBAL__N_112_create_itemEiibONS1_11create_dataE
                0x0000000008004198      0x52c bn_bg_blocks_manager.o
 .text._ZN2bn17bg_blocks_manager12_GLOBAL__N_112_create_implEONS1_11create_dataE
                0x00000000080046c4      0x1d0 bn_bg_blocks_manager.o
 .text._ZN2bn17bg_blocks_manager20create_regular_tilesERKNS_21regular_bg_tiles_itemEb
                0x0000000008004894      0x148 bn_bg_blocks_manager.o
                0x0000000008004894                bn::bg_blocks_manager::create_regular_tiles(bn::regular_bg_tiles_item const&, bool)
 .text._ZN2bn17bg_blocks_manager18create_regular_mapERKNS_19regular_bg_map_itemEONS_20regular_bg_tiles_ptrEONS_14bg_palette_ptrEb
                0x00000000080049dc      0x27c bn_bg_blocks_manager.o
                0x00000000080049dc                bn::bg_blocks_manager::create_regular_map(bn::regular_bg_map_item const&, bn::regular_bg_tiles_ptr&&, bn::bg_palette_ptr&&, bool)
 .text._ZN2bn18regular_bg_map_ptr6createERKNS_15regular_bg_itemE
                0x0000000008004c58       0x50 bn_bg_blocks_manager.o
                0x0000000008004c58                bn::regular_bg_map_ptr::create(bn::regular_bg_item const&)
 .text.startup._GLOBAL__sub_I__ZN2bn7bg_maps16used_cells_countEv
                0x0000000008004ca8       0x98 bn_bg_blocks_manager.o
 .text.exit._GLOBAL__sub_D__ZN2bn7bg_maps16used_cells_countEv
                0x0000000008004d40       0x50 bn_bg_blocks_manager.o
 .text._ZN2bn11bgs_manager12_GLOBAL__N_129_check_unique_regular_big_mapERNS1_9item_typeE
                0x0000000008004d90       0x68 bn_bgs_manager.o
 .text._ZN2bn11bgs_manager12_GLOBAL__N_133_update_item_hw_affine_attributesERKNS1_9item_typeE
                0x0000000008004df8       0x48 bn_bgs_manager.o
 .text._ZN2bn13ostringstream11append_argsIiJA4_ciEEEvRKT_DpRKT0_.isra.0
                0x0000000008004e40       0x24 bn_bgs_manager.o
 .text._ZN2bn11bgs_manager5hw_idEPv
                0x0000000008004e64        0x8 bn_bgs_manager.o
                0x0000000008004e64                bn::bgs_manager::hw_id(void*)
 .text._ZN2bn11bgs_manager11hw_positionEPv
                0x0000000008004e6c        0x4 bn_bgs_manager.o
                0x0000000008004e6c                bn::bgs_manager::hw_position(void*)
 .text._ZN2bn11bgs_manager14mat_attributesEPv
                0x0000000008004e70        0x4 bn_bgs_manager.o
                0x0000000008004e70                bn::bgs_manager::mat_attributes(void*)
 .text._ZN2bn11bgs_manager20update_windows_flagsEPj
                0x0000000008004e74       0x7c bn_bgs_manager.o
                0x0000000008004e74                bn::bgs_manager::update_windows_flags(unsigned int*)
 .text._ZN2bn11bgs_manager28update_regular_map_tiles_cbbEii
                0x0000000008004ef0       0xa8 bn_bgs_manager.o
                0x0000000008004ef0                bn::bgs_manager::update_regular_map_tiles_cbb(int, int)
 .text._ZN2bn11bgs_manager30update_regular_map_palette_bppEiNS_8bpp_modeE
                0x0000000008004f98       0xac bn_bgs_manager.o
                0x0000000008004f98                bn::bgs_manager::update_regular_map_palette_bpp(int, bn::bpp_mode)
 .text._ZN2bn11bgs_manager36fill_hblank_effect_regular_positionsEiPKNS_7fixed_tILi12EEEPt
                0x0000000008005044       0x38 bn_bgs_manager.o
                0x0000000008005044                bn::bgs_manager::fill_hblank_effect_regular_positions(int, bn::fixed_t<12> const*, unsigned short*)
 .text._ZN2bn11bgs_manager45fill_hblank_effect_pivot_horizontal_positionsEPvPKNS_7fixed_tILi12EEEPj
                0x000000000800507c       0x24 bn_bgs_manager.o
                0x000000000800507c                bn::bgs_manager::fill_hblank_effect_pivot_horizontal_positions(void*, bn::fixed_t<12> const*, unsigned int*)
 .text._ZN2bn11bgs_manager43fill_hblank_effect_pivot_vertical_positionsEPvPKNS_7fixed_tILi12EEEPj
                0x00000000080050a0       0x24 bn_bgs_manager.o
                0x00000000080050a0                bn::bgs_manager::fill_hblank_effect_pivot_vertical_positions(void*, bn::fixed_t<12> const*, unsigned int*)
 .text._ZN2bn11bgs_manager6commitEb
                0x00000000080050c4       0x58 bn_bgs_manager.o
                0x00000000080050c4                bn::bgs_manager::commit(bool)
 .text._ZN2bn11bgs_manager4stopEv
                0x000000000800511c       0x28 bn_bgs_manager.o
                0x000000000800511c                bn::bgs_manager::stop()
 .text._ZN3_bn6assert9show_argsIA17_ciEEvPKcS4_S4_iRKT_RKT0_
                0x0000000008005144       0x58 bn_bgs_manager.o
                0x0000000008005144                void _bn::assert::show_args<char [17], int>(char const*, char const*, char const*, int, char const (&) [17], int const&)
 .text._ZN3_bn6assert9show_argsIA30_cEEvPKcS4_S4_iRKT_
                0x000000000800519c       0x50 bn_bgs_manager.o
                0x000000000800519c                void _bn::assert::show_args<char [30]>(char const*, char const*, char const*, int, char const (&) [30])
 .text._ZN3_bn6assert9show_argsIJA60_ciA4_ciEEEvPKcS5_S5_iDpRKT_
                0x00000000080051ec       0x5c bn_bgs_manager.o
                0x00000000080051ec                void _bn::assert::show_args<char [60], int, char [4], int>(char const*, char const*, char const*, int, char const (&) [60], int const&, char const (&) [4], int const&)
 .text._ZN2bn11bgs_manager20set_regular_positionEPvRKNS_11fixed_pointE
                0x0000000008005248       0xf8 bn_bgs_manager.o
                0x0000000008005248                bn::bgs_manager::set_regular_position(void*, bn::fixed_point const&)
 .text._ZN2bn14regular_bg_ptr12set_positionENS_7fixed_tILi12EEES2_
                0x0000000008005340       0x18 bn_bgs_manager.o
                0x0000000008005340                bn::regular_bg_ptr::set_position(bn::fixed_t<12>, bn::fixed_t<12>)
 .text._ZN3_bn6assert9show_argsIJA59_ciA4_ciEEEvPKcS5_S5_iDpRKT_
                0x0000000008005358       0x5c bn_bgs_manager.o
                0x0000000008005358                void _bn::assert::show_args<char [59], int, char [4], int>(char const*, char const*, char const*, int, char const (&) [59], int const&, char const (&) [4], int const&)
 .text._ZN3_bn6assert9show_argsIJA57_ciA4_ciEEEvPKcS5_S5_iDpRKT_
                0x00000000080053b4       0x5c bn_bgs_manager.o
                0x00000000080053b4                void _bn::assert::show_args<char [57], int, char [4], int>(char const*, char const*, char const*, int, char const (&) [57], int const&, char const (&) [4], int const&)
 .text._ZN2bn11bgs_manager14update_camerasEv
                0x0000000008005410      0x2b4 bn_bgs_manager.o
                0x0000000008005410                bn::bgs_manager::update_cameras()
 .text._ZN3_bn6assert9show_argsIA27_cEEvPKcS4_S4_iRKT_
                0x00000000080056c4       0x50 bn_bgs_manager.o
                0x00000000080056c4                void _bn::assert::show_args<char [27]>(char const*, char const*, char const*, int, char const (&) [27])
 .text._ZN2bn11bgs_manager15rebuild_handlesEv.part.0
                0x0000000008005714      0x198 bn_bgs_manager.o
 .text._ZN2bn11bgs_manager37fill_hblank_effect_regular_attributesEPvPKNS_21regular_bg_attributesEPt
                0x00000000080058ac      0x100 bn_bgs_manager.o
                0x00000000080058ac                bn::bgs_manager::fill_hblank_effect_regular_attributes(void*, bn::regular_bg_attributes const*, unsigned short*)
 .text._ZN2bn11bgs_manager6updateEv
                0x00000000080059ac      0x1d0 bn_bgs_manager.o
                0x00000000080059ac                bn::bgs_manager::update()
 .text._ZN2bn11bgs_manager15commit_big_mapsEv
                0x0000000008005b7c      0x1d4 bn_bgs_manager.o
                0x0000000008005b7c                bn::bgs_manager::commit_big_maps()
 .text._ZN2bn11bgs_manager36fill_hblank_effect_affine_attributesEPvPKNS_20affine_bg_attributesEPt
                0x0000000008005d50      0x104 bn_bgs_manager.o
                0x0000000008005d50                bn::bgs_manager::fill_hblank_effect_affine_attributes(void*, bn::affine_bg_attributes const*, unsigned short*)
 .text._ZN2bn11bgs_manager12_GLOBAL__N_19item_type18update_regular_mapEv
                0x0000000008005e54      0x238 bn_bgs_manager.o
 .text._ZN2bn18regular_bg_builder11release_mapEv
                0x000000000800608c       0x78 bn_bgs_manager.o
                0x000000000800608c                bn::regular_bg_builder::release_map()
 .text._ZN2bn11bgs_manager11regular_mapEPv
                0x0000000008006104       0x34 bn_bgs_manager.o
                0x0000000008006104                bn::bgs_manager::regular_map(void*)
 .text._ZN2bn11bgs_manager10affine_mapEPv
                0x0000000008006138       0x34 bn_bgs_manager.o
                0x0000000008006138                bn::bgs_manager::affine_map(void*)
 .text._ZN3_bn6assert9show_argsIA15_cEEvPKcS4_S4_iRKT_
                0x000000000800616c       0x50 bn_bgs_manager.o
                0x000000000800616c                void _bn::assert::show_args<char [15]>(char const*, char const*, char const*, int, char const (&) [15])
 .text._ZN2bn11bgs_manager12_GLOBAL__N_112_insert_itemERNS1_9item_typeE
                0x00000000080061bc      0x100 bn_bgs_manager.o
 .text._ZN3_bn6assert9show_argsIA13_cEEvPKcS4_S4_iRKT_
                0x00000000080062bc       0x50 bn_bgs_manager.o
                0x00000000080062bc                void _bn::assert::show_args<char [13]>(char const*, char const*, char const*, int, char const (&) [13])
 .text._ZN2bn11bgs_manager6createEONS_18regular_bg_builderE
                0x000000000800630c      0x1ec bn_bgs_manager.o
                0x000000000800630c                bn::bgs_manager::create(bn::regular_bg_builder&&)
 .text._ZNK2bn15regular_bg_item9create_bgENS_7fixed_tILi12EEES2_
                0x00000000080064f8       0x74 bn_bgs_manager.o
                0x00000000080064f8                bn::regular_bg_item::create_bg(bn::fixed_t<12>, bn::fixed_t<12>) const
 .text._ZN3_bn6assert9show_argsIJA23_ciA4_ciEEEvPKcS5_S5_iDpRKT_
                0x000000000800656c       0x5c bn_bgs_manager.o
                0x000000000800656c                void _bn::assert::show_args<char [23], int, char [4], int>(char const*, char const*, char const*, int, char const (&) [23], int const&, char const (&) [4], int const&)
 .text._ZN2bn5eraseIPNS_11bgs_manager12_GLOBAL__N_19item_typeEEENS_7ivectorIT_E9size_typeERS7_RKS6_.constprop.0.isra.0
                0x00000000080065c8      0x150 bn_bgs_manager.o
 .text._ZN2bn11bgs_manager15decrease_usagesEPv
                0x0000000008006718       0xa8 bn_bgs_manager.o
                0x0000000008006718                bn::bgs_manager::decrease_usages(void*)
 .text._ZN2bn14regular_bg_ptrD2Ev
                0x00000000080067c0       0x18 bn_bgs_manager.o
                0x00000000080067c0                bn::regular_bg_ptr::~regular_bg_ptr()
                0x00000000080067c0                bn::regular_bg_ptr::~regular_bg_ptr()
 .text.startup._GLOBAL__sub_I__ZN2bn3bgs16used_items_countEv
                0x00000000080067d8       0x80 bn_bgs_manager.o
 .text.exit._GLOBAL__sub_D__ZN2bn3bgs16used_items_countEv
                0x0000000008006858       0x14 bn_bgs_manager.o
 .text._ZN2bn10camera_ptrD2Ev
                0x000000000800686c       0x38 bn_cameras_manager.o
                0x000000000800686c                bn::camera_ptr::~camera_ptr()
                0x000000000800686c                bn::camera_ptr::~camera_ptr()
 .text._ZNK2bn10camera_ptr8positionEv
                0x00000000080068a4       0x14 bn_cameras_manager.o
                0x00000000080068a4                bn::camera_ptr::position() const
 .text._ZN2bn15cameras_manager4initEv
                0x00000000080068b8       0x10 bn_cameras_manager.o
                0x00000000080068b8                bn::cameras_manager::init()
 .text._ZN2bn15cameras_manager6updateEv
                0x00000000080068c8       0x28 bn_cameras_manager.o
                0x00000000080068c8                bn::cameras_manager::update()
 .text._ZN2bn4core12_GLOBAL__N_14stopEb.constprop.0
                0x00000000080068f0       0x54 bn_core.o
 .text._ZN2bn4core12_GLOBAL__N_111update_implEv
                0x0000000008006944       0xcc bn_core.o
 .text._ZN2bn11string_viewC2EPKc
                0x0000000008006a10       0x1c bn_core.o
                0x0000000008006a10                bn::string_view::string_view(char const*)
                0x0000000008006a10                bn::string_view::string_view(char const*)
 .text._ZN2bn4core6updateEv
                0x0000000008006a2c       0x68 bn_core.o
                0x0000000008006a2c                bn::core::update()
 .text._ZN2bn4core4initERKNS_11string_viewE
                0x0000000008006a94       0x94 bn_core.o
                0x0000000008006a94                bn::core::init(bn::string_view const&)
 .text._ZN2bn4core4initEv
                0x0000000008006b28       0x18 bn_core.o
                0x0000000008006b28                bn::core::init()
 .text._ZN2bn4core9on_vblankEv
                0x0000000008006b40       0x34 bn_core.o
                0x0000000008006b40                bn::core::on_vblank()
 .text._ZN3_bn6assert4showEPKcS2_S2_iRKN2bn12istring_baseE
                0x0000000008006b74       0x80 bn_core.o
                0x0000000008006b74                _bn::assert::show(char const*, char const*, char const*, int, bn::istring_base const&)
 .text.startup._GLOBAL__sub_I__ZN2bn4core4initEv
                0x0000000008006bf4       0x44 bn_core.o
 .text._ZN2bn15display_manager12_GLOBAL__N_134_update_rect_windows_hw_boundariesEi
                0x0000000008006c38       0x8c bn_display_manager.o
 .text._ZN2bn15display_manager4initEv
                0x0000000008006cc4       0x40 bn_display_manager.o
                0x0000000008006cc4                bn::display_manager::init()
 .text._ZN2bn15display_manager8set_modeEi
                0x0000000008006d04       0x1c bn_display_manager.o
                0x0000000008006d04                bn::display_manager::set_mode(int)
 .text._ZN2bn15display_manager14set_bg_enabledEib
                0x0000000008006d20       0x1c bn_display_manager.o
                0x0000000008006d20                bn::display_manager::set_bg_enabled(int, bool)
 .text._ZN2bn15display_manager15disable_all_bgsEv
                0x0000000008006d3c       0x18 bn_display_manager.o
                0x0000000008006d3c                bn::display_manager::disable_all_bgs()
 .text._ZN2bn15display_manager36fill_mosaic_hblank_effect_attributesEPKNS_17mosaic_attributesEPt
                0x0000000008006d54       0xb4 bn_display_manager.o
                0x0000000008006d54                bn::display_manager::fill_mosaic_hblank_effect_attributes(bn::mosaic_attributes const*, unsigned short*)
 .text._ZN2bn15display_manager23set_blending_bg_enabledEib
                0x0000000008006e08       0x14 bn_display_manager.o
                0x0000000008006e08                bn::display_manager::set_blending_bg_enabled(int, bool)
 .text._ZN2bn15display_manager32blending_transparency_top_weightEv
                0x0000000008006e1c       0x18 bn_display_manager.o
                0x0000000008006e1c                bn::display_manager::blending_transparency_top_weight()
 .text._ZN2bn15display_manager35blending_transparency_bottom_weightEv
                0x0000000008006e34       0x28 bn_display_manager.o
                0x0000000008006e34                bn::display_manager::blending_transparency_bottom_weight()
 .text._ZN2bn15display_manager51fill_blending_transparency_hblank_effect_attributesEPKNS_32blending_transparency_attributesEPt
                0x0000000008006e5c       0x30 bn_display_manager.o
                0x0000000008006e5c                bn::display_manager::fill_blending_transparency_hblank_effect_attributes(bn::blending_transparency_attributes const*, unsigned short*)
 .text._ZN2bn15display_manager21blending_fade_enabledEv
                0x0000000008006e8c       0x10 bn_display_manager.o
                0x0000000008006e8c                bn::display_manager::blending_fade_enabled()
 .text._ZN2bn15display_manager39fill_blending_fade_hblank_effect_alphasEPKNS_19blending_fade_alphaEPt
                0x0000000008006e9c       0x24 bn_display_manager.o
                0x0000000008006e9c                bn::display_manager::fill_blending_fade_hblank_effect_alphas(bn::blending_fade_alpha const*, unsigned short*)
 .text._ZN2bn15display_manager26update_windows_visible_bgsEv
                0x0000000008006ec0       0x10 bn_display_manager.o
                0x0000000008006ec0                bn::display_manager::update_windows_visible_bgs()
 .text._ZN2bn15display_manager36rect_window_hw_horizontal_boundariesEi
                0x0000000008006ed0       0x14 bn_display_manager.o
                0x0000000008006ed0                bn::display_manager::rect_window_hw_horizontal_boundaries(int)
 .text._ZN2bn15display_manager34rect_window_hw_vertical_boundariesEi
                0x0000000008006ee4       0x14 bn_display_manager.o
                0x0000000008006ee4                bn::display_manager::rect_window_hw_vertical_boundaries(int)
 .text._ZN2bn15display_manager52fill_rect_window_hblank_effect_horizontal_boundariesERKNS_4pairIiiEEPKNS1_INS_7fixed_tILi12EEES6_EEPt
                0x0000000008006ef8      0x13c bn_display_manager.o
                0x0000000008006ef8                bn::display_manager::fill_rect_window_hblank_effect_horizontal_boundaries(bn::pair<int, int> const&, bn::pair<bn::fixed_t<12>, bn::fixed_t<12> > const*, unsigned short*)
 .text._ZN2bn15display_manager50fill_rect_window_hblank_effect_vertical_boundariesERKNS_4pairIiiEEPKNS1_INS_7fixed_tILi12EEES6_EEPt
                0x0000000008007034      0x13c bn_display_manager.o
                0x0000000008007034                bn::display_manager::fill_rect_window_hblank_effect_vertical_boundaries(bn::pair<int, int> const&, bn::pair<bn::fixed_t<12>, bn::fixed_t<12> > const*, unsigned short*)
 .text._ZN2bn15display_manager36fill_green_swap_hblank_effect_statesEPKbPt
                0x0000000008007170       0x38 bn_display_manager.o
                0x0000000008007170                bn::display_manager::fill_green_swap_hblank_effect_states(bool const*, unsigned short*)
 .text._ZN2bn15display_manager14update_camerasEv
                0x00000000080071a8       0x40 bn_display_manager.o
                0x00000000080071a8                bn::display_manager::update_cameras()
 .text._ZN2bn15display_manager6updateEv
                0x00000000080071e8      0x214 bn_display_manager.o
                0x00000000080071e8                bn::display_manager::update()
 .text._ZN2bn15display_manager6commitEv
                0x00000000080073fc      0x164 bn_display_manager.o
                0x00000000080073fc                bn::display_manager::commit()
 .text._ZN2bn15display_manager4stopEv
                0x0000000008007560       0x28 bn_display_manager.o
                0x0000000008007560                bn::display_manager::stop()
 .text._ZN3_bn6assert9show_argsIA66_cEEvPKcS4_S4_iRKT_
                0x0000000008007588       0x50 bn_display_manager.o
                0x0000000008007588                void _bn::assert::show_args<char [66]>(char const*, char const*, char const*, int, char const (&) [66])
 .text.startup._GLOBAL__sub_I__ZNK2bn6window7show_bgERKNS_14regular_bg_ptrE
                0x00000000080075d8       0x7c bn_display_manager.o
 .text.exit._GLOBAL__sub_D__ZNK2bn6window7show_bgERKNS_14regular_bg_ptrE
                0x0000000008007654       0x38 bn_display_manager.o
 .text._ZN2bn18igeneric_pool_baseC2EPci
                0x000000000800768c       0x10 bn_generic_pool.o
                0x000000000800768c                bn::igeneric_pool_base::igeneric_pool_base(char*, int)
                0x000000000800768c                bn::igeneric_pool_base::igeneric_pool_base(char*, int)
 .text._ZN2bn18igeneric_pool_base5_freeEPc
                0x000000000800769c       0x10 bn_generic_pool.o
                0x000000000800769c                bn::igeneric_pool_base::_free(char*)
 .text._ZN3_bn6assert9show_argsIA18_cEEvPKcS4_S4_iRKT_
                0x00000000080076ac       0x50 bn_generic_pool.o
                0x00000000080076ac                void _bn::assert::show_args<char [18]>(char const*, char const*, char const*, int, char const (&) [18])
 .text._ZN2bn18igeneric_pool_baseD2Ev
                0x00000000080076fc       0x30 bn_generic_pool.o
                0x00000000080076fc                bn::igeneric_pool_base::~igeneric_pool_base()
                0x00000000080076fc                bn::igeneric_pool_base::~igeneric_pool_base()
 .text._ZN2bn18igeneric_pool_base9_allocateEv
                0x000000000800772c       0x48 bn_generic_pool.o
                0x000000000800772c                bn::igeneric_pool_base::_allocate()
 .text._ZN2bn12gpio_manager6commitEv
                0x0000000008007774       0x48 bn_gpio_manager.o
                0x0000000008007774                bn::gpio_manager::commit()
 .text._ZN2bn12gpio_manager4stopEv
                0x00000000080077bc       0x3c bn_gpio_manager.o
                0x00000000080077bc                bn::gpio_manager::stop()
 .text._ZN2bn22hblank_effects_manager12_GLOBAL__N_19item_type18_output_values_ptrEv
                0x00000000080077f8       0x40 bn_hblank_effects_manager.o
 .text._ZN2bn7type_idINS_4pairIiiEEEENS_9type_id_tEv
                0x0000000008007838        0x8 bn_hblank_effects_manager.o
                0x0000000008007838                bn::type_id_t bn::type_id<bn::pair<int, int> >()
 .text._ZN2bn7type_idINS_33regular_bg_attributes_hbe_handler15last_value_typeEEENS_9type_id_tEv
                0x0000000008007840        0x8 bn_hblank_effects_manager.o
                0x0000000008007840                bn::type_id_t bn::type_id<bn::regular_bg_attributes_hbe_handler::last_value_type>()
 .text._ZN2bn7type_idINS_32affine_bg_attributes_hbe_handler15last_value_typeEEENS_9type_id_tEv
                0x0000000008007848        0x8 bn_hblank_effects_manager.o
                0x0000000008007848                bn::type_id_t bn::type_id<bn::affine_bg_attributes_hbe_handler::last_value_type>()
 .text._ZN2bn7type_idIiEENS_9type_id_tEv
                0x0000000008007850        0x8 bn_hblank_effects_manager.o
                0x0000000008007850                bn::type_id_t bn::type_id<int>()
 .text._ZN2bn7type_idINS_47affine_bg_pivot_horizontal_position_hbe_handler15last_value_typeEEENS_9type_id_tEv
                0x0000000008007858        0x8 bn_hblank_effects_manager.o
                0x0000000008007858                bn::type_id_t bn::type_id<bn::affine_bg_pivot_horizontal_position_hbe_handler::last_value_type>()
 .text._ZN2bn7type_idINS_45affine_bg_pivot_vertical_position_hbe_handler15last_value_typeEEENS_9type_id_tEv
                0x0000000008007860        0x8 bn_hblank_effects_manager.o
                0x0000000008007860                bn::type_id_t bn::type_id<bn::affine_bg_pivot_vertical_position_hbe_handler::last_value_type>()
 .text._ZN2bn7type_idINS_35sprite_first_attributes_hbe_handler15last_value_typeEEENS_9type_id_tEv
                0x0000000008007868        0x8 bn_hblank_effects_manager.o
                0x0000000008007868                bn::type_id_t bn::type_id<bn::sprite_first_attributes_hbe_handler::last_value_type>()
 .text._ZN2bn7type_idINS_35sprite_second_attributes_last_valueEEENS_9type_id_tEv
                0x0000000008007870        0x8 bn_hblank_effects_manager.o
                0x0000000008007870                bn::type_id_t bn::type_id<bn::sprite_second_attributes_last_value>()
 .text._ZN2bn7type_idINS_17sprite_shape_sizeEEENS_9type_id_tEv
                0x0000000008007878        0x8 bn_hblank_effects_manager.o
                0x0000000008007878                bn::type_id_t bn::type_id<bn::sprite_shape_size>()
 .text._ZN2bn22hblank_effects_manager7disableEv
                0x0000000008007880       0x24 bn_hblank_effects_manager.o
                0x0000000008007880                bn::hblank_effects_manager::disable()
 .text._ZN2bn22hblank_effects_manager6commitEv
                0x00000000080078a4       0x74 bn_hblank_effects_manager.o
                0x00000000080078a4                bn::hblank_effects_manager::commit()
 .text._ZN2bn22hblank_effects_manager12_GLOBAL__N_110_is_uint32ENS0_12handler_typeE
                0x0000000008007918       0x64 bn_hblank_effects_manager.o
 .text._ZN2bn22hblank_effects_manager12_GLOBAL__N_19item_type12check_updateEv
                0x000000000800797c     0x1b38 bn_hblank_effects_manager.o
 .text._ZN2bn22hblank_effects_manager6updateEv
                0x00000000080094b4      0x1ec bn_hblank_effects_manager.o
                0x00000000080094b4                bn::hblank_effects_manager::update()
 .text._ZN2bn22hblank_effects_manager4initEv
                0x00000000080096a0       0xd4 bn_hblank_effects_manager.o
                0x00000000080096a0                bn::hblank_effects_manager::init()
 .text.startup._GLOBAL__sub_I__ZN2bn4hbes10used_countEv
                0x0000000008009774       0xfc bn_hblank_effects_manager.o
 .text.exit._GLOBAL__sub_D__ZN2bn4hbes10used_countEv
                0x0000000008009870       0x40 bn_hblank_effects_manager.o
 .text._ZN2bn12hdma_manager7disableEv
                0x00000000080098b0       0x30 bn_hdma_manager.o
                0x00000000080098b0                bn::hdma_manager::disable()
 .text._ZN2bn12hdma_manager10force_stopEv
                0x00000000080098e0       0x3c bn_hdma_manager.o
                0x00000000080098e0                bn::hdma_manager::force_stop()
 .text._ZN2bn12hdma_manager6updateEv
                0x000000000800991c       0x6c bn_hdma_manager.o
                0x000000000800991c                bn::hdma_manager::update()
 .text._ZN2bn12hdma_manager6commitEb
                0x0000000008009988      0x118 bn_hdma_manager.o
                0x0000000008009988                bn::hdma_manager::commit(bool)
 .text.startup._GLOBAL__sub_I__ZN2bn4hdma7runningEv
                0x0000000008009aa0       0x34 bn_hdma_manager.o
 .text._ZN2bn6keypad9a_pressedEv
                0x0000000008009ad4       0x10 bn_keypad_manager.o
                0x0000000008009ad4                bn::keypad::a_pressed()
 .text._ZN2bn14keypad_manager4stopEv
                0x0000000008009ae4        0x4 bn_keypad_manager.o
                0x0000000008009ae4                bn::keypad_manager::stop()
 .text._ZN3_bn6assert9show_argsIJA19_ciA4_ciEEEvPKcS5_S5_iDpRKT_
                0x0000000008009ae8       0x6c bn_keypad_manager.o
                0x0000000008009ae8                void _bn::assert::show_args<char [19], int, char [4], int>(char const*, char const*, char const*, int, char const (&) [19], int const&, char const (&) [4], int const&)
 .text._ZN2bn14keypad_manager6updateEv
                0x0000000008009b54       0xa8 bn_keypad_manager.o
                0x0000000008009b54                bn::keypad_manager::update()
 .text._ZN3_bn6assert9show_argsIA24_ciEEvPKcS4_S4_iRKT_RKT0_
                0x0000000008009bfc       0x58 bn_keypad_manager.o
                0x0000000008009bfc                void _bn::assert::show_args<char [24], int>(char const*, char const*, char const*, int, char const (&) [24], int const&)
 .text._ZN2bn14keypad_manager4initERKNS_11string_viewE
                0x0000000008009c54       0x58 bn_keypad_manager.o
                0x0000000008009c54                bn::keypad_manager::init(bn::string_view const&)
 .text._ZN3_bn6assert9show_argsIA16_cEEvPKcS4_S4_iRKT_
                0x0000000008009cac       0x50 bn_keypad_manager.o
                0x0000000008009cac                void _bn::assert::show_args<char [16]>(char const*, char const*, char const*, int, char const (&) [16])
 .text._ZN2bn12link_manager4initEv
                0x0000000008009cfc        0xc bn_link_manager.o
                0x0000000008009cfc                bn::link_manager::init()
 .text._ZN2bn12link_manager6activeEv
                0x0000000008009d08        0xc bn_link_manager.o
                0x0000000008009d08                bn::link_manager::active()
 .text._ZN2bn12link_manager7disableEv
                0x0000000008009d14       0x18 bn_link_manager.o
                0x0000000008009d14                bn::link_manager::disable()
 .text._ZN2bn3logERKNS_12istring_baseE
                0x0000000008009d2c        0xc bn_log.o
                0x0000000008009d2c                bn::log(bn::istring_base const&)
 .text._ZdlPvj  0x0000000008009d38       0x18 bn_memory_manager.o
                0x0000000008009d38                operator delete(void*, unsigned int)
 .text._ZN2bn14memory_manager4initEv
                0x0000000008009d50       0x20 bn_memory_manager.o
                0x0000000008009d50                bn::memory_manager::init()
 .text._ZN3_bn6assert9show_argsIA35_cjEEvPKcS4_S4_iRKT_RKT0_
                0x0000000008009d70       0x58 bn_memory_manager.o
                0x0000000008009d70                void _bn::assert::show_args<char [35], unsigned int>(char const*, char const*, char const*, int, char const (&) [35], unsigned int const&)
 .text._Znwj    0x0000000008009dc8       0x40 bn_memory_manager.o
                0x0000000008009dc8                operator new(unsigned int)
 .text.exit._GLOBAL__sub_D__Znwj
                0x0000000008009e08       0x14 bn_memory_manager.o
 .text._ZN2bn2hw8palettes9grayscaleEPKNS_5colorEiiPS2_.part.0
                0x0000000008009e1c       0x40 bn_palettes_manager.o
 .text._ZN2bn14bg_palette_ptrC2ERKS0_
                0x0000000008009e5c       0x2c bn_palettes_manager.o
                0x0000000008009e5c                bn::bg_palette_ptr::bg_palette_ptr(bn::bg_palette_ptr const&)
                0x0000000008009e5c                bn::bg_palette_ptr::bg_palette_ptr(bn::bg_palette_ptr const&)
 .text._ZNK2bn14bg_palette_ptr3bppEv
                0x0000000008009e88       0x20 bn_palettes_manager.o
                0x0000000008009e88                bn::bg_palette_ptr::bpp() const
 .text._ZNK2bn18sprite_palette_ptr3bppEv
                0x0000000008009ea8       0x1c bn_palettes_manager.o
                0x0000000008009ea8                bn::sprite_palette_ptr::bpp() const
 .text._ZNK2bn13palettes_bank10log_statusEv
                0x0000000008009ec4      0x188 bn_palettes_manager.o
                0x0000000008009ec4                bn::palettes_bank::log_status() const
 .text._ZNK2bn13palettes_bank20retrieve_commit_dataEv
                0x000000000800a04c       0x4c bn_palettes_manager.o
                0x000000000800a04c                bn::palettes_bank::retrieve_commit_data() const
 .text._ZNK2bn13palettes_bank12_same_colorsERKNS_4spanIKNS_5colorEEEi
                0x000000000800a098       0x50 bn_palettes_manager.o
                0x000000000800a098                bn::palettes_bank::_same_colors(bn::span<bn::color const> const&, int) const
 .text._ZN2bn13palettes_bank10find_bpp_4ERKNS_4spanIKNS_5colorEEEt
                0x000000000800a0e8       0xdc bn_palettes_manager.o
                0x000000000800a0e8                bn::palettes_bank::find_bpp_4(bn::span<bn::color const> const&, unsigned short)
 .text._ZNK2bn13palettes_bank21_apply_global_effectsEiPNS_5colorE
                0x000000000800a1c4      0x13c bn_palettes_manager.o
                0x000000000800a1c4                bn::palettes_bank::_apply_global_effects(int, bn::color*) const
 .text._ZNK2bn13palettes_bank25fill_hblank_effect_colorsEPKNS_5colorEPt
                0x000000000800a300       0x30 bn_palettes_manager.o
                0x000000000800a300                bn::palettes_bank::fill_hblank_effect_colors(bn::color const*, unsigned short*) const
 .text._ZNK2bn13palettes_bank7palette13apply_effectsEiPNS_5colorE
                0x000000000800a330       0xbc bn_palettes_manager.o
                0x000000000800a330                bn::palettes_bank::palette::apply_effects(int, bn::color*) const
 .text._ZNK2bn13palettes_bank25fill_hblank_effect_colorsEiPKNS_5colorEPt
                0x000000000800a3ec       0x44 bn_palettes_manager.o
                0x000000000800a3ec                bn::palettes_bank::fill_hblank_effect_colors(int, bn::color const*, unsigned short*) const
 .text._ZN2bn13palettes_bank15_update_paletteEi
                0x000000000800a430       0x6c bn_palettes_manager.o
                0x000000000800a430                bn::palettes_bank::_update_palette(int)
 .text._ZN2bn13palettes_bank6updateEv
                0x000000000800a49c      0x124 bn_palettes_manager.o
                0x000000000800a49c                bn::palettes_bank::update()
 .text._ZN2bn13palettes_bankC2Ev
                0x000000000800a5c0       0xcc bn_palettes_manager.o
                0x000000000800a5c0                bn::palettes_bank::palettes_bank()
                0x000000000800a5c0                bn::palettes_bank::palettes_bank()
 .text._ZN2bn16palettes_manager20sprite_palettes_bankEv
                0x000000000800a68c        0x8 bn_palettes_manager.o
                0x000000000800a68c                bn::palettes_manager::sprite_palettes_bank()
 .text._ZN2bn16palettes_manager16bg_palettes_bankEv
                0x000000000800a694        0x8 bn_palettes_manager.o
                0x000000000800a694                bn::palettes_manager::bg_palettes_bank()
 .text._ZN2bn16palettes_manager6updateEv
                0x000000000800a69c       0x20 bn_palettes_manager.o
                0x000000000800a69c                bn::palettes_manager::update()
 .text._ZN2bn16palettes_manager6commitEb
                0x000000000800a6bc       0xf4 bn_palettes_manager.o
                0x000000000800a6bc                bn::palettes_manager::commit(bool)
 .text._ZN2bn16palettes_manager4stopEv
                0x000000000800a7b0       0x20 bn_palettes_manager.o
                0x000000000800a7b0                bn::palettes_manager::stop()
 .text._ZN3_bn6assert9show_argsIA35_cEEvPKcS4_S4_iRKT_
                0x000000000800a7d0       0x50 bn_palettes_manager.o
                0x000000000800a7d0                void _bn::assert::show_args<char [35]>(char const*, char const*, char const*, int, char const (&) [35])
 .text._ZN2bn13palettes_bank11colors_hashERKNS_4spanIKNS_5colorEEE
                0x000000000800a820       0x50 bn_palettes_manager.o
                0x000000000800a820                bn::palettes_bank::colors_hash(bn::span<bn::color const> const&)
 .text._ZN3_bn6assert9show_argsIJA43_ciA36_cA42_cEEEvPKcS6_S6_iDpRKT_
                0x000000000800a870       0x68 bn_palettes_manager.o
                0x000000000800a870                void _bn::assert::show_args<char [43], int, char [36], char [42]>(char const*, char const*, char const*, int, char const (&) [43], int const&, char const (&) [36], char const (&) [42])
 .text._ZN2bn13palettes_bank12create_bpp_8ERKNS_4spanIKNS_5colorEEENS_16compression_typeEb
                0x000000000800a8d8      0x22c bn_palettes_manager.o
                0x000000000800a8d8                bn::palettes_bank::create_bpp_8(bn::span<bn::color const> const&, bn::compression_type, bool)
 .text._ZNK2bn15bg_palette_item10decompressENS_4spanINS_5colorEEE
                0x000000000800ab04      0x174 bn_palettes_manager.o
                0x000000000800ab04                bn::bg_palette_item::decompress(bn::span<bn::color>) const
 .text._ZN2bn13palettes_bank12create_bpp_4ERKNS_4spanIKNS_5colorEEEtb
                0x000000000800ac78      0x298 bn_palettes_manager.o
                0x000000000800ac78                bn::palettes_bank::create_bpp_4(bn::span<bn::color const> const&, unsigned short, bool)
 .text._ZN2bn12_GLOBAL__N_112_create_implERKNS_15bg_palette_itemEb
                0x000000000800af10       0x94 bn_palettes_manager.o
 .text._ZN2bn14bg_palette_ptr6createERKNS_15bg_palette_itemE
                0x000000000800afa4       0x54 bn_palettes_manager.o
                0x000000000800afa4                bn::bg_palette_ptr::create(bn::bg_palette_item const&)
 .text._ZNK2bn15bg_palette_item14create_paletteEv
                0x000000000800aff8       0x10 bn_palettes_manager.o
                0x000000000800aff8                bn::bg_palette_item::create_palette() const
 .text._ZN2bn14iunordered_mapItsNS_13palettes_bank15identity_hasherENS_8equal_toItEEE5eraseERKNS5_14const_iteratorE.isra.0
                0x000000000800b008      0x170 bn_palettes_manager.o
 .text._ZN2bn13palettes_bank15decrease_usagesEi.part.0
                0x000000000800b178       0xdc bn_palettes_manager.o
 .text._ZN2bn14bg_palette_ptrD2Ev
                0x000000000800b254       0x3c bn_palettes_manager.o
                0x000000000800b254                bn::bg_palette_ptr::~bg_palette_ptr()
                0x000000000800b254                bn::bg_palette_ptr::~bg_palette_ptr()
 .text._ZN2bn14bg_palette_ptraSERKS0_
                0x000000000800b290       0x5c bn_palettes_manager.o
                0x000000000800b290                bn::bg_palette_ptr::operator=(bn::bg_palette_ptr const&)
 .text.startup._GLOBAL__sub_I__ZN2bn11bg_palettes17used_colors_countEv
                0x000000000800b2ec       0x20 bn_palettes_manager.o
 .text._ZNK2bn21sprite_affine_mat_ptr15horizontal_flipEv
                0x000000000800b30c       0x18 bn_sprite_affine_mats_manager.o
                0x000000000800b30c                bn::sprite_affine_mat_ptr::horizontal_flip() const
 .text._ZNK2bn21sprite_affine_mat_ptr13vertical_flipEv
                0x000000000800b324       0x18 bn_sprite_affine_mats_manager.o
                0x000000000800b324                bn::sprite_affine_mat_ptr::vertical_flip() const
 .text._ZN2bn26sprite_affine_mats_manager20retrieve_commit_dataEv
                0x000000000800b33c       0x38 bn_sprite_affine_mats_manager.o
                0x000000000800b33c                bn::sprite_affine_mats_manager::retrieve_commit_data()
 .text._ZN2bn26sprite_affine_mats_manager15decrease_usagesEi.part.0
                0x000000000800b374       0x68 bn_sprite_affine_mats_manager.o
 .text._ZN2bn21sprite_affine_mat_ptrD2Ev
                0x000000000800b3dc       0x34 bn_sprite_affine_mats_manager.o
                0x000000000800b3dc                bn::sprite_affine_mat_ptr::~sprite_affine_mat_ptr()
                0x000000000800b3dc                bn::sprite_affine_mat_ptr::~sprite_affine_mat_ptr()
 .text._ZN2bn26sprite_affine_mats_manager6updateEv
                0x000000000800b410       0xa0 bn_sprite_affine_mats_manager.o
                0x000000000800b410                bn::sprite_affine_mats_manager::update()
 .text._ZN2bn26sprite_affine_mats_manager4initEPv
                0x000000000800b4b0       0x6c bn_sprite_affine_mats_manager.o
                0x000000000800b4b0                bn::sprite_affine_mats_manager::init(void*)
 .text._ZN2bn26sprite_affine_mats_manager14dettach_spriteEiRNS_24intrusive_list_node_typeE
                0x000000000800b51c       0x4c bn_sprite_affine_mats_manager.o
                0x000000000800b51c                bn::sprite_affine_mats_manager::dettach_sprite(int, bn::intrusive_list_node_type&)
 .text.startup._GLOBAL__sub_I__ZN2bn18sprite_affine_mats10used_countEv
                0x000000000800b568       0x98 bn_sprite_affine_mats_manager.o
 .text.exit._GLOBAL__sub_D__ZN2bn18sprite_affine_mats10used_countEv
                0x000000000800b600       0x3c bn_sprite_affine_mats_manager.o
 .text._ZNK2bn16sprite_tiles_ptr2idEv
                0x000000000800b63c       0x18 bn_sprite_tiles_manager.o
                0x000000000800b63c                bn::sprite_tiles_ptr::id() const
 .text._ZNK2bn16sprite_tiles_ptr11tiles_countEv
                0x000000000800b654       0x18 bn_sprite_tiles_manager.o
                0x000000000800b654                bn::sprite_tiles_ptr::tiles_count() const
 .text._ZN2bn20sprite_tiles_manager19commit_uncompressedEb
                0x000000000800b66c       0xdc bn_sprite_tiles_manager.o
                0x000000000800b66c                bn::sprite_tiles_manager::commit_uncompressed(bool)
 .text._ZN2bn20sprite_tiles_manager17commit_compressedEv
                0x000000000800b748       0xe4 bn_sprite_tiles_manager.o
                0x000000000800b748                bn::sprite_tiles_manager::commit_compressed()
 .text._ZN2bn20sprite_tiles_manager4initEv
                0x000000000800b82c       0xf4 bn_sprite_tiles_manager.o
                0x000000000800b82c                bn::sprite_tiles_manager::init()
 .text._ZN2bn20sprite_tiles_manager12_GLOBAL__N_117_insert_free_itemEiPt
                0x000000000800b920       0xcc bn_sprite_tiles_manager.o
 .text._ZN2bn20sprite_tiles_manager12_GLOBAL__N_116_erase_free_itemEi
                0x000000000800b9ec       0xe4 bn_sprite_tiles_manager.o
 .text._ZN2bn14iunordered_mapIPKNS_4tileEiNS_4hashIS3_EENS_8equal_toIS3_EEE5eraseERKNS8_14const_iteratorE.isra.0
                0x000000000800bad0      0x178 bn_sprite_tiles_manager.o
 .text._ZN2bn20sprite_tiles_manager6updateEv
                0x000000000800bc48      0x234 bn_sprite_tiles_manager.o
                0x000000000800bc48                bn::sprite_tiles_manager::update()
 .text.startup._GLOBAL__sub_I__ZN2bn12sprite_tiles16used_tiles_countEv
                0x000000000800be7c      0x11c bn_sprite_tiles_manager.o
 .text._ZN2bn15sprites_manager12_GLOBAL__N_125_update_indexes_to_commitERKNS_20sprites_manager_itemE
                0x000000000800bf98       0x48 bn_sprites_manager.o
 .text._ZN2bn13ostringstream11append_argsIiJA4_ciEEEvRKT_DpRKT0_.isra.0
                0x000000000800bfe0       0x24 bn_sprites_manager.o
 .text._ZN2bn15sprites_manager12_GLOBAL__N_123_update_item_dimensionsERNS_20sprites_manager_itemE
                0x000000000800c004       0xcc bn_sprites_manager.o
 .text._ZN2bn15sprites_manager4initEv
                0x000000000800c0d0       0x34 bn_sprites_manager.o
                0x000000000800c0d0                bn::sprites_manager::init()
 .text._ZN2bn15sprites_manager5hw_idEPv
                0x000000000800c104        0x8 bn_sprites_manager.o
                0x000000000800c104                bn::sprites_manager::hw_id(void*)
 .text._ZN2bn15sprites_manager5shapeEPv
                0x000000000800c10c        0x8 bn_sprites_manager.o
                0x000000000800c10c                bn::sprites_manager::shape(void*)
 .text._ZN2bn15sprites_manager4sizeEPv
                0x000000000800c114        0x8 bn_sprites_manager.o
                0x000000000800c114                bn::sprites_manager::size(void*)
 .text._ZN2bn15sprites_manager10shape_sizeEPv
                0x000000000800c11c       0x14 bn_sprites_manager.o
                0x000000000800c11c                bn::sprites_manager::shape_size(void*)
 .text._ZN2bn15sprites_manager11hw_positionEPv
                0x000000000800c130        0x4 bn_sprites_manager.o
                0x000000000800c130                bn::sprites_manager::hw_position(void*)
 .text._ZN2bn15sprites_manager9view_modeEPv
                0x000000000800c134        0xc bn_sprites_manager.o
                0x000000000800c134                bn::sprites_manager::view_mode(void*)
 .text._ZN2bn15sprites_manager10affine_matEPv
                0x000000000800c140        0x4 bn_sprites_manager.o
                0x000000000800c140                bn::sprites_manager::affine_mat(void*)
 .text._ZN2bn15sprites_manager39fill_hblank_effect_horizontal_positionsEPviPKNS_7fixed_tILi12EEEPt
                0x000000000800c144       0x44 bn_sprites_manager.o
                0x000000000800c144                bn::sprites_manager::fill_hblank_effect_horizontal_positions(void*, int, bn::fixed_t<12> const*, unsigned short*)
 .text._ZN2bn15sprites_manager37fill_hblank_effect_vertical_positionsEPviPKNS_7fixed_tILi12EEEPt
                0x000000000800c188       0x44 bn_sprites_manager.o
                0x000000000800c188                bn::sprites_manager::fill_hblank_effect_vertical_positions(void*, int, bn::fixed_t<12> const*, unsigned short*)
 .text._ZN2bn15sprites_manager35fill_hblank_effect_first_attributesEiNS_12sprite_shapeENS_8bpp_modeEiPKNS_23sprite_first_attributesEPt
                0x000000000800c1cc      0x108 bn_sprites_manager.o
                0x000000000800c1cc                bn::sprites_manager::fill_hblank_effect_first_attributes(int, bn::sprite_shape, bn::bpp_mode, int, bn::sprite_first_attributes const*, unsigned short*)
 .text._ZN2bn15sprites_manager44fill_hblank_effect_regular_second_attributesEPviNS_11sprite_sizeEPKNS_32sprite_regular_second_attributesEPt
                0x000000000800c2d4       0x60 bn_sprites_manager.o
                0x000000000800c2d4                bn::sprites_manager::fill_hblank_effect_regular_second_attributes(void*, int, bn::sprite_size, bn::sprite_regular_second_attributes const*, unsigned short*)
 .text._ZN2bn15sprites_manager43fill_hblank_effect_affine_second_attributesEPviNS_11sprite_sizeEPKNS_31sprite_affine_second_attributesEPt
                0x000000000800c334       0x58 bn_sprites_manager.o
                0x000000000800c334                bn::sprites_manager::fill_hblank_effect_affine_second_attributes(void*, int, bn::sprite_size, bn::sprite_affine_second_attributes const*, unsigned short*)
 .text._ZN2bn15sprites_manager14update_camerasEv
                0x000000000800c38c       0x2c bn_sprites_manager.o
                0x000000000800c38c                bn::sprites_manager::update_cameras()
 .text._ZN2bn15sprites_manager6commitEb
                0x000000000800c3b8       0xa4 bn_sprites_manager.o
                0x000000000800c3b8                bn::sprites_manager::commit(bool)
 .text._ZNK2bn17sprite_shape_size11tiles_countENS_8bpp_modeE
                0x000000000800c45c      0x150 bn_sprites_manager.o
                0x000000000800c45c                bn::sprite_shape_size::tiles_count(bn::bpp_mode) const
 .text._ZN2bn15sprites_manager12_GLOBAL__N_118_remove_affine_matERNS_20sprites_manager_itemE
                0x000000000800c5ac       0xd4 bn_sprites_manager.o
 .text._ZN2bn15sprites_manager40remove_identity_affine_mat_if_not_neededEPv
                0x000000000800c680       0x18 bn_sprites_manager.o
                0x000000000800c680                bn::sprites_manager::remove_identity_affine_mat_if_not_needed(void*)
 .text._ZN2bn15sprites_manager7paletteEPv
                0x000000000800c698       0x34 bn_sprites_manager.o
                0x000000000800c698                bn::sprites_manager::palette(void*)
 .text._ZN2bn15sprites_manager6updateEv
                0x000000000800c6cc      0x17c bn_sprites_manager.o
                0x000000000800c6cc                bn::sprites_manager::update()
 .text._ZN3_bn6assert9show_argsIJA27_ciA4_ciEEEvPKcS5_S5_iDpRKT_
                0x000000000800c848       0x5c bn_sprites_manager.o
                0x000000000800c848                void _bn::assert::show_args<char [27], int, char [4], int>(char const*, char const*, char const*, int, char const (&) [27], int const&, char const (&) [4], int const&)
 .text._ZN2bn15sprites_manager35fill_hblank_effect_third_attributesENS_17sprite_shape_sizeEPKNS_23sprite_third_attributesEPt
                0x000000000800c8a4       0xb4 bn_sprites_manager.o
                0x000000000800c8a4                bn::sprites_manager::fill_hblank_effect_third_attributes(bn::sprite_shape_size, bn::sprite_third_attributes const*, unsigned short*)
 .text.startup._GLOBAL__sub_I__ZN2bn7sprites16used_items_countEv
                0x000000000800c958       0x9c bn_sprites_manager.o
 .text.exit._GLOBAL__sub_D__ZN2bn7sprites16used_items_countEv
                0x000000000800c9f4       0x4c bn_sprites_manager.o
 .text._ZN2bn13ostringstreamC2ERNS_12istring_baseE
                0x000000000800ca40        0x8 bn_sstream.o
                0x000000000800ca40                bn::ostringstream::ostringstream(bn::istring_base&)
                0x000000000800ca40                bn::ostringstream::ostringstream(bn::istring_base&)
 .text._ZN2bn13ostringstream6appendEPKc
                0x000000000800ca48       0x88 bn_sstream.o
                0x000000000800ca48                bn::ostringstream::append(char const*)
 .text._ZN2bn13ostringstream6appendEi
                0x000000000800cad0       0x9c bn_sstream.o
                0x000000000800cad0                bn::ostringstream::append(int)
 .text._ZN2bn13ostringstream6appendERKNS_11string_viewE
                0x000000000800cb6c       0x94 bn_sstream.o
                0x000000000800cb6c                bn::ostringstream::append(bn::string_view const&)
 .text._ZN2bn13ostringstream6appendEj
                0x000000000800cc00       0x9c bn_sstream.o
                0x000000000800cc00                bn::ostringstream::append(unsigned int)
 .text._ZN2bn13ostringstream6appendEPKv
                0x000000000800cc9c       0xe8 bn_sstream.o
                0x000000000800cc9c                bn::ostringstream::append(void const*)
 .text._ZN2bn13ostringstream6appendEc
                0x000000000800cd84       0x44 bn_sstream.o
                0x000000000800cd84                bn::ostringstream::append(char)
 .text._ZN2bn5timerC2Ev
                0x000000000800cdc8       0x18 bn_timer.o
                0x000000000800cdc8                bn::timer::timer()
                0x000000000800cdc8                bn::timer::timer()
 .text._ZNK2bn5timer13elapsed_ticksEv
                0x000000000800cde0       0x38 bn_timer.o
                0x000000000800cde0                bn::timer::elapsed_ticks() const
 .text._ZN2bn5timer7restartEv
                0x000000000800ce18       0x18 bn_timer.o
                0x000000000800ce18                bn::timer::restart()
 .text._ZN2bn2hw5audio12_GLOBAL__N_124_disabled_vblank_handlerEv
                0x000000000800ce30       0x10 bn_hw_audio.bn_noflto.o
 .text._ZN2bn2hw5audio12_GLOBAL__N_17_commitEv
                0x000000000800ce40       0x7c bn_hw_audio.bn_noflto.o
 .text._ZN2bn2hw5audio12_GLOBAL__N_123_enabled_vblank_handlerEv
                0x000000000800cebc       0x24 bn_hw_audio.bn_noflto.o
 .text._ZN2bn2hw5audio4initEv
                0x000000000800cee0       0x68 bn_hw_audio.bn_noflto.o
                0x000000000800cee0                bn::hw::audio::init()
 .text._ZN2bn2hw5audio7disableEv
                0x000000000800cf48       0x30 bn_hw_audio.bn_noflto.o
                0x000000000800cf48                bn::hw::audio::disable()
 .text._ZN2bn2hw5audio13music_playingEv
                0x000000000800cf78       0x10 bn_hw_audio.bn_noflto.o
                0x000000000800cf78                bn::hw::audio::music_playing()
 .text._ZN2bn2hw5audio10play_musicEib
                0x000000000800cf88       0x24 bn_hw_audio.bn_noflto.o
                0x000000000800cf88                bn::hw::audio::play_music(int, bool)
 .text._ZN2bn2hw5audio10stop_musicEv
                0x000000000800cfac        0xc bn_hw_audio.bn_noflto.o
                0x000000000800cfac                bn::hw::audio::stop_music()
 .text._ZN2bn2hw5audio11pause_musicEv
                0x000000000800cfb8        0xc bn_hw_audio.bn_noflto.o
                0x000000000800cfb8                bn::hw::audio::pause_music()
 .text._ZN2bn2hw5audio12resume_musicEv
                0x000000000800cfc4        0xc bn_hw_audio.bn_noflto.o
                0x000000000800cfc4                bn::hw::audio::resume_music()
 .text._ZN2bn2hw5audio14music_positionEv
                0x000000000800cfd0        0xc bn_hw_audio.bn_noflto.o
                0x000000000800cfd0                bn::hw::audio::music_position()
 .text._ZN2bn2hw5audio18set_music_positionEi
                0x000000000800cfdc        0xc bn_hw_audio.bn_noflto.o
                0x000000000800cfdc                bn::hw::audio::set_music_position(int)
 .text._ZN2bn2hw5audio16set_music_volumeEi
                0x000000000800cfe8        0xc bn_hw_audio.bn_noflto.o
                0x000000000800cfe8                bn::hw::audio::set_music_volume(int)
 .text._ZN2bn2hw5audio15set_music_tempoEi
                0x000000000800cff4        0xc bn_hw_audio.bn_noflto.o
                0x000000000800cff4                bn::hw::audio::set_music_tempo(int)
 .text._ZN2bn2hw5audio15set_music_pitchEi
                0x000000000800d000        0xc bn_hw_audio.bn_noflto.o
                0x000000000800d000                bn::hw::audio::set_music_pitch(int)
 .text._ZN2bn2hw5audio22disable_vblank_handlerEv
                0x000000000800d00c       0x14 bn_hw_audio.bn_noflto.o
                0x000000000800d00c                bn::hw::audio::disable_vblank_handler()
 .text._ZN2bn2hw5audio6updateEb
                0x000000000800d020       0x18 bn_hw_audio.bn_noflto.o
                0x000000000800d020                bn::hw::audio::update(bool)
 .text._ZN2bn2hw5audio6commitEv
                0x000000000800d038       0x20 bn_hw_audio.bn_noflto.o
                0x000000000800d038                bn::hw::audio::commit()
 .text._ZN2bn2hw5audio12_GLOBAL__N_119_add_sound_to_queueEit
                0x000000000800d058       0xa0 bn_hw_audio.bn_noflto.o
 .text._ZN2bn2hw5audio15stop_all_soundsEv
                0x000000000800d0f8       0x6c bn_hw_audio.bn_noflto.o
                0x000000000800d0f8                bn::hw::audio::stop_all_sounds()
 .text._ZN2bn2hw5audio12_GLOBAL__N_119_check_sounds_queueEv.part.0
                0x000000000800d164       0x98 bn_hw_audio.bn_noflto.o
 .text._ZN2bn2hw5audio10play_soundEiiiii
                0x000000000800d1fc       0x44 bn_hw_audio.bn_noflto.o
                0x000000000800d1fc                bn::hw::audio::play_sound(int, int, int, int, int)
 .text._ZN2bn2hw5audio10play_soundEii
                0x000000000800d240       0x30 bn_hw_audio.bn_noflto.o
                0x000000000800d240                bn::hw::audio::play_sound(int, int)
 .text._ZN2bn2hw5audio19update_sounds_queueEv
                0x000000000800d270       0x90 bn_hw_audio.bn_noflto.o
                0x000000000800d270                bn::hw::audio::update_sounds_queue()
 .text.startup._GLOBAL__sub_I__ZN2bn2hw5audio4initEv
                0x000000000800d300       0x30 bn_hw_audio.bn_noflto.o
 .text.exit._GLOBAL__sub_D__ZN2bn2hw5audio4initEv
                0x000000000800d330       0x74 bn_hw_audio.bn_noflto.o
 .text._ZN3_bn6assert9show_argsIA40_cEEvPKcS4_S4_iRKT_
                0x000000000800d3a4       0x50 bn_hw_common.bn_noflto.o
                0x000000000800d3a4                void _bn::assert::show_args<char [40]>(char const*, char const*, char const*, int, char const (&) [40])
 .text.__aeabi_idiv0
                0x000000000800d3f4       0x24 bn_hw_common.bn_noflto.o
                0x000000000800d3f4                __aeabi_idiv0
 .text._ZN2bn2hw8game_pak14_slow_game_pakEv
                0x000000000800d418       0x88 bn_hw_game_pak.bn_ewram.o
                0x000000000800d418                bn::hw::game_pak::_slow_game_pak()
 .text._ZN2bn2hw8game_pak4initEv
                0x000000000800d4a0       0x28 bn_hw_game_pak.o
                0x000000000800d4a0                bn::hw::game_pak::init()
 .text._ZN2bn2hw3irq4initEv
                0x000000000800d4c8        0xc bn_hw_irq.o
                0x000000000800d4c8                bn::hw::irq::init()
 .text._ZN2bn2hw3irq7set_isrENS1_2idEPFvvE
                0x000000000800d4d4       0x10 bn_hw_irq.o
                0x000000000800d4d4                bn::hw::irq::set_isr(bn::hw::irq::id, void (*)())
 .text._ZN2bn2hw3irq6enableENS1_2idE
                0x000000000800d4e4       0x10 bn_hw_irq.o
                0x000000000800d4e4                bn::hw::irq::enable(bn::hw::irq::id)
 .text._ZN2bn2hw3irq7disableENS1_2idE
                0x000000000800d4f4       0x10 bn_hw_irq.o
                0x000000000800d4f4                bn::hw::irq::disable(bn::hw::irq::id)
 .text._ZN2bn2hw4link12_GLOBAL__N_119_resetStateCallbackEv
                0x000000000800d504       0x4c bn_hw_link.o
 .text._ZN2bn2hw4link4initEv
                0x000000000800d550       0xc0 bn_hw_link.o
                0x000000000800d550                bn::hw::link::init()
 .text._ZN2bn2hw4link6activeEv
                0x000000000800d610       0x10 bn_hw_link.o
                0x000000000800d610                bn::hw::link::active()
 .text._ZN2bn2hw4link7disableEv
                0x000000000800d620       0x6c bn_hw_link.o
                0x000000000800d620                bn::hw::link::disable()
 .text._ZN2bn2hw4link6commitEv
                0x000000000800d68c       0x30 bn_hw_link.o
                0x000000000800d68c                bn::hw::link::commit()
 .text._ZN2bn2hw4link11_timer_intrEv
                0x000000000800d6bc       0xf8 bn_hw_link.o
                0x000000000800d6bc                bn::hw::link::_timer_intr()
 .text._ZN2bn2hw4link12_serial_intrEv
                0x000000000800d7b4      0x1bc bn_hw_link.o
                0x000000000800d7b4                bn::hw::link::_serial_intr()
 .text._ZN2bn2hw4link12_GLOBAL__N_117_sendDataCallbackEv
                0x000000000800d970       0xe0 bn_hw_link.o
 .text._ZN2bn2hw4link12_GLOBAL__N_124_receiveResponseCallbackERK12LinkResponse
                0x000000000800da50      0x158 bn_hw_link.o
 .text.startup._GLOBAL__sub_I__ZN2bn2hw4link4initEv
                0x000000000800dba8       0x68 bn_hw_link.o
 .text._ZN2bn2hw3logERKNS_12istring_baseE
                0x000000000800dc10       0x58 bn_hw_log.o
                0x000000000800dc10                bn::hw::log(bn::istring_base const&)
 .text._ZN2bn2hw6memory4initEv
                0x000000000800dc68        0x4 bn_hw_memory.o
                0x000000000800dc68                bn::hw::memory::init()
 .text._ZN2bn2hw6memory16ewram_heap_startEv
                0x000000000800dc6c        0x8 bn_hw_memory.o
                0x000000000800dc6c                bn::hw::memory::ewram_heap_start()
 .text._ZN2bn2hw6memory14ewram_heap_endEv
                0x000000000800dc74        0x8 bn_hw_memory.o
                0x000000000800dc74                bn::hw::memory::ewram_heap_end()
 .text._ZN2bn2hw8palettes12_GLOBAL__N_110lut_effectEPKNS_5colorEPKhiPS3_
                0x000000000800dc7c       0x40 bn_hw_palettes.o
 .text._ZN2bn2hw8palettes10brightnessEPKNS_5colorEiiPS2_
                0x000000000800dcbc       0x54 bn_hw_palettes.o
                0x000000000800dcbc                bn::hw::palettes::brightness(bn::color const*, int, int, bn::color*)
 .text._ZN2bn2hw8palettes8contrastEPKNS_5colorEiiPS2_
                0x000000000800dd10       0x18 bn_hw_palettes.o
                0x000000000800dd10                bn::hw::palettes::contrast(bn::color const*, int, int, bn::color*)
 .text._ZN2bn2hw8palettes9intensityEPKNS_5colorEiiPS2_
                0x000000000800dd28       0x18 bn_hw_palettes.o
                0x000000000800dd28                bn::hw::palettes::intensity(bn::color const*, int, int, bn::color*)
 .text._ZN2bn2hw8palettes9hue_shiftEPKNS_5colorEiiPS2_
                0x000000000800dd40      0x154 bn_hw_palettes.o
                0x000000000800dd40                bn::hw::palettes::hue_shift(bn::color const*, int, int, bn::color*)
 .text._ZN2bn2hw8palettes6rotateEPKNS_5colorEiiPS2_
                0x000000000800de94       0x2c bn_hw_palettes.o
                0x000000000800de94                bn::hw::palettes::rotate(bn::color const*, int, int, bn::color*)
 .text._ZN2bn2hw4show5errorERKNS_11system_fontERKNS_11string_viewES7_S7_iS7_S7_
                0x000000000800dec0      0x318 bn_hw_show.o
                0x000000000800dec0                bn::hw::show::error(bn::system_font const&, bn::string_view const&, bn::string_view const&, bn::string_view const&, int, bn::string_view const&, bn::string_view const&)
 .text._ZN2bn2hw4sram4initEv
                0x000000000800e1d8       0x18 bn_hw_sram.o
                0x000000000800e1d8                bn::hw::sram::init()
 .text._ZN2bn11system_fontC2Ev
                0x000000000800e1f0       0x18 bn_hw_system_font.o
                0x000000000800e1f0                bn::system_font::system_font()
                0x000000000800e1f0                bn::system_font::system_font()
 .text._ZNK2bn11system_font8tte_fontEv
                0x000000000800e208        0x4 bn_hw_system_font.o
                0x000000000800e208                bn::system_font::tte_font() const
 .text._ZN2bn2hw4text5parseEiRNS_5arrayIcLi32EEE
                0x000000000800e20c       0xbc bn_hw_text.o
                0x000000000800e20c                bn::hw::text::parse(int, bn::array<char, 32>&)
 .text._ZN2bn2hw4text5parseEjRNS_5arrayIcLi32EEE
                0x000000000800e2c8       0xa0 bn_hw_text.o
                0x000000000800e2c8                bn::hw::text::parse(unsigned int, bn::array<char, 32>&)
 .text._ZN2bn2hw4text5parseEPKvRNS_5arrayIcLi32EEE
                0x000000000800e368       0x30 bn_hw_text.o
                0x000000000800e368                bn::hw::text::parse(void const*, bn::array<char, 32>&)
 .text.clr_grayscale
                0x000000000800e398       0x78 tonc_color.o
                0x000000000800e398                clr_grayscale
 .text.sbmp16_rect
                0x000000000800e410       0x64 tonc_sbmp16.o
                0x000000000800e410                sbmp16_rect
 .text.bmp16_drawg_b1cts
                0x000000000800e474       0xb0 bmp16_drawg_b1cs.o
                0x000000000800e474                bmp16_drawg_b1cts
 .text.bmp16_erase
                0x000000000800e524       0x24 tte_init_bmp.o
                0x000000000800e524                bmp16_erase
 .text.tte_init_bmp
                0x000000000800e548       0x60 tte_init_bmp.o
                0x000000000800e548                tte_init_bmp
 .text.dummy_drawg
                0x000000000800e5a8        0x4 tte_main.o
                0x000000000800e5a8                dummy_drawg
 .text.dummy_erase
                0x000000000800e5ac        0x4 tte_main.o
                0x000000000800e5ac                dummy_erase
 .text.tte_init_base
                0x000000000800e5b0       0x68 tte_main.o
                0x000000000800e5b0                tte_init_base
 .text.utf8_decode_char
                0x000000000800e618       0xb4 tte_main.o
                0x000000000800e618                utf8_decode_char
 .text.tte_write
                0x000000000800e6cc       0xe8 tte_main.o
                0x000000000800e6cc                tte_write
 .text.tte_get_text_size
                0x000000000800e7b4       0xa4 tte_main.o
                0x000000000800e7b4                tte_get_text_size
 .text.tte_set_margins
                0x000000000800e858       0x18 tte_main.o
                0x000000000800e858                tte_set_margins
 .text.IRQ_Init
                0x000000000800e870       0x48 interrupts_gba.o
                0x000000000800e870                IRQ_Init
 .text.IRQ_SetHandler
                0x000000000800e8b8       0x10 interrupts_gba.o
                0x000000000800e8b8                IRQ_SetHandler
 .text.IRQ_Enable
                0x000000000800e8c8       0x64 interrupts_gba.o
                0x000000000800e8c8                IRQ_Enable
 .text.IRQ_Disable
                0x000000000800e92c       0x60 interrupts_gba.o
                0x000000000800e92c                IRQ_Disable
 .text.channel3_refresh_registers
                0x000000000800e98c       0xd0 gbt_player.o
 .text.gbt_refresh_pattern_ptr
                0x000000000800ea5c       0x84 gbt_player.o
 .text.gbt_ch1234_nop
                0x000000000800eae0        0x4 gbt_player.o
 .text.gbt_ch1234_speed
                0x000000000800eae4       0x10 gbt_player.o
 .text.gbt_ch1234_jump_pattern
                0x000000000800eaf4       0x14 gbt_player.o
 .text.gbt_ch1234_jump_position
                0x000000000800eb08       0x1c gbt_player.o
 .text.gbt_ch1234_event
                0x000000000800eb24       0x24 gbt_player.o
 .text.gbt_ch1_pan
                0x000000000800eb48       0x10 gbt_player.o
 .text.gbt_ch1_cut_note
                0x000000000800eb58       0x10 gbt_player.o
 .text.gbt_ch1_arpeggio
                0x000000000800eb68       0x34 gbt_player.o
 .text.gbt_ch1_vibrato
                0x000000000800eb9c       0x20 gbt_player.o
 .text.gbt_ch1_volslide
                0x000000000800ebbc       0x10 gbt_player.o
 .text.gbt_ch2_pan
                0x000000000800ebcc       0x10 gbt_player.o
 .text.gbt_ch2_cut_note
                0x000000000800ebdc       0x10 gbt_player.o
 .text.gbt_ch2_arpeggio
                0x000000000800ebec       0x34 gbt_player.o
 .text.gbt_ch2_vibrato
                0x000000000800ec20       0x20 gbt_player.o
 .text.gbt_ch2_volslide
                0x000000000800ec40       0x10 gbt_player.o
 .text.gbt_ch3_pan
                0x000000000800ec50       0x10 gbt_player.o
 .text.gbt_ch3_cut_note
                0x000000000800ec60       0x10 gbt_player.o
 .text.gbt_ch3_arpeggio
                0x000000000800ec70       0x34 gbt_player.o
 .text.gbt_ch3_vibrato
                0x000000000800eca4       0x20 gbt_player.o
 .text.gbt_ch4_pan
                0x000000000800ecc4       0x14 gbt_player.o
 .text.gbt_ch4_cut_note
                0x000000000800ecd8       0x10 gbt_player.o
 .text.gbt_ch4_volslide
                0x000000000800ece8       0x10 gbt_player.o
 .text.gbt_update_refresh_panning
                0x000000000800ecf8       0x50 gbt_player.o
 .text.gbt_run_startup_commands.part.0
                0x000000000800ed48       0xd0 gbt_player.o
 .text.gbt_update_effects_internal
                0x000000000800ee18      0x2cc gbt_player.o
 .text.gbt_play
                0x000000000800f0e4      0x1dc gbt_player.o
                0x000000000800f0e4                gbt_play
 .text.gbt_volume
                0x000000000800f2c0       0x68 gbt_player.o
                0x000000000800f2c0                gbt_volume
 .text.gbt_is_playing
                0x000000000800f328        0xc gbt_player.o
                0x000000000800f328                gbt_is_playing
 .text.gbt_pause
                0x000000000800f334       0x48 gbt_player.o
                0x000000000800f334                gbt_pause
 .text.gbt_loop
                0x000000000800f37c        0xc gbt_player.o
                0x000000000800f37c                gbt_loop
 .text.gbt_stop
                0x000000000800f388       0x24 gbt_player.o
                0x000000000800f388                gbt_stop
 .text.gbt_update
                0x000000000800f3ac      0x678 gbt_player.o
                0x000000000800f3ac                gbt_update
 .text.gbt_get_position
                0x000000000800fa24       0x4c gbt_player.o
                0x000000000800fa24                gbt_get_position
 .text.gbt_set_position
                0x000000000800fa70       0xe0 gbt_player.o
                0x000000000800fa70                gbt_set_position
 .text          0x000000000800fb50       0x8c tonc_bios.o
                0x000000000800fb50                SoftReset
                0x000000000800fb54                RegisterRamReset
                0x000000000800fb58                Halt
                0x000000000800fb5c                Stop
                0x000000000800fb60                IntrWait
                0x000000000800fb64                VBlankIntrWait
                0x000000000800fb68                Div
                0x000000000800fb6c                DivArm
                0x000000000800fb70                Sqrt
                0x000000000800fb74                ArcTan
                0x000000000800fb78                ArcTan2
                0x000000000800fb7c                CpuSet
                0x000000000800fb80                CpuFastSet
                0x000000000800fb84                BiosCheckSum
                0x000000000800fb88                BgAffineSet
                0x000000000800fb8c                ObjAffineSet
                0x000000000800fb90                BitUnPack
                0x000000000800fb94                LZ77UnCompWram
                0x000000000800fb98                LZ77UnCompVram
                0x000000000800fb9c                HuffUnComp
                0x000000000800fba0                RLUnCompWram
                0x000000000800fba4                RLUnCompVram
                0x000000000800fba8                Diff8bitUnFilterWram
                0x000000000800fbac                Diff8bitUnFilterVram
                0x000000000800fbb0                Diff16bitUnFilter
                0x000000000800fbb4                SoundBias
                0x000000000800fbb8                SoundDriverInit
                0x000000000800fbbc                SoundDriverMode